Archive member included because of file (symbol)

c:/ti/ccsv6/tools/compiler/gcc-arm-none-eabi-4_9-2015q3/bin/../lib/gcc/arm-none-eabi/4.9.3/../../../../arm-none-eabi/lib/armv7e-m/fpu\libc.a(lib_a-exit.o)
                              c:/ti/ccsv6/tools/compiler/gcc-arm-none-eabi-4_9-2015q3/bin/../lib/gcc/arm-none-eabi/4.9.3/../../../../arm-none-eabi/lib/armv7e-m/fpu/crt0.o (exit)
c:/ti/ccsv6/tools/compiler/gcc-arm-none-eabi-4_9-2015q3/bin/../lib/gcc/arm-none-eabi/4.9.3/../../../../arm-none-eabi/lib/armv7e-m/fpu\libc.a(lib_a-impure.o)
                              c:/ti/ccsv6/tools/compiler/gcc-arm-none-eabi-4_9-2015q3/bin/../lib/gcc/arm-none-eabi/4.9.3/../../../../arm-none-eabi/lib/armv7e-m/fpu\libc.a(lib_a-exit.o) (_global_impure_ptr)
c:/ti/ccsv6/tools/compiler/gcc-arm-none-eabi-4_9-2015q3/bin/../lib/gcc/arm-none-eabi/4.9.3/../../../../arm-none-eabi/lib/armv7e-m/fpu\libc.a(lib_a-init.o)
                              c:/ti/ccsv6/tools/compiler/gcc-arm-none-eabi-4_9-2015q3/bin/../lib/gcc/arm-none-eabi/4.9.3/../../../../arm-none-eabi/lib/armv7e-m/fpu/crt0.o (__libc_init_array)
c:/ti/ccsv6/tools/compiler/gcc-arm-none-eabi-4_9-2015q3/bin/../lib/gcc/arm-none-eabi/4.9.3/../../../../arm-none-eabi/lib/armv7e-m/fpu\libc.a(lib_a-memset.o)
                              c:/ti/ccsv6/tools/compiler/gcc-arm-none-eabi-4_9-2015q3/bin/../lib/gcc/arm-none-eabi/4.9.3/../../../../arm-none-eabi/lib/armv7e-m/fpu/crt0.o (memset)
c:/ti/ccsv6/tools/compiler/gcc-arm-none-eabi-4_9-2015q3/bin/../lib/gcc/arm-none-eabi/4.9.3/../../../../arm-none-eabi/lib/armv7e-m/fpu\libc.a(lib_a-__call_atexit.o)
                              c:/ti/ccsv6/tools/compiler/gcc-arm-none-eabi-4_9-2015q3/bin/../lib/gcc/arm-none-eabi/4.9.3/../../../../arm-none-eabi/lib/armv7e-m/fpu\libc.a(lib_a-exit.o) (__call_exitprocs)
c:/ti/ccsv6/tools/compiler/gcc-arm-none-eabi-4_9-2015q3/bin/../lib/gcc/arm-none-eabi/4.9.3/../../../../arm-none-eabi/lib/armv7e-m/fpu\libc.a(lib_a-atexit.o)
                              c:/ti/ccsv6/tools/compiler/gcc-arm-none-eabi-4_9-2015q3/bin/../lib/gcc/arm-none-eabi/4.9.3/../../../../arm-none-eabi/lib/armv7e-m/fpu\libc.a(lib_a-__call_atexit.o) (atexit)
c:/ti/ccsv6/tools/compiler/gcc-arm-none-eabi-4_9-2015q3/bin/../lib/gcc/arm-none-eabi/4.9.3/../../../../arm-none-eabi/lib/armv7e-m/fpu\libc.a(lib_a-fini.o)
                              c:/ti/ccsv6/tools/compiler/gcc-arm-none-eabi-4_9-2015q3/bin/../lib/gcc/arm-none-eabi/4.9.3/../../../../arm-none-eabi/lib/armv7e-m/fpu\libc.a(lib_a-__call_atexit.o) (__libc_fini_array)
c:/ti/ccsv6/tools/compiler/gcc-arm-none-eabi-4_9-2015q3/bin/../lib/gcc/arm-none-eabi/4.9.3/../../../../arm-none-eabi/lib/armv7e-m/fpu\libc.a(lib_a-__atexit.o)
                              c:/ti/ccsv6/tools/compiler/gcc-arm-none-eabi-4_9-2015q3/bin/../lib/gcc/arm-none-eabi/4.9.3/../../../../arm-none-eabi/lib/armv7e-m/fpu\libc.a(lib_a-atexit.o) (__register_exitproc)
c:/ti/ccsv6/tools/compiler/gcc-arm-none-eabi-4_9-2015q3/bin/../lib/gcc/arm-none-eabi/4.9.3/../../../../arm-none-eabi/lib/armv7e-m/fpu\libnosys.a(_exit.o)
                              c:/ti/ccsv6/tools/compiler/gcc-arm-none-eabi-4_9-2015q3/bin/../lib/gcc/arm-none-eabi/4.9.3/../../../../arm-none-eabi/lib/armv7e-m/fpu\libc.a(lib_a-exit.o) (_exit)

Memory Configuration

Name             Origin             Length             Attributes
FLASH            0x00000000         0x00040000         xr
SRAM             0x20000000         0x00008000         xw
*default*        0x00000000         0xffffffff

Linker script and memory map

LOAD c:/ti/ccsv6/tools/compiler/gcc-arm-none-eabi-4_9-2015q3/bin/../lib/gcc/arm-none-eabi/4.9.3/armv7e-m/fpu/crti.o
LOAD c:/ti/ccsv6/tools/compiler/gcc-arm-none-eabi-4_9-2015q3/bin/../lib/gcc/arm-none-eabi/4.9.3/armv7e-m/fpu/crtbegin.o
LOAD c:/ti/ccsv6/tools/compiler/gcc-arm-none-eabi-4_9-2015q3/bin/../lib/gcc/arm-none-eabi/4.9.3/../../../../arm-none-eabi/lib/armv7e-m/fpu/crt0.o
LOAD ./main.o
LOAD ./tm4c123gh6pm_startup_ccs_gcc.o
LOAD ./driverlib/adc.o
LOAD ./driverlib/aes.o
LOAD ./driverlib/can.o
LOAD ./driverlib/comp.o
LOAD ./driverlib/cpu.o
LOAD ./driverlib/crc.o
LOAD ./driverlib/des.o
LOAD ./driverlib/eeprom.o
LOAD ./driverlib/emac.o
LOAD ./driverlib/epi.o
LOAD ./driverlib/flash.o
LOAD ./driverlib/fpu.o
LOAD ./driverlib/gpio.o
LOAD ./driverlib/hibernate.o
LOAD ./driverlib/i2c.o
LOAD ./driverlib/interrupt.o
LOAD ./driverlib/lcd.o
LOAD ./driverlib/mpu.o
LOAD ./driverlib/onewire.o
LOAD ./driverlib/pwm.o
LOAD ./driverlib/qei.o
LOAD ./driverlib/shamd5.o
LOAD ./driverlib/ssi.o
LOAD ./driverlib/sw_crc.o
LOAD ./driverlib/sysctl.o
LOAD ./driverlib/sysexc.o
LOAD ./driverlib/systick.o
LOAD ./driverlib/timer.o
LOAD ./driverlib/uart.o
LOAD ./driverlib/udma.o
LOAD ./driverlib/usb.o
LOAD ./driverlib/watchdog.o
                0x00000000                PROVIDE (_intvecs_base_address, 0x0)

.intvecs        0x00000000      0x26c
 *(.intvecs)
 .intvecs       0x00000000      0x26c ./tm4c123gh6pm_startup_ccs_gcc.o
                0x00000000                g_pfnVectors
                0x20000000                PROVIDE (_vtable_base_address, 0x20000000)

.vtable
 *(.vtable)

.text           0x0000026c     0xf410
 CREATE_OBJECT_SYMBOLS
 *(.text)
 .text          0x0000026c        0x0 c:/ti/ccsv6/tools/compiler/gcc-arm-none-eabi-4_9-2015q3/bin/../lib/gcc/arm-none-eabi/4.9.3/armv7e-m/fpu/crti.o
 .text          0x0000026c       0x5c c:/ti/ccsv6/tools/compiler/gcc-arm-none-eabi-4_9-2015q3/bin/../lib/gcc/arm-none-eabi/4.9.3/armv7e-m/fpu/crtbegin.o
 .text          0x000002c8       0x74 c:/ti/ccsv6/tools/compiler/gcc-arm-none-eabi-4_9-2015q3/bin/../lib/gcc/arm-none-eabi/4.9.3/../../../../arm-none-eabi/lib/armv7e-m/fpu/crt0.o
                0x000002c8                _start
                0x000002c8                _mainCRTStartup
 .text          0x0000033c        0x0 ./main.o
 .text          0x0000033c        0x0 ./tm4c123gh6pm_startup_ccs_gcc.o
 .text          0x0000033c        0x0 ./driverlib/adc.o
 .text          0x0000033c        0x0 ./driverlib/aes.o
 .text          0x0000033c        0x0 ./driverlib/can.o
 .text          0x0000033c        0x0 ./driverlib/comp.o
 .text          0x0000033c        0x0 ./driverlib/cpu.o
 .text          0x0000033c        0x0 ./driverlib/crc.o
 .text          0x0000033c        0x0 ./driverlib/des.o
 .text          0x0000033c        0x0 ./driverlib/eeprom.o
 .text          0x0000033c        0x0 ./driverlib/emac.o
 .text          0x0000033c        0x0 ./driverlib/epi.o
 .text          0x0000033c        0x0 ./driverlib/flash.o
 .text          0x0000033c        0x0 ./driverlib/fpu.o
 .text          0x0000033c        0x0 ./driverlib/gpio.o
 .text          0x0000033c        0x0 ./driverlib/hibernate.o
 .text          0x0000033c        0x0 ./driverlib/i2c.o
 .text          0x0000033c        0x0 ./driverlib/interrupt.o
 .text          0x0000033c        0x0 ./driverlib/lcd.o
 .text          0x0000033c        0x0 ./driverlib/mpu.o
 .text          0x0000033c        0x0 ./driverlib/onewire.o
 .text          0x0000033c        0x0 ./driverlib/pwm.o
 .text          0x0000033c        0x0 ./driverlib/qei.o
 .text          0x0000033c        0x0 ./driverlib/shamd5.o
 .text          0x0000033c        0x0 ./driverlib/ssi.o
 .text          0x0000033c        0x0 ./driverlib/sw_crc.o
 .text          0x0000033c        0x0 ./driverlib/sysctl.o
 .text          0x0000033c        0x0 ./driverlib/sysexc.o
 .text          0x0000033c        0x0 ./driverlib/systick.o
 .text          0x0000033c        0x0 ./driverlib/timer.o
 .text          0x0000033c        0x0 ./driverlib/uart.o
 .text          0x0000033c        0x0 ./driverlib/udma.o
 .text          0x0000033c        0x0 ./driverlib/usb.o
 .text          0x0000033c        0x0 ./driverlib/watchdog.o
 .text          0x0000033c        0x0 c:/ti/ccsv6/tools/compiler/gcc-arm-none-eabi-4_9-2015q3/bin/../lib/gcc/arm-none-eabi/4.9.3/../../../../arm-none-eabi/lib/armv7e-m/fpu\libc.a(lib_a-exit.o)
 .text          0x0000033c        0x0 c:/ti/ccsv6/tools/compiler/gcc-arm-none-eabi-4_9-2015q3/bin/../lib/gcc/arm-none-eabi/4.9.3/../../../../arm-none-eabi/lib/armv7e-m/fpu\libc.a(lib_a-impure.o)
 .text          0x0000033c        0x0 c:/ti/ccsv6/tools/compiler/gcc-arm-none-eabi-4_9-2015q3/bin/../lib/gcc/arm-none-eabi/4.9.3/../../../../arm-none-eabi/lib/armv7e-m/fpu\libc.a(lib_a-init.o)
 .text          0x0000033c        0x0 c:/ti/ccsv6/tools/compiler/gcc-arm-none-eabi-4_9-2015q3/bin/../lib/gcc/arm-none-eabi/4.9.3/../../../../arm-none-eabi/lib/armv7e-m/fpu\libc.a(lib_a-memset.o)
 .text          0x0000033c        0x0 c:/ti/ccsv6/tools/compiler/gcc-arm-none-eabi-4_9-2015q3/bin/../lib/gcc/arm-none-eabi/4.9.3/../../../../arm-none-eabi/lib/armv7e-m/fpu\libc.a(lib_a-__call_atexit.o)
 .text          0x0000033c        0x0 c:/ti/ccsv6/tools/compiler/gcc-arm-none-eabi-4_9-2015q3/bin/../lib/gcc/arm-none-eabi/4.9.3/../../../../arm-none-eabi/lib/armv7e-m/fpu\libc.a(lib_a-atexit.o)
 .text          0x0000033c        0x0 c:/ti/ccsv6/tools/compiler/gcc-arm-none-eabi-4_9-2015q3/bin/../lib/gcc/arm-none-eabi/4.9.3/../../../../arm-none-eabi/lib/armv7e-m/fpu\libc.a(lib_a-fini.o)
 .text          0x0000033c        0x0 c:/ti/ccsv6/tools/compiler/gcc-arm-none-eabi-4_9-2015q3/bin/../lib/gcc/arm-none-eabi/4.9.3/../../../../arm-none-eabi/lib/armv7e-m/fpu\libc.a(lib_a-__atexit.o)
 .text          0x0000033c        0x0 c:/ti/ccsv6/tools/compiler/gcc-arm-none-eabi-4_9-2015q3/bin/../lib/gcc/arm-none-eabi/4.9.3/../../../../arm-none-eabi/lib/armv7e-m/fpu\libnosys.a(_exit.o)
 .text          0x0000033c        0x0 c:/ti/ccsv6/tools/compiler/gcc-arm-none-eabi-4_9-2015q3/bin/../lib/gcc/arm-none-eabi/4.9.3/armv7e-m/fpu/crtend.o
 .text          0x0000033c        0x0 c:/ti/ccsv6/tools/compiler/gcc-arm-none-eabi-4_9-2015q3/bin/../lib/gcc/arm-none-eabi/4.9.3/armv7e-m/fpu/crtn.o
 *(.text.*)
 .text.main     0x0000033c       0x74 ./main.o
                0x0000033c                main
 .text.ResetISR
                0x000003b0       0x68 ./tm4c123gh6pm_startup_ccs_gcc.o
                0x000003b0                ResetISR
 .text.NmiSR    0x00000418        0x8 ./tm4c123gh6pm_startup_ccs_gcc.o
 .text.FaultISR
                0x00000420        0x8 ./tm4c123gh6pm_startup_ccs_gcc.o
 .text.IntDefaultHandler
                0x00000428        0x8 ./tm4c123gh6pm_startup_ccs_gcc.o
 .text._ADCIntNumberGet
                0x00000430       0x78 ./driverlib/adc.o
 .text.ADCIntRegister
                0x000004a8       0x2c ./driverlib/adc.o
                0x000004a8                ADCIntRegister
 .text.ADCIntUnregister
                0x000004d4       0x28 ./driverlib/adc.o
                0x000004d4                ADCIntUnregister
 .text.ADCIntDisable
                0x000004fc       0x30 ./driverlib/adc.o
                0x000004fc                ADCIntDisable
 .text.ADCIntEnable
                0x0000052c       0x3c ./driverlib/adc.o
                0x0000052c                ADCIntEnable
 .text.ADCIntStatus
                0x00000568       0x74 ./driverlib/adc.o
                0x00000568                ADCIntStatus
 .text.ADCIntClear
                0x000005dc       0x24 ./driverlib/adc.o
                0x000005dc                ADCIntClear
 .text.ADCSequenceEnable
                0x00000600       0x28 ./driverlib/adc.o
                0x00000600                ADCSequenceEnable
 .text.ADCSequenceDisable
                0x00000628       0x28 ./driverlib/adc.o
                0x00000628                ADCSequenceDisable
 .text.ADCSequenceConfigure
                0x00000650       0x9c ./driverlib/adc.o
                0x00000650                ADCSequenceConfigure
 .text.ADCSequenceStepConfigure
                0x000006ec      0x140 ./driverlib/adc.o
                0x000006ec                ADCSequenceStepConfigure
 .text.ADCSequenceOverflow
                0x0000082c       0x28 ./driverlib/adc.o
                0x0000082c                ADCSequenceOverflow
 .text.ADCSequenceOverflowClear
                0x00000854       0x24 ./driverlib/adc.o
                0x00000854                ADCSequenceOverflowClear
 .text.ADCSequenceUnderflow
                0x00000878       0x28 ./driverlib/adc.o
                0x00000878                ADCSequenceUnderflow
 .text.ADCSequenceUnderflowClear
                0x000008a0       0x24 ./driverlib/adc.o
                0x000008a0                ADCSequenceUnderflowClear
 .text.ADCSequenceDataGet
                0x000008c4       0x54 ./driverlib/adc.o
                0x000008c4                ADCSequenceDataGet
 .text.ADCProcessorTrigger
                0x00000918       0x38 ./driverlib/adc.o
                0x00000918                ADCProcessorTrigger
 .text.ADCSoftwareOversampleConfigure
                0x00000950       0x48 ./driverlib/adc.o
                0x00000950                ADCSoftwareOversampleConfigure
 .text.ADCSoftwareOversampleStepConfigure
                0x00000998       0xfc ./driverlib/adc.o
                0x00000998                ADCSoftwareOversampleStepConfigure
 .text.ADCSoftwareOversampleDataGet
                0x00000a94       0x78 ./driverlib/adc.o
                0x00000a94                ADCSoftwareOversampleDataGet
 .text.ADCHardwareOversampleConfigure
                0x00000b0c       0x3c ./driverlib/adc.o
                0x00000b0c                ADCHardwareOversampleConfigure
 .text.ADCComparatorConfigure
                0x00000b48       0x28 ./driverlib/adc.o
                0x00000b48                ADCComparatorConfigure
 .text.ADCComparatorRegionSet
                0x00000b70       0x30 ./driverlib/adc.o
                0x00000b70                ADCComparatorRegionSet
 .text.ADCComparatorReset
                0x00000ba0       0x60 ./driverlib/adc.o
                0x00000ba0                ADCComparatorReset
 .text.ADCComparatorIntDisable
                0x00000c00       0x30 ./driverlib/adc.o
                0x00000c00                ADCComparatorIntDisable
 .text.ADCComparatorIntEnable
                0x00000c30       0x30 ./driverlib/adc.o
                0x00000c30                ADCComparatorIntEnable
 .text.ADCComparatorIntStatus
                0x00000c60       0x1c ./driverlib/adc.o
                0x00000c60                ADCComparatorIntStatus
 .text.ADCComparatorIntClear
                0x00000c7c       0x20 ./driverlib/adc.o
                0x00000c7c                ADCComparatorIntClear
 .text.ADCIntDisableEx
                0x00000c9c       0x28 ./driverlib/adc.o
                0x00000c9c                ADCIntDisableEx
 .text.ADCIntEnableEx
                0x00000cc4       0x28 ./driverlib/adc.o
                0x00000cc4                ADCIntEnableEx
 .text.ADCIntStatusEx
                0x00000cec       0x44 ./driverlib/adc.o
                0x00000cec                ADCIntStatusEx
 .text.ADCIntClearEx
                0x00000d30       0x20 ./driverlib/adc.o
                0x00000d30                ADCIntClearEx
 .text.ADCReferenceSet
                0x00000d50       0x2c ./driverlib/adc.o
                0x00000d50                ADCReferenceSet
 .text.ADCReferenceGet
                0x00000d7c       0x20 ./driverlib/adc.o
                0x00000d7c                ADCReferenceGet
 .text.ADCPhaseDelaySet
                0x00000d9c       0x20 ./driverlib/adc.o
                0x00000d9c                ADCPhaseDelaySet
 .text.ADCPhaseDelayGet
                0x00000dbc       0x1c ./driverlib/adc.o
                0x00000dbc                ADCPhaseDelayGet
 .text.ADCSequenceDMAEnable
                0x00000dd8       0x28 ./driverlib/adc.o
                0x00000dd8                ADCSequenceDMAEnable
 .text.ADCSequenceDMADisable
                0x00000e00       0x2c ./driverlib/adc.o
                0x00000e00                ADCSequenceDMADisable
 .text.ADCBusy  0x00000e2c       0x28 ./driverlib/adc.o
                0x00000e2c                ADCBusy
 .text.ADCClockConfigSet
                0x00000e54       0x40 ./driverlib/adc.o
                0x00000e54                ADCClockConfigSet
 .text.ADCClockConfigGet
                0x00000e94       0x4c ./driverlib/adc.o
                0x00000e94                ADCClockConfigGet
 .text.AESReset
                0x00000ee0       0x34 ./driverlib/aes.o
                0x00000ee0                AESReset
 .text.AESConfigSet
                0x00000f14       0x34 ./driverlib/aes.o
                0x00000f14                AESConfigSet
 .text.AESKey1Set
                0x00000f48       0x84 ./driverlib/aes.o
                0x00000f48                AESKey1Set
 .text.AESKey2Set
                0x00000fcc       0x80 ./driverlib/aes.o
                0x00000fcc                AESKey2Set
 .text.AESKey3Set
                0x0000104c       0x40 ./driverlib/aes.o
                0x0000104c                AESKey3Set
 .text.AESIVSet
                0x0000108c       0x44 ./driverlib/aes.o
                0x0000108c                AESIVSet
 .text.AESIVRead
                0x000010d0       0x54 ./driverlib/aes.o
                0x000010d0                AESIVRead
 .text.AESTagRead
                0x00001124       0x54 ./driverlib/aes.o
                0x00001124                AESTagRead
 .text.AESLengthSet
                0x00001178       0x30 ./driverlib/aes.o
                0x00001178                AESLengthSet
 .text.AESAuthLengthSet
                0x000011a8       0x20 ./driverlib/aes.o
                0x000011a8                AESAuthLengthSet
 .text.AESDataReadNonBlocking
                0x000011c8       0x58 ./driverlib/aes.o
                0x000011c8                AESDataReadNonBlocking
 .text.AESDataRead
                0x00001220       0x54 ./driverlib/aes.o
                0x00001220                AESDataRead
 .text.AESDataWriteNonBlocking
                0x00001274       0x5c ./driverlib/aes.o
                0x00001274                AESDataWriteNonBlocking
 .text.AESDataWrite
                0x000012d0       0x54 ./driverlib/aes.o
                0x000012d0                AESDataWrite
 .text.AESDataProcess
                0x00001324       0x64 ./driverlib/aes.o
                0x00001324                AESDataProcess
 .text.AESDataAuth
                0x00001388       0x54 ./driverlib/aes.o
                0x00001388                AESDataAuth
 .text.AESDataProcessAuth
                0x000013dc       0x94 ./driverlib/aes.o
                0x000013dc                AESDataProcessAuth
 .text.AESIntStatus
                0x00001470       0x8c ./driverlib/aes.o
                0x00001470                AESIntStatus
 .text.AESIntEnable
                0x000014fc       0x5c ./driverlib/aes.o
                0x000014fc                AESIntEnable
 .text.AESIntDisable
                0x00001558       0x60 ./driverlib/aes.o
                0x00001558                AESIntDisable
 .text.AESIntClear
                0x000015b8       0x3c ./driverlib/aes.o
                0x000015b8                AESIntClear
 .text.AESIntRegister
                0x000015f4       0x20 ./driverlib/aes.o
                0x000015f4                AESIntRegister
 .text.AESIntUnregister
                0x00001614       0x1c ./driverlib/aes.o
                0x00001614                AESIntUnregister
 .text.AESDMAEnable
                0x00001630       0x28 ./driverlib/aes.o
                0x00001630                AESDMAEnable
 .text.AESDMADisable
                0x00001658       0x28 ./driverlib/aes.o
                0x00001658                AESDMADisable
 .text._CANIntNumberGet
                0x00001680       0x84 ./driverlib/can.o
 .text._CANDataRegWrite
                0x00001704       0x5c ./driverlib/can.o
 .text._CANDataRegRead
                0x00001760       0x58 ./driverlib/can.o
 .text.CANInit  0x000017b8       0xb0 ./driverlib/can.o
                0x000017b8                CANInit
 .text.CANEnable
                0x00001868       0x20 ./driverlib/can.o
                0x00001868                CANEnable
 .text.CANDisable
                0x00001888       0x20 ./driverlib/can.o
                0x00001888                CANDisable
 .text.CANBitTimingGet
                0x000018a8       0x60 ./driverlib/can.o
                0x000018a8                CANBitTimingGet
 .text.CANBitRateSet
                0x00001908       0xd4 ./driverlib/can.o
                0x00001908                CANBitRateSet
 .text.CANBitTimingSet
                0x000019dc       0xa4 ./driverlib/can.o
                0x000019dc                CANBitTimingSet
 .text.CANIntRegister
                0x00001a80       0x28 ./driverlib/can.o
                0x00001a80                CANIntRegister
 .text.CANIntUnregister
                0x00001aa8       0x24 ./driverlib/can.o
                0x00001aa8                CANIntUnregister
 .text.CANIntEnable
                0x00001acc       0x20 ./driverlib/can.o
                0x00001acc                CANIntEnable
 .text.CANIntDisable
                0x00001aec       0x24 ./driverlib/can.o
                0x00001aec                CANIntDisable
 .text.CANIntStatus
                0x00001b10       0x54 ./driverlib/can.o
                0x00001b10                CANIntStatus
 .text.CANIntClear
                0x00001b64       0x5c ./driverlib/can.o
                0x00001b64                CANIntClear
 .text.CANRetrySet
                0x00001bc0       0x3c ./driverlib/can.o
                0x00001bc0                CANRetrySet
 .text.CANRetryGet
                0x00001bfc       0x28 ./driverlib/can.o
                0x00001bfc                CANRetryGet
 .text.CANStatusGet
                0x00001c24       0xa8 ./driverlib/can.o
                0x00001c24                CANStatusGet
 .text.CANErrCntrGet
                0x00001ccc       0x44 ./driverlib/can.o
                0x00001ccc                CANErrCntrGet
 .text.CANMessageSet
                0x00001d10      0x278 ./driverlib/can.o
                0x00001d10                CANMessageSet
 .text.CANMessageGet
                0x00001f88      0x244 ./driverlib/can.o
                0x00001f88                CANMessageGet
 .text.CANMessageClear
                0x000021cc       0x50 ./driverlib/can.o
                0x000021cc                CANMessageClear
 .text.ComparatorConfigure
                0x0000221c       0x28 ./driverlib/comp.o
                0x0000221c                ComparatorConfigure
 .text.ComparatorRefSet
                0x00002244       0x20 ./driverlib/comp.o
                0x00002244                ComparatorRefSet
 .text.ComparatorValueGet
                0x00002264       0x30 ./driverlib/comp.o
                0x00002264                ComparatorValueGet
 .text.ComparatorIntRegister
                0x00002294       0x40 ./driverlib/comp.o
                0x00002294                ComparatorIntRegister
 .text.ComparatorIntUnregister
                0x000022d4       0x40 ./driverlib/comp.o
                0x000022d4                ComparatorIntUnregister
 .text.ComparatorIntEnable
                0x00002314       0x2c ./driverlib/comp.o
                0x00002314                ComparatorIntEnable
 .text.ComparatorIntDisable
                0x00002340       0x30 ./driverlib/comp.o
                0x00002340                ComparatorIntDisable
 .text.ComparatorIntStatus
                0x00002370       0x54 ./driverlib/comp.o
                0x00002370                ComparatorIntStatus
 .text.ComparatorIntClear
                0x000023c4       0x20 ./driverlib/comp.o
                0x000023c4                ComparatorIntClear
 .text.CPUcpsid
                0x000023e4       0x10 ./driverlib/cpu.o
                0x000023e4                CPUcpsid
 .text.CPUprimask
                0x000023f4        0xc ./driverlib/cpu.o
                0x000023f4                CPUprimask
 .text.CPUcpsie
                0x00002400       0x10 ./driverlib/cpu.o
                0x00002400                CPUcpsie
 .text.CPUwfi   0x00002410        0x4 ./driverlib/cpu.o
                0x00002410                CPUwfi
 .text.CPUbasepriSet
                0x00002414        0x8 ./driverlib/cpu.o
                0x00002414                CPUbasepriSet
 .text.CPUbasepriGet
                0x0000241c        0xc ./driverlib/cpu.o
                0x0000241c                CPUbasepriGet
 .text.CRCConfigSet
                0x00002428       0x20 ./driverlib/crc.o
                0x00002428                CRCConfigSet
 .text.CRCSeedSet
                0x00002448       0x20 ./driverlib/crc.o
                0x00002448                CRCSeedSet
 .text.CRCDataWrite
                0x00002468       0x20 ./driverlib/crc.o
                0x00002468                CRCDataWrite
 .text.CRCResultRead
                0x00002488       0x30 ./driverlib/crc.o
                0x00002488                CRCResultRead
 .text.CRCDataProcess
                0x000024b8       0x74 ./driverlib/crc.o
                0x000024b8                CRCDataProcess
 .text.DESReset
                0x0000252c       0x34 ./driverlib/des.o
                0x0000252c                DESReset
 .text.DESConfigSet
                0x00002560       0x30 ./driverlib/des.o
                0x00002560                DESConfigSet
 .text.DESKeySet
                0x00002590       0x68 ./driverlib/des.o
                0x00002590                DESKeySet
 .text.DESIVSet
                0x000025f8       0x40 ./driverlib/des.o
                0x000025f8                DESIVSet
 .text.DESLengthSet
                0x00002638       0x20 ./driverlib/des.o
                0x00002638                DESLengthSet
 .text.DESDataReadNonBlocking
                0x00002658       0x44 ./driverlib/des.o
                0x00002658                DESDataReadNonBlocking
 .text.DESDataRead
                0x0000269c       0x40 ./driverlib/des.o
                0x0000269c                DESDataRead
 .text.DESDataWriteNonBlocking
                0x000026dc       0x44 ./driverlib/des.o
                0x000026dc                DESDataWriteNonBlocking
 .text.DESDataWrite
                0x00002720       0x3c ./driverlib/des.o
                0x00002720                DESDataWrite
 .text.DESDataProcess
                0x0000275c       0x78 ./driverlib/des.o
                0x0000275c                DESDataProcess
 .text.DESIntStatus
                0x000027d4       0x54 ./driverlib/des.o
                0x000027d4                DESIntStatus
 .text.DESIntEnable
                0x00002828       0x48 ./driverlib/des.o
                0x00002828                DESIntEnable
 .text.DESIntDisable
                0x00002870       0x4c ./driverlib/des.o
                0x00002870                DESIntDisable
 .text.DESIntClear
                0x000028bc       0x28 ./driverlib/des.o
                0x000028bc                DESIntClear
 .text.DESIntRegister
                0x000028e4       0x20 ./driverlib/des.o
                0x000028e4                DESIntRegister
 .text.DESIntUnregister
                0x00002904       0x1c ./driverlib/des.o
                0x00002904                DESIntUnregister
 .text.DESDMAEnable
                0x00002920       0x28 ./driverlib/des.o
                0x00002920                DESDMAEnable
 .text.DESDMADisable
                0x00002948       0x28 ./driverlib/des.o
                0x00002948                DESDMADisable
 .text._EEPROMSectorMaskSet
                0x00002970       0x50 ./driverlib/eeprom.o
 .text._EEPROMSectorMaskClear
                0x000029c0       0x38 ./driverlib/eeprom.o
 .text._EEPROMWaitForDone
                0x000029f8       0x20 ./driverlib/eeprom.o
 .text.EEPROMInit
                0x00002a18       0x5c ./driverlib/eeprom.o
                0x00002a18                EEPROMInit
 .text.EEPROMSizeGet
                0x00002a74       0x1c ./driverlib/eeprom.o
                0x00002a74                EEPROMSizeGet
 .text.EEPROMBlockCountGet
                0x00002a90       0x20 ./driverlib/eeprom.o
                0x00002a90                EEPROMBlockCountGet
 .text.EEPROMRead
                0x00002ab0       0x70 ./driverlib/eeprom.o
                0x00002ab0                EEPROMRead
 .text.EEPROMProgram
                0x00002b20      0x10c ./driverlib/eeprom.o
                0x00002b20                EEPROMProgram
 .text.EEPROMProgramNonBlocking
                0x00002c2c       0x6c ./driverlib/eeprom.o
                0x00002c2c                EEPROMProgramNonBlocking
 .text.EEPROMMassErase
                0x00002c98       0x60 ./driverlib/eeprom.o
                0x00002c98                EEPROMMassErase
 .text.EEPROMBlockProtectGet
                0x00002cf8       0x28 ./driverlib/eeprom.o
                0x00002cf8                EEPROMBlockProtectGet
 .text.EEPROMBlockProtectSet
                0x00002d20       0x40 ./driverlib/eeprom.o
                0x00002d20                EEPROMBlockProtectSet
 .text.EEPROMBlockPasswordSet
                0x00002d60       0x64 ./driverlib/eeprom.o
                0x00002d60                EEPROMBlockPasswordSet
 .text.EEPROMBlockLock
                0x00002dc4       0x30 ./driverlib/eeprom.o
                0x00002dc4                EEPROMBlockLock
 .text.EEPROMBlockUnlock
                0x00002df4       0x5c ./driverlib/eeprom.o
                0x00002df4                EEPROMBlockUnlock
 .text.EEPROMBlockHide
                0x00002e50       0x24 ./driverlib/eeprom.o
                0x00002e50                EEPROMBlockHide
 .text.EEPROMIntEnable
                0x00002e74       0x34 ./driverlib/eeprom.o
                0x00002e74                EEPROMIntEnable
 .text.EEPROMIntDisable
                0x00002ea8       0x34 ./driverlib/eeprom.o
                0x00002ea8                EEPROMIntDisable
 .text.EEPROMIntStatus
                0x00002edc       0x40 ./driverlib/eeprom.o
                0x00002edc                EEPROMIntStatus
 .text.EEPROMIntClear
                0x00002f1c       0x40 ./driverlib/eeprom.o
                0x00002f1c                EEPROMIntClear
 .text.EEPROMStatusGet
                0x00002f5c       0x18 ./driverlib/eeprom.o
                0x00002f5c                EEPROMStatusGet
 .text.EMACInit
                0x00002f74       0xf4 ./driverlib/emac.o
                0x00002f74                EMACInit
 .text.EMACReset
                0x00003068       0x3c ./driverlib/emac.o
                0x00003068                EMACReset
 .text.EMACPHYConfigSet
                0x000030a4       0x88 ./driverlib/emac.o
                0x000030a4                EMACPHYConfigSet
 .text.EMACConfigSet
                0x0000312c       0x64 ./driverlib/emac.o
                0x0000312c                EMACConfigSet
 .text.EMACConfigGet
                0x00003190       0x70 ./driverlib/emac.o
                0x00003190                EMACConfigGet
 .text.EMACAddrSet
                0x00003200       0x78 ./driverlib/emac.o
                0x00003200                EMACAddrSet
 .text.EMACAddrGet
                0x00003278       0x74 ./driverlib/emac.o
                0x00003278                EMACAddrGet
 .text.EMACNumAddrGet
                0x000032ec       0x18 ./driverlib/emac.o
                0x000032ec                EMACNumAddrGet
 .text.EMACAddrFilterSet
                0x00003304       0x54 ./driverlib/emac.o
                0x00003304                EMACAddrFilterSet
 .text.EMACAddrFilterGet
                0x00003358       0x28 ./driverlib/emac.o
                0x00003358                EMACAddrFilterGet
 .text.EMACFrameFilterSet
                0x00003380       0x30 ./driverlib/emac.o
                0x00003380                EMACFrameFilterSet
 .text.EMACFrameFilterGet
                0x000033b0       0x24 ./driverlib/emac.o
                0x000033b0                EMACFrameFilterGet
 .text.EMACHashFilterSet
                0x000033d4       0x2c ./driverlib/emac.o
                0x000033d4                EMACHashFilterSet
 .text.EMACHashFilterGet
                0x00003400       0x2c ./driverlib/emac.o
                0x00003400                EMACHashFilterGet
 .text.EMACHashFilterBitCalculate
                0x0000342c       0x54 ./driverlib/emac.o
                0x0000342c                EMACHashFilterBitCalculate
 .text.EMACRxWatchdogTimerSet
                0x00003480       0x24 ./driverlib/emac.o
                0x00003480                EMACRxWatchdogTimerSet
 .text.EMACStatusGet
                0x000034a4       0x1c ./driverlib/emac.o
                0x000034a4                EMACStatusGet
 .text.EMACTxDMAPollDemand
                0x000034c0       0x20 ./driverlib/emac.o
                0x000034c0                EMACTxDMAPollDemand
 .text.EMACRxDMAPollDemand
                0x000034e0       0x20 ./driverlib/emac.o
                0x000034e0                EMACRxDMAPollDemand
 .text.EMACRxDMADescriptorListSet
                0x00003500       0x20 ./driverlib/emac.o
                0x00003500                EMACRxDMADescriptorListSet
 .text.EMACRxDMADescriptorListGet
                0x00003520       0x1c ./driverlib/emac.o
                0x00003520                EMACRxDMADescriptorListGet
 .text.EMACRxDMACurrentDescriptorGet
                0x0000353c       0x1c ./driverlib/emac.o
                0x0000353c                EMACRxDMACurrentDescriptorGet
 .text.EMACRxDMACurrentBufferGet
                0x00003558       0x1c ./driverlib/emac.o
                0x00003558                EMACRxDMACurrentBufferGet
 .text.EMACTxDMADescriptorListSet
                0x00003574       0x20 ./driverlib/emac.o
                0x00003574                EMACTxDMADescriptorListSet
 .text.EMACTxDMADescriptorListGet
                0x00003594       0x1c ./driverlib/emac.o
                0x00003594                EMACTxDMADescriptorListGet
 .text.EMACTxDMACurrentDescriptorGet
                0x000035b0       0x1c ./driverlib/emac.o
                0x000035b0                EMACTxDMACurrentDescriptorGet
 .text.EMACTxDMACurrentBufferGet
                0x000035cc       0x1c ./driverlib/emac.o
                0x000035cc                EMACTxDMACurrentBufferGet
 .text.EMACDMAStateGet
                0x000035e8       0x24 ./driverlib/emac.o
                0x000035e8                EMACDMAStateGet
 .text.EMACTxFlush
                0x0000360c       0x48 ./driverlib/emac.o
                0x0000360c                EMACTxFlush
 .text.EMACTxEnable
                0x00003654       0x34 ./driverlib/emac.o
                0x00003654                EMACTxEnable
 .text.EMACTxDisable
                0x00003688       0x34 ./driverlib/emac.o
                0x00003688                EMACTxDisable
 .text.EMACRxEnable
                0x000036bc       0x34 ./driverlib/emac.o
                0x000036bc                EMACRxEnable
 .text.EMACRxDisable
                0x000036f0       0x34 ./driverlib/emac.o
                0x000036f0                EMACRxDisable
 .text.EMACIntRegister
                0x00003724       0x20 ./driverlib/emac.o
                0x00003724                EMACIntRegister
 .text.EMACIntUnregister
                0x00003744       0x1c ./driverlib/emac.o
                0x00003744                EMACIntUnregister
 .text.EMACIntEnable
                0x00003760       0x7c ./driverlib/emac.o
                0x00003760                EMACIntEnable
 .text.EMACIntDisable
                0x000037dc       0x7c ./driverlib/emac.o
                0x000037dc                EMACIntDisable
 .text.EMACIntStatus
                0x00003858       0x78 ./driverlib/emac.o
                0x00003858                EMACIntStatus
 .text.EMACIntClear
                0x000038d0       0x74 ./driverlib/emac.o
                0x000038d0                EMACIntClear
 .text.EMACPHYWrite
                0x00003944       0x70 ./driverlib/emac.o
                0x00003944                EMACPHYWrite
 .text.EMACPHYRead
                0x000039b4       0x68 ./driverlib/emac.o
                0x000039b4                EMACPHYRead
 .text.EMACPHYExtendedRead
                0x00003a1c       0x58 ./driverlib/emac.o
                0x00003a1c                EMACPHYExtendedRead
 .text.EMACPHYExtendedWrite
                0x00003a74       0x60 ./driverlib/emac.o
                0x00003a74                EMACPHYExtendedWrite
 .text.EMACPHYPowerOff
                0x00003ad4       0x3c ./driverlib/emac.o
                0x00003ad4                EMACPHYPowerOff
 .text.EMACPHYPowerOn
                0x00003b10       0x3c ./driverlib/emac.o
                0x00003b10                EMACPHYPowerOn
 .text.EMACTimestampConfigSet
                0x00003b4c       0x48 ./driverlib/emac.o
                0x00003b4c                EMACTimestampConfigSet
 .text.EMACTimestampConfigGet
                0x00003b94       0x2c ./driverlib/emac.o
                0x00003b94                EMACTimestampConfigGet
 .text.EMACTimestampEnable
                0x00003bc0       0x50 ./driverlib/emac.o
                0x00003bc0                EMACTimestampEnable
 .text.EMACTimestampDisable
                0x00003c10       0x28 ./driverlib/emac.o
                0x00003c10                EMACTimestampDisable
 .text.EMACTimestampSysTimeSet
                0x00003c38       0x58 ./driverlib/emac.o
                0x00003c38                EMACTimestampSysTimeSet
 .text.EMACTimestampSysTimeGet
                0x00003c90       0x40 ./driverlib/emac.o
                0x00003c90                EMACTimestampSysTimeGet
 .text.EMACTimestampSysTimeUpdate
                0x00003cd0       0x68 ./driverlib/emac.o
                0x00003cd0                EMACTimestampSysTimeUpdate
 .text.EMACTimestampAddendSet
                0x00003d38       0x48 ./driverlib/emac.o
                0x00003d38                EMACTimestampAddendSet
 .text.EMACTimestampTargetSet
                0x00003d80       0x3c ./driverlib/emac.o
                0x00003d80                EMACTimestampTargetSet
 .text.EMACTimestampTargetIntEnable
                0x00003dbc       0x28 ./driverlib/emac.o
                0x00003dbc                EMACTimestampTargetIntEnable
 .text.EMACTimestampTargetIntDisable
                0x00003de4       0x28 ./driverlib/emac.o
                0x00003de4                EMACTimestampTargetIntDisable
 .text.EMACTimestampIntStatus
                0x00003e0c       0x1c ./driverlib/emac.o
                0x00003e0c                EMACTimestampIntStatus
 .text.EMACTimestampPPSSimpleModeSet
                0x00003e28       0x50 ./driverlib/emac.o
                0x00003e28                EMACTimestampPPSSimpleModeSet
 .text.EMACTimestampPPSCommandModeSet
                0x00003e78       0x38 ./driverlib/emac.o
                0x00003e78                EMACTimestampPPSCommandModeSet
 .text.EMACTimestampPPSCommand
                0x00003eb0       0x3c ./driverlib/emac.o
                0x00003eb0                EMACTimestampPPSCommand
 .text.EMACTimestampPPSPeriodSet
                0x00003eec       0x30 ./driverlib/emac.o
                0x00003eec                EMACTimestampPPSPeriodSet
 .text.EMACVLANRxConfigSet
                0x00003f1c       0x28 ./driverlib/emac.o
                0x00003f1c                EMACVLANRxConfigSet
 .text.EMACVLANRxConfigGet
                0x00003f44       0x2c ./driverlib/emac.o
                0x00003f44                EMACVLANRxConfigGet
 .text.EMACVLANTxConfigSet
                0x00003f70       0x28 ./driverlib/emac.o
                0x00003f70                EMACVLANTxConfigSet
 .text.EMACVLANTxConfigGet
                0x00003f98       0x30 ./driverlib/emac.o
                0x00003f98                EMACVLANTxConfigGet
 .text.EMACVLANHashFilterBitCalculate
                0x00003fc8       0x58 ./driverlib/emac.o
                0x00003fc8                EMACVLANHashFilterBitCalculate
 .text.EMACVLANHashFilterSet
                0x00004020       0x20 ./driverlib/emac.o
                0x00004020                EMACVLANHashFilterSet
 .text.EMACVLANHashFilterGet
                0x00004040       0x1c ./driverlib/emac.o
                0x00004040                EMACVLANHashFilterGet
 .text.EMACRemoteWakeUpFrameFilterSet
                0x0000405c       0x50 ./driverlib/emac.o
                0x0000405c                EMACRemoteWakeUpFrameFilterSet
 .text.EMACRemoteWakeUpFrameFilterGet
                0x000040ac       0x4c ./driverlib/emac.o
                0x000040ac                EMACRemoteWakeUpFrameFilterGet
 .text.EMACPowerManagementControlSet
                0x000040f8       0x3c ./driverlib/emac.o
                0x000040f8                EMACPowerManagementControlSet
 .text.EMACPowerManagementControlGet
                0x00004134       0x20 ./driverlib/emac.o
                0x00004134                EMACPowerManagementControlGet
 .text.EMACPowerManagementStatusGet
                0x00004154       0x20 ./driverlib/emac.o
                0x00004154                EMACPowerManagementStatusGet
 .text.EPIWorkaroundWordWrite
                0x00004174       0x24 ./driverlib/epi.o
                0x00004174                EPIWorkaroundWordWrite
 .text.EPIWorkaroundWordRead
                0x00004198       0x28 ./driverlib/epi.o
                0x00004198                EPIWorkaroundWordRead
 .text.EPIWorkaroundHWordWrite
                0x000041c0       0x28 ./driverlib/epi.o
                0x000041c0                EPIWorkaroundHWordWrite
 .text.EPIWorkaroundHWordRead
                0x000041e8       0x20 ./driverlib/epi.o
                0x000041e8                EPIWorkaroundHWordRead
 .text.EPIWorkaroundByteWrite
                0x00004208       0x28 ./driverlib/epi.o
                0x00004208                EPIWorkaroundByteWrite
 .text.EPIWorkaroundByteRead
                0x00004230       0x20 ./driverlib/epi.o
                0x00004230                EPIWorkaroundByteRead
 .text.EPIModeSet
                0x00004250       0x1c ./driverlib/epi.o
                0x00004250                EPIModeSet
 .text.EPIDividerSet
                0x0000426c       0x20 ./driverlib/epi.o
                0x0000426c                EPIDividerSet
 .text.EPIDividerCSSet
                0x0000428c       0x90 ./driverlib/epi.o
                0x0000428c                EPIDividerCSSet
 .text.EPIDMATxCount
                0x0000431c       0x24 ./driverlib/epi.o
                0x0000431c                EPIDMATxCount
 .text.EPIConfigSDRAMSet
                0x00004340       0x38 ./driverlib/epi.o
                0x00004340                EPIConfigSDRAMSet
 .text.EPIConfigHB8Set
                0x00004378       0x58 ./driverlib/epi.o
                0x00004378                EPIConfigHB8Set
 .text.EPIConfigHB16Set
                0x000043d0       0x58 ./driverlib/epi.o
                0x000043d0                EPIConfigHB16Set
 .text.EPIConfigHB8CSSet
                0x00004428       0x54 ./driverlib/epi.o
                0x00004428                EPIConfigHB8CSSet
 .text.EPIConfigHB16CSSet
                0x0000447c       0x54 ./driverlib/epi.o
                0x0000447c                EPIConfigHB16CSSet
 .text.EPIConfigHB8TimingSet
                0x000044d0       0x28 ./driverlib/epi.o
                0x000044d0                EPIConfigHB8TimingSet
 .text.EPIConfigHB16TimingSet
                0x000044f8       0x28 ./driverlib/epi.o
                0x000044f8                EPIConfigHB16TimingSet
 .text.EPIPSRAMConfigRegSet
                0x00004520       0x58 ./driverlib/epi.o
                0x00004520                EPIPSRAMConfigRegSet
 .text.EPIPSRAMConfigRegRead
                0x00004578       0x48 ./driverlib/epi.o
                0x00004578                EPIPSRAMConfigRegRead
 .text.EPIPSRAMConfigRegGetNonBlocking
                0x000045c0       0x58 ./driverlib/epi.o
                0x000045c0                EPIPSRAMConfigRegGetNonBlocking
 .text.EPIPSRAMConfigRegGet
                0x00004618       0x50 ./driverlib/epi.o
                0x00004618                EPIPSRAMConfigRegGet
 .text.EPIConfigGPModeSet
                0x00004668       0x34 ./driverlib/epi.o
                0x00004668                EPIConfigGPModeSet
 .text.EPIAddressMapSet
                0x0000469c       0x20 ./driverlib/epi.o
                0x0000469c                EPIAddressMapSet
 .text.EPINonBlockingReadConfigure
                0x000046bc       0x3c ./driverlib/epi.o
                0x000046bc                EPINonBlockingReadConfigure
 .text.EPINonBlockingReadStart
                0x000046f8       0x2c ./driverlib/epi.o
                0x000046f8                EPINonBlockingReadStart
 .text.EPINonBlockingReadStop
                0x00004724       0x28 ./driverlib/epi.o
                0x00004724                EPINonBlockingReadStop
 .text.EPINonBlockingReadCount
                0x0000474c       0x28 ./driverlib/epi.o
                0x0000474c                EPINonBlockingReadCount
 .text.EPINonBlockingReadAvail
                0x00004774       0x1c ./driverlib/epi.o
                0x00004774                EPINonBlockingReadAvail
 .text.EPINonBlockingReadGet32
                0x00004790       0x4c ./driverlib/epi.o
                0x00004790                EPINonBlockingReadGet32
 .text.EPINonBlockingReadGet16
                0x000047dc       0x4c ./driverlib/epi.o
                0x000047dc                EPINonBlockingReadGet16
 .text.EPINonBlockingReadGet8
                0x00004828       0x4c ./driverlib/epi.o
                0x00004828                EPINonBlockingReadGet8
 .text.EPIFIFOConfig
                0x00004874       0x20 ./driverlib/epi.o
                0x00004874                EPIFIFOConfig
 .text.EPIWriteFIFOCountGet
                0x00004894       0x1c ./driverlib/epi.o
                0x00004894                EPIWriteFIFOCountGet
 .text.EPIIntEnable
                0x000048b0       0x2c ./driverlib/epi.o
                0x000048b0                EPIIntEnable
 .text.EPIIntDisable
                0x000048dc       0x2c ./driverlib/epi.o
                0x000048dc                EPIIntDisable
 .text.EPIIntStatus
                0x00004908       0x30 ./driverlib/epi.o
                0x00004908                EPIIntStatus
 .text.EPIIntErrorStatus
                0x00004938       0x1c ./driverlib/epi.o
                0x00004938                EPIIntErrorStatus
 .text.EPIIntErrorClear
                0x00004954       0x20 ./driverlib/epi.o
                0x00004954                EPIIntErrorClear
 .text._EPIIntNumberGet
                0x00004974       0x38 ./driverlib/epi.o
 .text.EPIIntRegister
                0x000049ac       0x28 ./driverlib/epi.o
                0x000049ac                EPIIntRegister
 .text.EPIIntUnregister
                0x000049d4       0x24 ./driverlib/epi.o
                0x000049d4                EPIIntUnregister
 .text.FlashErase
                0x000049f8       0x60 ./driverlib/flash.o
                0x000049f8                FlashErase
 .text.FlashProgram
                0x00004a58       0xb4 ./driverlib/flash.o
                0x00004a58                FlashProgram
 .text.FlashProtectGet
                0x00004b0c       0x78 ./driverlib/flash.o
                0x00004b0c                FlashProtectGet
 .text.FlashProtectSet
                0x00004b84       0xf4 ./driverlib/flash.o
                0x00004b84                FlashProtectSet
 .text.FlashProtectSave
                0x00004c78       0x4c ./driverlib/flash.o
                0x00004c78                FlashProtectSave
 .text.FlashUserGet
                0x00004cc4       0x30 ./driverlib/flash.o
                0x00004cc4                FlashUserGet
 .text.FlashUserSet
                0x00004cf4       0x2c ./driverlib/flash.o
                0x00004cf4                FlashUserSet
 .text.FlashAllUserRegisterGet
                0x00004d20       0x4c ./driverlib/flash.o
                0x00004d20                FlashAllUserRegisterGet
 .text.FlashAllUserRegisterSet
                0x00004d6c       0x44 ./driverlib/flash.o
                0x00004d6c                FlashAllUserRegisterSet
 .text.FlashUserSave
                0x00004db0       0x58 ./driverlib/flash.o
                0x00004db0                FlashUserSave
 .text.FlashIntRegister
                0x00004e08       0x1c ./driverlib/flash.o
                0x00004e08                FlashIntRegister
 .text.FlashIntUnregister
                0x00004e24       0x14 ./driverlib/flash.o
                0x00004e24                FlashIntUnregister
 .text.FlashIntEnable
                0x00004e38       0x24 ./driverlib/flash.o
                0x00004e38                FlashIntEnable
 .text.FlashIntDisable
                0x00004e5c       0x24 ./driverlib/flash.o
                0x00004e5c                FlashIntDisable
 .text.FlashIntStatus
                0x00004e80       0x30 ./driverlib/flash.o
                0x00004e80                FlashIntStatus
 .text.FlashIntClear
                0x00004eb0       0x1c ./driverlib/flash.o
                0x00004eb0                FlashIntClear
 .text.FPUEnable
                0x00004ecc       0x1c ./driverlib/fpu.o
                0x00004ecc                FPUEnable
 .text.FPUDisable
                0x00004ee8       0x1c ./driverlib/fpu.o
                0x00004ee8                FPUDisable
 .text.FPUStackingEnable
                0x00004f04       0x20 ./driverlib/fpu.o
                0x00004f04                FPUStackingEnable
 .text.FPULazyStackingEnable
                0x00004f24       0x1c ./driverlib/fpu.o
                0x00004f24                FPULazyStackingEnable
 .text.FPUStackingDisable
                0x00004f40       0x1c ./driverlib/fpu.o
                0x00004f40                FPUStackingDisable
 .text.FPUHalfPrecisionModeSet
                0x00004f5c       0x28 ./driverlib/fpu.o
                0x00004f5c                FPUHalfPrecisionModeSet
 .text.FPUNaNModeSet
                0x00004f84       0x28 ./driverlib/fpu.o
                0x00004f84                FPUNaNModeSet
 .text.FPUFlushToZeroModeSet
                0x00004fac       0x28 ./driverlib/fpu.o
                0x00004fac                FPUFlushToZeroModeSet
 .text.FPURoundingModeSet
                0x00004fd4       0x28 ./driverlib/fpu.o
                0x00004fd4                FPURoundingModeSet
 .text._GPIOIntNumberGet
                0x00004ffc       0x78 ./driverlib/gpio.o
 .text.GPIODirModeSet
                0x00005074       0x78 ./driverlib/gpio.o
                0x00005074                GPIODirModeSet
 .text.GPIODirModeGet
                0x000050ec       0x5c ./driverlib/gpio.o
                0x000050ec                GPIODirModeGet
 .text.GPIOIntTypeSet
                0x00005148       0xd8 ./driverlib/gpio.o
                0x00005148                GPIOIntTypeSet
 .text.GPIOIntTypeGet
                0x00005220       0x98 ./driverlib/gpio.o
                0x00005220                GPIOIntTypeGet
 .text.GPIOPadConfigSet
                0x000052b8      0x2bc ./driverlib/gpio.o
                0x000052b8                GPIOPadConfigSet
 .text.GPIOPadConfigGet
                0x00005574      0x180 ./driverlib/gpio.o
                0x00005574                GPIOPadConfigGet
 .text.GPIOIntEnable
                0x000056f4       0x2c ./driverlib/gpio.o
                0x000056f4                GPIOIntEnable
 .text.GPIOIntDisable
                0x00005720       0x2c ./driverlib/gpio.o
                0x00005720                GPIOIntDisable
 .text.GPIOIntStatus
                0x0000574c       0x30 ./driverlib/gpio.o
                0x0000574c                GPIOIntStatus
 .text.GPIOIntClear
                0x0000577c       0x20 ./driverlib/gpio.o
                0x0000577c                GPIOIntClear
 .text.GPIOIntRegister
                0x0000579c       0x28 ./driverlib/gpio.o
                0x0000579c                GPIOIntRegister
 .text.GPIOIntUnregister
                0x000057c4       0x24 ./driverlib/gpio.o
                0x000057c4                GPIOIntUnregister
 .text.GPIOPinRead
                0x000057e8       0x24 ./driverlib/gpio.o
                0x000057e8                GPIOPinRead
 .text.GPIOPinWrite
                0x0000580c       0x2c ./driverlib/gpio.o
                0x0000580c                GPIOPinWrite
 .text.GPIOPinTypeADC
                0x00005838       0x2c ./driverlib/gpio.o
                0x00005838                GPIOPinTypeADC
 .text.GPIOPinTypeCAN
                0x00005864       0x2c ./driverlib/gpio.o
                0x00005864                GPIOPinTypeCAN
 .text.GPIOPinTypeComparator
                0x00005890       0x2c ./driverlib/gpio.o
                0x00005890                GPIOPinTypeComparator
 .text.GPIOPinTypeComparatorOutput
                0x000058bc       0x2c ./driverlib/gpio.o
                0x000058bc                GPIOPinTypeComparatorOutput
 .text.GPIOPinTypeDIVSCLK
                0x000058e8       0x2c ./driverlib/gpio.o
                0x000058e8                GPIOPinTypeDIVSCLK
 .text.GPIOPinTypeEPI
                0x00005914       0x2c ./driverlib/gpio.o
                0x00005914                GPIOPinTypeEPI
 .text.GPIOPinTypeEthernetLED
                0x00005940       0x2c ./driverlib/gpio.o
                0x00005940                GPIOPinTypeEthernetLED
 .text.GPIOPinTypeEthernetMII
                0x0000596c       0x2c ./driverlib/gpio.o
                0x0000596c                GPIOPinTypeEthernetMII
 .text.GPIOPinTypeGPIOInput
                0x00005998       0x2c ./driverlib/gpio.o
                0x00005998                GPIOPinTypeGPIOInput
 .text.GPIOPinTypeGPIOOutput
                0x000059c4       0x2c ./driverlib/gpio.o
                0x000059c4                GPIOPinTypeGPIOOutput
 .text.GPIOPinTypeGPIOOutputOD
                0x000059f0       0x2c ./driverlib/gpio.o
                0x000059f0                GPIOPinTypeGPIOOutputOD
 .text.GPIOPinTypeHibernateRTCCLK
                0x00005a1c       0x2c ./driverlib/gpio.o
                0x00005a1c                GPIOPinTypeHibernateRTCCLK
 .text.GPIOPinTypeI2C
                0x00005a48       0x2c ./driverlib/gpio.o
                0x00005a48                GPIOPinTypeI2C
 .text.GPIOPinTypeI2CSCL
                0x00005a74       0x2c ./driverlib/gpio.o
                0x00005a74                GPIOPinTypeI2CSCL
 .text.GPIOPinTypeLCD
                0x00005aa0       0x2c ./driverlib/gpio.o
                0x00005aa0                GPIOPinTypeLCD
 .text.GPIOPinTypeOneWire
                0x00005acc       0x2c ./driverlib/gpio.o
                0x00005acc                GPIOPinTypeOneWire
 .text.GPIOPinTypePWM
                0x00005af8       0x2c ./driverlib/gpio.o
                0x00005af8                GPIOPinTypePWM
 .text.GPIOPinTypeQEI
                0x00005b24       0x2c ./driverlib/gpio.o
                0x00005b24                GPIOPinTypeQEI
 .text.GPIOPinTypeSSI
                0x00005b50       0x2c ./driverlib/gpio.o
                0x00005b50                GPIOPinTypeSSI
 .text.GPIOPinTypeTimer
                0x00005b7c       0x2c ./driverlib/gpio.o
                0x00005b7c                GPIOPinTypeTimer
 .text.GPIOPinTypeTrace
                0x00005ba8       0x2c ./driverlib/gpio.o
                0x00005ba8                GPIOPinTypeTrace
 .text.GPIOPinTypeUART
                0x00005bd4       0x2c ./driverlib/gpio.o
                0x00005bd4                GPIOPinTypeUART
 .text.GPIOPinTypeUSBAnalog
                0x00005c00       0x2c ./driverlib/gpio.o
                0x00005c00                GPIOPinTypeUSBAnalog
 .text.GPIOPinTypeUSBDigital
                0x00005c2c       0x2c ./driverlib/gpio.o
                0x00005c2c                GPIOPinTypeUSBDigital
 .text.GPIOPinTypeWakeHigh
                0x00005c58       0x30 ./driverlib/gpio.o
                0x00005c58                GPIOPinTypeWakeHigh
 .text.GPIOPinTypeWakeLow
                0x00005c88       0x30 ./driverlib/gpio.o
                0x00005c88                GPIOPinTypeWakeLow
 .text.GPIOPinWakeStatus
                0x00005cb8       0x1c ./driverlib/gpio.o
                0x00005cb8                GPIOPinWakeStatus
 .text.GPIOPinConfigure
                0x00005cd4       0x84 ./driverlib/gpio.o
                0x00005cd4                GPIOPinConfigure
 .text.GPIODMATriggerEnable
                0x00005d58       0x2c ./driverlib/gpio.o
                0x00005d58                GPIODMATriggerEnable
 .text.GPIODMATriggerDisable
                0x00005d84       0x30 ./driverlib/gpio.o
                0x00005d84                GPIODMATriggerDisable
 .text.GPIOADCTriggerEnable
                0x00005db4       0x2c ./driverlib/gpio.o
                0x00005db4                GPIOADCTriggerEnable
 .text.GPIOADCTriggerDisable
                0x00005de0       0x30 ./driverlib/gpio.o
                0x00005de0                GPIOADCTriggerDisable
 .text._HibernateWriteComplete
                0x00005e10       0x1c ./driverlib/hibernate.o
 .text.HibernateEnableExpClk
                0x00005e2c       0x24 ./driverlib/hibernate.o
                0x00005e2c                HibernateEnableExpClk
 .text.HibernateDisable
                0x00005e50       0x1c ./driverlib/hibernate.o
                0x00005e50                HibernateDisable
 .text.HibernateClockConfig
                0x00005e6c       0x70 ./driverlib/hibernate.o
                0x00005e6c                HibernateClockConfig
 .text.HibernateRTCEnable
                0x00005edc       0x1c ./driverlib/hibernate.o
                0x00005edc                HibernateRTCEnable
 .text.HibernateRTCDisable
                0x00005ef8       0x1c ./driverlib/hibernate.o
                0x00005ef8                HibernateRTCDisable
 .text.HibernateBatCheckStart
                0x00005f14       0x1c ./driverlib/hibernate.o
                0x00005f14                HibernateBatCheckStart
 .text.HibernateBatCheckDone
                0x00005f30       0x1c ./driverlib/hibernate.o
                0x00005f30                HibernateBatCheckDone
 .text.HibernateWakeSet
                0x00005f4c       0x8c ./driverlib/hibernate.o
                0x00005f4c                HibernateWakeSet
 .text.HibernateWakeGet
                0x00005fd8       0x58 ./driverlib/hibernate.o
                0x00005fd8                HibernateWakeGet
 .text.HibernateLowBatSet
                0x00006030       0x2c ./driverlib/hibernate.o
                0x00006030                HibernateLowBatSet
 .text.HibernateLowBatGet
                0x0000605c       0x1c ./driverlib/hibernate.o
                0x0000605c                HibernateLowBatGet
 .text.HibernateRTCSet
                0x00006078       0x38 ./driverlib/hibernate.o
                0x00006078                HibernateRTCSet
 .text.HibernateRTCGet
                0x000060b0       0x18 ./driverlib/hibernate.o
                0x000060b0                HibernateRTCGet
 .text.HibernateRTCMatchSet
                0x000060c8       0x20 ./driverlib/hibernate.o
                0x000060c8                HibernateRTCMatchSet
 .text.HibernateRTCMatchGet
                0x000060e8       0x1c ./driverlib/hibernate.o
                0x000060e8                HibernateRTCMatchGet
 .text.HibernateRTCSSMatchSet
                0x00006104       0x20 ./driverlib/hibernate.o
                0x00006104                HibernateRTCSSMatchSet
 .text.HibernateRTCSSMatchGet
                0x00006124       0x20 ./driverlib/hibernate.o
                0x00006124                HibernateRTCSSMatchGet
 .text.HibernateRTCSSGet
                0x00006144       0x1c ./driverlib/hibernate.o
                0x00006144                HibernateRTCSSGet
 .text.HibernateRTCTrimSet
                0x00006160       0x1c ./driverlib/hibernate.o
                0x00006160                HibernateRTCTrimSet
 .text.HibernateRTCTrimGet
                0x0000617c       0x18 ./driverlib/hibernate.o
                0x0000617c                HibernateRTCTrimGet
 .text.HibernateDataSet
                0x00006194       0x44 ./driverlib/hibernate.o
                0x00006194                HibernateDataSet
 .text.HibernateDataGet
                0x000061d8       0x40 ./driverlib/hibernate.o
                0x000061d8                HibernateDataGet
 .text.HibernateRequest
                0x00006218       0x1c ./driverlib/hibernate.o
                0x00006218                HibernateRequest
 .text.HibernateIntEnable
                0x00006234       0x24 ./driverlib/hibernate.o
                0x00006234                HibernateIntEnable
 .text.HibernateIntDisable
                0x00006258       0x24 ./driverlib/hibernate.o
                0x00006258                HibernateIntDisable
 .text._HibernateIntNumberGet
                0x0000627c       0x38 ./driverlib/hibernate.o
 .text.HibernateIntRegister
                0x000062b4       0x24 ./driverlib/hibernate.o
                0x000062b4                HibernateIntRegister
 .text.HibernateIntUnregister
                0x000062d8       0x20 ./driverlib/hibernate.o
                0x000062d8                HibernateIntUnregister
 .text.HibernateIntStatus
                0x000062f8       0x30 ./driverlib/hibernate.o
                0x000062f8                HibernateIntStatus
 .text.HibernateIntClear
                0x00006328       0x24 ./driverlib/hibernate.o
                0x00006328                HibernateIntClear
 .text.HibernateIsActive
                0x0000634c       0x24 ./driverlib/hibernate.o
                0x0000634c                HibernateIsActive
 .text.HibernateGPIORetentionEnable
                0x00006370       0x20 ./driverlib/hibernate.o
                0x00006370                HibernateGPIORetentionEnable
 .text.HibernateGPIORetentionDisable
                0x00006390       0x20 ./driverlib/hibernate.o
                0x00006390                HibernateGPIORetentionDisable
 .text.HibernateGPIORetentionGet
                0x000063b0       0x2c ./driverlib/hibernate.o
                0x000063b0                HibernateGPIORetentionGet
 .text.HibernateCounterMode
                0x000063dc       0x1c ./driverlib/hibernate.o
                0x000063dc                HibernateCounterMode
 .text._HibernateCalendarSet
                0x000063f8      0x150 ./driverlib/hibernate.o
 .text.HibernateCalendarSet
                0x00006548       0x1c ./driverlib/hibernate.o
                0x00006548                HibernateCalendarSet
 .text.HibernateCalendarGet
                0x00006564       0xcc ./driverlib/hibernate.o
                0x00006564                HibernateCalendarGet
 .text.HibernateCalendarMatchSet
                0x00006630       0x1c ./driverlib/hibernate.o
                0x00006630                HibernateCalendarMatchSet
 .text.HibernateCalendarMatchGet
                0x0000664c       0xcc ./driverlib/hibernate.o
                0x0000664c                HibernateCalendarMatchGet
 .text.HibernateTamperEventsConfig
                0x00006718       0x48 ./driverlib/hibernate.o
                0x00006718                HibernateTamperEventsConfig
 .text.HibernateTamperEnable
                0x00006760       0x38 ./driverlib/hibernate.o
                0x00006760                HibernateTamperEnable
 .text.HibernateTamperDisable
                0x00006798       0x38 ./driverlib/hibernate.o
                0x00006798                HibernateTamperDisable
 .text.HibernateTamperIOEnable
                0x000067d0       0x68 ./driverlib/hibernate.o
                0x000067d0                HibernateTamperIOEnable
 .text.HibernateTamperIODisable
                0x00006838       0x48 ./driverlib/hibernate.o
                0x00006838                HibernateTamperIODisable
 .text.HibernateTamperEventsClear
                0x00006880       0x38 ./driverlib/hibernate.o
                0x00006880                HibernateTamperEventsClear
 .text.HibernateTamperEventsClearNoLock
                0x000068b8       0x1c ./driverlib/hibernate.o
                0x000068b8                HibernateTamperEventsClearNoLock
 .text.HibernateTamperUnLock
                0x000068d4       0x18 ./driverlib/hibernate.o
                0x000068d4                HibernateTamperUnLock
 .text.HibernateTamperLock
                0x000068ec       0x18 ./driverlib/hibernate.o
                0x000068ec                HibernateTamperLock
 .text.HibernateTamperStatusGet
                0x00006904       0x74 ./driverlib/hibernate.o
                0x00006904                HibernateTamperStatusGet
 .text.HibernateTamperEventsGet
                0x00006978       0x98 ./driverlib/hibernate.o
                0x00006978                HibernateTamperEventsGet
 .text.HibernateTamperExtOscRecover
                0x00006a10       0x38 ./driverlib/hibernate.o
                0x00006a10                HibernateTamperExtOscRecover
 .text.HibernateTamperExtOscValid
                0x00006a48       0x1c ./driverlib/hibernate.o
                0x00006a48                HibernateTamperExtOscValid
 .text._I2CIntNumberGet
                0x00006a64       0x78 ./driverlib/i2c.o
 .text.I2CMasterInitExpClk
                0x00006adc       0x98 ./driverlib/i2c.o
                0x00006adc                I2CMasterInitExpClk
 .text.I2CSlaveInit
                0x00006b74       0x24 ./driverlib/i2c.o
                0x00006b74                I2CSlaveInit
 .text.I2CSlaveAddressSet
                0x00006b98       0x48 ./driverlib/i2c.o
                0x00006b98                I2CSlaveAddressSet
 .text.I2CMasterEnable
                0x00006be0       0x24 ./driverlib/i2c.o
                0x00006be0                I2CMasterEnable
 .text.I2CSlaveEnable
                0x00006c04       0x30 ./driverlib/i2c.o
                0x00006c04                I2CSlaveEnable
 .text.I2CMasterDisable
                0x00006c34       0x24 ./driverlib/i2c.o
                0x00006c34                I2CMasterDisable
 .text.I2CSlaveDisable
                0x00006c58       0x30 ./driverlib/i2c.o
                0x00006c58                I2CSlaveDisable
 .text.I2CIntRegister
                0x00006c88       0x28 ./driverlib/i2c.o
                0x00006c88                I2CIntRegister
 .text.I2CIntUnregister
                0x00006cb0       0x24 ./driverlib/i2c.o
                0x00006cb0                I2CIntUnregister
 .text.I2CMasterIntEnable
                0x00006cd4       0x1c ./driverlib/i2c.o
                0x00006cd4                I2CMasterIntEnable
 .text.I2CMasterIntEnableEx
                0x00006cf0       0x28 ./driverlib/i2c.o
                0x00006cf0                I2CMasterIntEnableEx
 .text.I2CSlaveIntEnable
                0x00006d18       0x28 ./driverlib/i2c.o
                0x00006d18                I2CSlaveIntEnable
 .text.I2CSlaveIntEnableEx
                0x00006d40       0x2c ./driverlib/i2c.o
                0x00006d40                I2CSlaveIntEnableEx
 .text.I2CMasterIntDisable
                0x00006d6c       0x1c ./driverlib/i2c.o
                0x00006d6c                I2CMasterIntDisable
 .text.I2CMasterIntDisableEx
                0x00006d88       0x28 ./driverlib/i2c.o
                0x00006d88                I2CMasterIntDisableEx
 .text.I2CSlaveIntDisable
                0x00006db0       0x28 ./driverlib/i2c.o
                0x00006db0                I2CSlaveIntDisable
 .text.I2CSlaveIntDisableEx
                0x00006dd8       0x2c ./driverlib/i2c.o
                0x00006dd8                I2CSlaveIntDisableEx
 .text.I2CMasterIntStatus
                0x00006e04       0x40 ./driverlib/i2c.o
                0x00006e04                I2CMasterIntStatus
 .text.I2CMasterIntStatusEx
                0x00006e44       0x2c ./driverlib/i2c.o
                0x00006e44                I2CMasterIntStatusEx
 .text.I2CSlaveIntStatus
                0x00006e70       0x44 ./driverlib/i2c.o
                0x00006e70                I2CSlaveIntStatus
 .text.I2CSlaveIntStatusEx
                0x00006eb4       0x30 ./driverlib/i2c.o
                0x00006eb4                I2CSlaveIntStatusEx
 .text.I2CMasterIntClear
                0x00006ee4       0x28 ./driverlib/i2c.o
                0x00006ee4                I2CMasterIntClear
 .text.I2CMasterIntClearEx
                0x00006f0c       0x20 ./driverlib/i2c.o
                0x00006f0c                I2CMasterIntClearEx
 .text.I2CSlaveIntClear
                0x00006f2c       0x20 ./driverlib/i2c.o
                0x00006f2c                I2CSlaveIntClear
 .text.I2CSlaveIntClearEx
                0x00006f4c       0x20 ./driverlib/i2c.o
                0x00006f4c                I2CSlaveIntClearEx
 .text.I2CMasterSlaveAddrSet
                0x00006f6c       0x28 ./driverlib/i2c.o
                0x00006f6c                I2CMasterSlaveAddrSet
 .text.I2CMasterLineStateGet
                0x00006f94       0x1c ./driverlib/i2c.o
                0x00006f94                I2CMasterLineStateGet
 .text.I2CMasterBusy
                0x00006fb0       0x28 ./driverlib/i2c.o
                0x00006fb0                I2CMasterBusy
 .text.I2CMasterBusBusy
                0x00006fd8       0x28 ./driverlib/i2c.o
                0x00006fd8                I2CMasterBusBusy
 .text.I2CMasterControl
                0x00007000       0x20 ./driverlib/i2c.o
                0x00007000                I2CMasterControl
 .text.I2CMasterErr
                0x00007020       0x40 ./driverlib/i2c.o
                0x00007020                I2CMasterErr
 .text.I2CMasterDataPut
                0x00007060       0x20 ./driverlib/i2c.o
                0x00007060                I2CMasterDataPut
 .text.I2CMasterDataGet
                0x00007080       0x1c ./driverlib/i2c.o
                0x00007080                I2CMasterDataGet
 .text.I2CMasterTimeoutSet
                0x0000709c       0x20 ./driverlib/i2c.o
                0x0000709c                I2CMasterTimeoutSet
 .text.I2CSlaveACKOverride
                0x000070bc       0x4c ./driverlib/i2c.o
                0x000070bc                I2CSlaveACKOverride
 .text.I2CSlaveACKValueSet
                0x00007108       0x4c ./driverlib/i2c.o
                0x00007108                I2CSlaveACKValueSet
 .text.I2CSlaveStatus
                0x00007154       0x1c ./driverlib/i2c.o
                0x00007154                I2CSlaveStatus
 .text.I2CSlaveDataPut
                0x00007170       0x24 ./driverlib/i2c.o
                0x00007170                I2CSlaveDataPut
 .text.I2CSlaveDataGet
                0x00007194       0x1c ./driverlib/i2c.o
                0x00007194                I2CSlaveDataGet
 .text.I2CTxFIFOConfigSet
                0x000071b0       0x40 ./driverlib/i2c.o
                0x000071b0                I2CTxFIFOConfigSet
 .text.I2CTxFIFOFlush
                0x000071f0       0x28 ./driverlib/i2c.o
                0x000071f0                I2CTxFIFOFlush
 .text.I2CRxFIFOConfigSet
                0x00007218       0x40 ./driverlib/i2c.o
                0x00007218                I2CRxFIFOConfigSet
 .text.I2CRxFIFOFlush
                0x00007258       0x28 ./driverlib/i2c.o
                0x00007258                I2CRxFIFOFlush
 .text.I2CFIFOStatus
                0x00007280       0x1c ./driverlib/i2c.o
                0x00007280                I2CFIFOStatus
 .text.I2CFIFODataPut
                0x0000729c       0x34 ./driverlib/i2c.o
                0x0000729c                I2CFIFODataPut
 .text.I2CFIFODataPutNonBlocking
                0x000072d0       0x3c ./driverlib/i2c.o
                0x000072d0                I2CFIFODataPutNonBlocking
 .text.I2CFIFODataGet
                0x0000730c       0x30 ./driverlib/i2c.o
                0x0000730c                I2CFIFODataGet
 .text.I2CFIFODataGetNonBlocking
                0x0000733c       0x3c ./driverlib/i2c.o
                0x0000733c                I2CFIFODataGetNonBlocking
 .text.I2CMasterBurstLengthSet
                0x00007378       0x20 ./driverlib/i2c.o
                0x00007378                I2CMasterBurstLengthSet
 .text.I2CMasterBurstCountGet
                0x00007398       0x1c ./driverlib/i2c.o
                0x00007398                I2CMasterBurstCountGet
 .text.I2CMasterGlitchFilterConfigSet
                0x000073b4       0x78 ./driverlib/i2c.o
                0x000073b4                I2CMasterGlitchFilterConfigSet
 .text.I2CSlaveFIFOEnable
                0x0000742c       0x24 ./driverlib/i2c.o
                0x0000742c                I2CSlaveFIFOEnable
 .text.I2CSlaveFIFODisable
                0x00007450       0x20 ./driverlib/i2c.o
                0x00007450                I2CSlaveFIFODisable
 .text.I2CLoopbackEnable
                0x00007470       0x24 ./driverlib/i2c.o
                0x00007470                I2CLoopbackEnable
 .text._IntDefaultHandler
                0x00007494        0x8 ./driverlib/interrupt.o
 .text.IntMasterEnable
                0x0000749c       0x18 ./driverlib/interrupt.o
                0x0000749c                IntMasterEnable
 .text.IntMasterDisable
                0x000074b4       0x18 ./driverlib/interrupt.o
                0x000074b4                IntMasterDisable
 .text.IntRegister
                0x000074cc       0x64 ./driverlib/interrupt.o
                0x000074cc                IntRegister
 .text.IntUnregister
                0x00007530       0x24 ./driverlib/interrupt.o
                0x00007530                IntUnregister
 .text.IntPriorityGroupingSet
                0x00007554       0x30 ./driverlib/interrupt.o
                0x00007554                IntPriorityGroupingSet
 .text.IntPriorityGroupingGet
                0x00007584       0x48 ./driverlib/interrupt.o
                0x00007584                IntPriorityGroupingGet
 .text.IntPrioritySet
                0x000075cc       0x64 ./driverlib/interrupt.o
                0x000075cc                IntPrioritySet
 .text.IntPriorityGet
                0x00007630       0x30 ./driverlib/interrupt.o
                0x00007630                IntPriorityGet
 .text.IntEnable
                0x00007660       0x94 ./driverlib/interrupt.o
                0x00007660                IntEnable
 .text.IntDisable
                0x000076f4       0x94 ./driverlib/interrupt.o
                0x000076f4                IntDisable
 .text.IntIsEnabled
                0x00007788       0x94 ./driverlib/interrupt.o
                0x00007788                IntIsEnabled
 .text.IntPendSet
                0x0000781c       0x7c ./driverlib/interrupt.o
                0x0000781c                IntPendSet
 .text.IntPendClear
                0x00007898       0x68 ./driverlib/interrupt.o
                0x00007898                IntPendClear
 .text.IntPriorityMaskSet
                0x00007900       0x14 ./driverlib/interrupt.o
                0x00007900                IntPriorityMaskSet
 .text.IntPriorityMaskGet
                0x00007914       0x10 ./driverlib/interrupt.o
                0x00007914                IntPriorityMaskGet
 .text.IntTrigger
                0x00007924       0x20 ./driverlib/interrupt.o
                0x00007924                IntTrigger
 .text.LCDModeSet
                0x00007944       0x58 ./driverlib/lcd.o
                0x00007944                LCDModeSet
 .text.LCDClockReset
                0x0000799c       0x2c ./driverlib/lcd.o
                0x0000799c                LCDClockReset
 .text.LCDIDDConfigSet
                0x000079c8       0x20 ./driverlib/lcd.o
                0x000079c8                LCDIDDConfigSet
 .text.LCDIDDTimingSet
                0x000079e8       0x6c ./driverlib/lcd.o
                0x000079e8                LCDIDDTimingSet
 .text.LCDIDDDMADisable
                0x00007a54       0x24 ./driverlib/lcd.o
                0x00007a54                LCDIDDDMADisable
 .text.LCDIDDCommandWrite
                0x00007a78       0x34 ./driverlib/lcd.o
                0x00007a78                LCDIDDCommandWrite
 .text.LCDIDDDataWrite
                0x00007aac       0x34 ./driverlib/lcd.o
                0x00007aac                LCDIDDDataWrite
 .text.LCDIDDIndexedWrite
                0x00007ae0       0x54 ./driverlib/lcd.o
                0x00007ae0                LCDIDDIndexedWrite
 .text.LCDIDDStatusRead
                0x00007b34       0x30 ./driverlib/lcd.o
                0x00007b34                LCDIDDStatusRead
 .text.LCDIDDDataRead
                0x00007b64       0x30 ./driverlib/lcd.o
                0x00007b64                LCDIDDDataRead
 .text.LCDIDDIndexedRead
                0x00007b94       0x4c ./driverlib/lcd.o
                0x00007b94                LCDIDDIndexedRead
 .text.LCDIDDDMAWrite
                0x00007be0       0x84 ./driverlib/lcd.o
                0x00007be0                LCDIDDDMAWrite
 .text.LCDRasterConfigSet
                0x00007c64       0x28 ./driverlib/lcd.o
                0x00007c64                LCDRasterConfigSet
 .text.LCDRasterTimingSet
                0x00007c8c       0xf0 ./driverlib/lcd.o
                0x00007c8c                LCDRasterTimingSet
 .text.LCDRasterACBiasIntCountSet
                0x00007d7c       0x40 ./driverlib/lcd.o
                0x00007d7c                LCDRasterACBiasIntCountSet
 .text.LCDRasterEnable
                0x00007dbc       0x28 ./driverlib/lcd.o
                0x00007dbc                LCDRasterEnable
 .text.LCDRasterEnabled
                0x00007de4       0x28 ./driverlib/lcd.o
                0x00007de4                LCDRasterEnabled
 .text.LCDRasterDisable
                0x00007e0c       0x24 ./driverlib/lcd.o
                0x00007e0c                LCDRasterDisable
 .text.LCDRasterSubPanelConfigSet
                0x00007e30       0x64 ./driverlib/lcd.o
                0x00007e30                LCDRasterSubPanelConfigSet
 .text.LCDRasterSubPanelEnable
                0x00007e94       0x24 ./driverlib/lcd.o
                0x00007e94                LCDRasterSubPanelEnable
 .text.LCDRasterSubPanelDisable
                0x00007eb8       0x24 ./driverlib/lcd.o
                0x00007eb8                LCDRasterSubPanelDisable
 .text.LCDDMAConfigSet
                0x00007edc       0x20 ./driverlib/lcd.o
                0x00007edc                LCDDMAConfigSet
 .text.LCDRasterPaletteSet
                0x00007efc       0xd4 ./driverlib/lcd.o
                0x00007efc                LCDRasterPaletteSet
 .text.LCDRasterFrameBufferSet
                0x00007fd0       0x58 ./driverlib/lcd.o
                0x00007fd0                LCDRasterFrameBufferSet
 .text.LCDIntEnable
                0x00008028       0x20 ./driverlib/lcd.o
                0x00008028                LCDIntEnable
 .text.LCDIntDisable
                0x00008048       0x20 ./driverlib/lcd.o
                0x00008048                LCDIntDisable
 .text.LCDIntStatus
                0x00008068       0x2c ./driverlib/lcd.o
                0x00008068                LCDIntStatus
 .text.LCDIntClear
                0x00008094       0x20 ./driverlib/lcd.o
                0x00008094                LCDIntClear
 .text.LCDIntRegister
                0x000080b4       0x20 ./driverlib/lcd.o
                0x000080b4                LCDIntRegister
 .text.LCDIntUnregister
                0x000080d4       0x1c ./driverlib/lcd.o
                0x000080d4                LCDIntUnregister
 .text.MPUEnable
                0x000080f0       0x20 ./driverlib/mpu.o
                0x000080f0                MPUEnable
 .text.MPUDisable
                0x00008110       0x1c ./driverlib/mpu.o
                0x00008110                MPUDisable
 .text.MPURegionCountGet
                0x0000812c       0x1c ./driverlib/mpu.o
                0x0000812c                MPURegionCountGet
 .text.MPURegionEnable
                0x00008148       0x2c ./driverlib/mpu.o
                0x00008148                MPURegionEnable
 .text.MPURegionDisable
                0x00008174       0x2c ./driverlib/mpu.o
                0x00008174                MPURegionDisable
[...]
 .comment       0x00000000       0x71 ./driverlib/aes.o
 .comment       0x00000000       0x71 ./driverlib/can.o
 .comment       0x00000000       0x71 ./driverlib/comp.o
 .comment       0x00000000       0x71 ./driverlib/cpu.o
 .comment       0x00000000       0x71 ./driverlib/crc.o
 .comment       0x00000000       0x71 ./driverlib/des.o
 .comment       0x00000000       0x71 ./driverlib/eeprom.o
 .comment       0x00000000       0x71 ./driverlib/emac.o
 .comment       0x00000000       0x71 ./driverlib/epi.o
 .comment       0x00000000       0x71 ./driverlib/flash.o
 .comment       0x00000000       0x71 ./driverlib/fpu.o
 .comment       0x00000000       0x71 ./driverlib/gpio.o
 .comment       0x00000000       0x71 ./driverlib/hibernate.o
 .comment       0x00000000       0x71 ./driverlib/i2c.o
 .comment       0x00000000       0x71 ./driverlib/interrupt.o
 .comment       0x00000000       0x71 ./driverlib/lcd.o
 .comment       0x00000000       0x71 ./driverlib/mpu.o
 .comment       0x00000000       0x71 ./driverlib/onewire.o
 .comment       0x00000000       0x71 ./driverlib/pwm.o
 .comment       0x00000000       0x71 ./driverlib/qei.o
 .comment       0x00000000       0x71 ./driverlib/shamd5.o
 .comment       0x00000000       0x71 ./driverlib/ssi.o
 .comment       0x00000000       0x71 ./driverlib/sw_crc.o
 .comment       0x00000000       0x71 ./driverlib/sysctl.o
 .comment       0x00000000       0x71 ./driverlib/sysexc.o
 .comment       0x00000000       0x71 ./driverlib/systick.o
 .comment       0x00000000       0x71 ./driverlib/timer.o
 .comment       0x00000000       0x71 ./driverlib/uart.o
 .comment       0x00000000       0x71 ./driverlib/udma.o
 .comment       0x00000000       0x71 ./driverlib/usb.o
 .comment       0x00000000       0x71 ./driverlib/watchdog.o

.debug_info     0x00000000     0xf097
 .debug_info    0x00000000       0xb1 ./main.o
 .debug_info    0x000000b1      0x175 ./tm4c123gh6pm_startup_ccs_gcc.o
 .debug_info    0x00000226      0xb71 ./driverlib/adc.o
 .debug_info    0x00000d97      0x6f8 ./driverlib/aes.o
 .debug_info    0x0000148f      0x900 ./driverlib/can.o
 .debug_info    0x00001d8f      0x29f ./driverlib/comp.o
 .debug_info    0x0000202e      0x15b ./driverlib/cpu.o
 .debug_info    0x00002189      0x1de ./driverlib/crc.o
 .debug_info    0x00002367      0x4a0 ./driverlib/des.o
 .debug_info    0x00002807      0x447 ./driverlib/eeprom.o
 .debug_info    0x00002c4e     0x13a4 ./driverlib/emac.o
 .debug_info    0x00003ff2      0xc01 ./driverlib/epi.o
 .debug_info    0x00004bf3      0x48f ./driverlib/flash.o
 .debug_info    0x00005082      0x173 ./driverlib/fpu.o
 .debug_info    0x000051f5      0xcbe ./driverlib/gpio.o
 .debug_info    0x00005eb3      0x970 ./driverlib/hibernate.o
 .debug_info    0x00006823      0xc78 ./driverlib/i2c.o
 .debug_info    0x0000749b      0x46a ./driverlib/interrupt.o
 .debug_info    0x00007905      0x9ef ./driverlib/lcd.o
 .debug_info    0x000082f4      0x1f0 ./driverlib/mpu.o
 .debug_info    0x000084e4      0x3e8 ./driverlib/onewire.o
 .debug_info    0x000088cc      0xae1 ./driverlib/pwm.o
 .debug_info    0x000093ad      0x4c1 ./driverlib/qei.o
 .debug_info    0x0000986e      0x5a5 ./driverlib/shamd5.o
 .debug_info    0x00009e13      0x6c6 ./driverlib/ssi.o
 .debug_info    0x0000a4d9      0x307 ./driverlib/sw_crc.o
 .debug_info    0x0000a7e0      0xb37 ./driverlib/sysctl.o
 .debug_info    0x0000b317      0x1aa ./driverlib/sysexc.o
 .debug_info    0x0000b4c1      0x160 ./driverlib/systick.o
 .debug_info    0x0000b621      0xb07 ./driverlib/timer.o
 .debug_info    0x0000c128      0xb86 ./driverlib/uart.o
 .debug_info    0x0000ccae      0x60a ./driverlib/udma.o
 .debug_info    0x0000d2b8     0x1a44 ./driverlib/usb.o
 .debug_info    0x0000ecfc      0x39b ./driverlib/watchdog.o

.debug_abbrev   0x00000000     0x2058
 .debug_abbrev  0x00000000       0x66 ./main.o
 .debug_abbrev  0x00000066       0xca ./tm4c123gh6pm_startup_ccs_gcc.o
 .debug_abbrev  0x00000130       0xf1 ./driverlib/adc.o
 .debug_abbrev  0x00000221       0xce ./driverlib/aes.o
 .debug_abbrev  0x000002ef      0x157 ./driverlib/can.o
 .debug_abbrev  0x00000446       0xd8 ./driverlib/comp.o
 .debug_abbrev  0x0000051e       0xbe ./driverlib/cpu.o
 .debug_abbrev  0x000005dc       0x8c ./driverlib/crc.o
 .debug_abbrev  0x00000668       0xe7 ./driverlib/des.o
 .debug_abbrev  0x0000074f      0x119 ./driverlib/eeprom.o
 .debug_abbrev  0x00000868      0x137 ./driverlib/emac.o
 .debug_abbrev  0x0000099f       0xf9 ./driverlib/epi.o
 .debug_abbrev  0x00000a98      0x125 ./driverlib/flash.o
 .debug_abbrev  0x00000bbd       0x94 ./driverlib/fpu.o
 .debug_abbrev  0x00000c51       0xe1 ./driverlib/gpio.o
 .debug_abbrev  0x00000d32      0x166 ./driverlib/hibernate.o
 .debug_abbrev  0x00000e98       0xf8 ./driverlib/i2c.o
 .debug_abbrev  0x00000f90       0xfc ./driverlib/interrupt.o
 .debug_abbrev  0x0000108c      0x135 ./driverlib/lcd.o
 .debug_abbrev  0x000011c1       0xd2 ./driverlib/mpu.o
 .debug_abbrev  0x00001293       0xfe ./driverlib/onewire.o
 .debug_abbrev  0x00001391       0xe5 ./driverlib/pwm.o
 .debug_abbrev  0x00001476       0xfe ./driverlib/qei.o
 .debug_abbrev  0x00001574      0x10b ./driverlib/shamd5.o
 .debug_abbrev  0x0000167f       0xf8 ./driverlib/ssi.o
 .debug_abbrev  0x00001777       0xb4 ./driverlib/sw_crc.o
 .debug_abbrev  0x0000182b      0x147 ./driverlib/sysctl.o
 .debug_abbrev  0x00001972       0xce ./driverlib/sysexc.o
 .debug_abbrev  0x00001a40       0xae ./driverlib/systick.o
 .debug_abbrev  0x00001aee      0x101 ./driverlib/timer.o
 .debug_abbrev  0x00001bef      0x111 ./driverlib/uart.o
 .debug_abbrev  0x00001d00      0x159 ./driverlib/udma.o
 .debug_abbrev  0x00001e59      0x127 ./driverlib/usb.o
 .debug_abbrev  0x00001f80       0xd8 ./driverlib/watchdog.o

.debug_aranges  0x00000000     0x2060
 .debug_aranges
                0x00000000       0x20 ./main.o
 .debug_aranges
                0x00000020       0x38 ./tm4c123gh6pm_startup_ccs_gcc.o
 .debug_aranges
                0x00000058      0x160 ./driverlib/adc.o
 .debug_aranges
                0x000001b8       0xe0 ./driverlib/aes.o
 .debug_aranges
                0x00000298       0xc8 ./driverlib/can.o
 .debug_aranges
                0x00000360       0x60 ./driverlib/comp.o
 .debug_aranges
                0x000003c0       0x48 ./driverlib/cpu.o
 .debug_aranges
                0x00000408       0x40 ./driverlib/crc.o
 .debug_aranges
                0x00000448       0xa8 ./driverlib/des.o
 .debug_aranges
                0x000004f0       0xc0 ./driverlib/eeprom.o
 .debug_aranges
                0x000005b0      0x260 ./driverlib/emac.o
 .debug_aranges
                0x00000810      0x160 ./driverlib/epi.o
 .debug_aranges
                0x00000970       0x98 ./driverlib/flash.o
 .debug_aranges
                0x00000a08       0x60 ./driverlib/fpu.o
 .debug_aranges
                0x00000a68      0x190 ./driverlib/gpio.o
 .debug_aranges
                0x00000bf8      0x1c8 ./driverlib/hibernate.o
 .debug_aranges
                0x00000dc0      0x1d0 ./driverlib/i2c.o
 .debug_aranges
                0x00000f90       0xa0 ./driverlib/interrupt.o
 .debug_aranges
                0x00001030      0x108 ./driverlib/lcd.o
 .debug_aranges
                0x00001138       0x60 ./driverlib/mpu.o
 .debug_aranges
                0x00001198       0x90 ./driverlib/onewire.o
 .debug_aranges
                0x00001228      0x148 ./driverlib/pwm.o
 .debug_aranges
                0x00001370       0xc0 ./driverlib/qei.o
 .debug_aranges
                0x00001430       0xb8 ./driverlib/shamd5.o
 .debug_aranges
                0x000014e8       0xd8 ./driverlib/ssi.o
 .debug_aranges
                0x000015c0       0x40 ./driverlib/sw_crc.o
 .debug_aranges
                0x00001600      0x1e0 ./driverlib/sysctl.o
 .debug_aranges
                0x000017e0       0x50 ./driverlib/sysexc.o
 .debug_aranges
                0x00001830       0x60 ./driverlib/systick.o
 .debug_aranges
                0x00001890      0x150 ./driverlib/timer.o
 .debug_aranges
                0x000019e0      0x198 ./driverlib/uart.o
 .debug_aranges
                0x00001b78       0xe8 ./driverlib/udma.o
 .debug_aranges
                0x00001c60      0x358 ./driverlib/usb.o
 .debug_aranges
                0x00001fb8       0xa8 ./driverlib/watchdog.o

.debug_ranges   0x00000000     0x1e40
 .debug_ranges  0x00000000       0x10 ./main.o
 .debug_ranges  0x00000010       0x28 ./tm4c123gh6pm_startup_ccs_gcc.o
 .debug_ranges  0x00000038      0x150 ./driverlib/adc.o
 .debug_ranges  0x00000188       0xd0 ./driverlib/aes.o
 .debug_ranges  0x00000258       0xb8 ./driverlib/can.o
 .debug_ranges  0x00000310       0x50 ./driverlib/comp.o
 .debug_ranges  0x00000360       0x38 ./driverlib/cpu.o
 .debug_ranges  0x00000398       0x30 ./driverlib/crc.o
 .debug_ranges  0x000003c8       0x98 ./driverlib/des.o
 .debug_ranges  0x00000460       0xb0 ./driverlib/eeprom.o
 .debug_ranges  0x00000510      0x250 ./driverlib/emac.o
 .debug_ranges  0x00000760      0x150 ./driverlib/epi.o
 .debug_ranges  0x000008b0       0x88 ./driverlib/flash.o
 .debug_ranges  0x00000938       0x50 ./driverlib/fpu.o
 .debug_ranges  0x00000988      0x180 ./driverlib/gpio.o
 .debug_ranges  0x00000b08      0x1b8 ./driverlib/hibernate.o
 .debug_ranges  0x00000cc0      0x1c0 ./driverlib/i2c.o
 .debug_ranges  0x00000e80       0x90 ./driverlib/interrupt.o
 .debug_ranges  0x00000f10       0xf8 ./driverlib/lcd.o
 .debug_ranges  0x00001008       0x50 ./driverlib/mpu.o
 .debug_ranges  0x00001058       0x80 ./driverlib/onewire.o
 .debug_ranges  0x000010d8      0x138 ./driverlib/pwm.o
 .debug_ranges  0x00001210       0xb0 ./driverlib/qei.o
 .debug_ranges  0x000012c0       0xa8 ./driverlib/shamd5.o
 .debug_ranges  0x00001368       0xc8 ./driverlib/ssi.o
 .debug_ranges  0x00001430       0x30 ./driverlib/sw_crc.o
 .debug_ranges  0x00001460      0x1d0 ./driverlib/sysctl.o
 .debug_ranges  0x00001630       0x40 ./driverlib/sysexc.o
 .debug_ranges  0x00001670       0x50 ./driverlib/systick.o
 .debug_ranges  0x000016c0      0x140 ./driverlib/timer.o
 .debug_ranges  0x00001800      0x188 ./driverlib/uart.o
 .debug_ranges  0x00001988       0xd8 ./driverlib/udma.o
 .debug_ranges  0x00001a60      0x348 ./driverlib/usb.o
 .debug_ranges  0x00001da8       0x98 ./driverlib/watchdog.o

.debug_line     0x00000000     0x811d
 .debug_line    0x00000000      0x117 ./main.o
 .debug_line    0x00000117      0x158 ./tm4c123gh6pm_startup_ccs_gcc.o
 .debug_line    0x0000026f      0x54f ./driverlib/adc.o
 .debug_line    0x000007be      0x3a6 ./driverlib/aes.o
 .debug_line    0x00000b64      0x484 ./driverlib/can.o
 .debug_line    0x00000fe8      0x1d8 ./driverlib/comp.o
 .debug_line    0x000011c0      0x196 ./driverlib/cpu.o
 .debug_line    0x00001356      0x18d ./driverlib/crc.o
 .debug_line    0x000014e3      0x2c3 ./driverlib/des.o
 .debug_line    0x000017a6      0x350 ./driverlib/eeprom.o
 .debug_line    0x00001af6      0x7cd ./driverlib/emac.o
 .debug_line    0x000022c3      0x51c ./driverlib/epi.o
 .debug_line    0x000027df      0x2cd ./driverlib/flash.o
 .debug_line    0x00002aac      0x1c1 ./driverlib/fpu.o
 .debug_line    0x00002c6d      0x658 ./driverlib/gpio.o
 .debug_line    0x000032c5      0x647 ./driverlib/hibernate.o
 .debug_line    0x0000390c      0x612 ./driverlib/i2c.o
 .debug_line    0x00003f1e      0x2b7 ./driverlib/interrupt.o
 .debug_line    0x000041d5      0x43a ./driverlib/lcd.o
 .debug_line    0x0000460f      0x1d2 ./driverlib/mpu.o
 .debug_line    0x000047e1      0x272 ./driverlib/onewire.o
 .debug_line    0x00004a53      0x4ff ./driverlib/pwm.o
 .debug_line    0x00004f52      0x2d7 ./driverlib/qei.o
 .debug_line    0x00005229      0x34f ./driverlib/shamd5.o
 .debug_line    0x00005578      0x396 ./driverlib/ssi.o
 .debug_line    0x0000590e      0x1f2 ./driverlib/sw_crc.o
 .debug_line    0x00005b00      0x722 ./driverlib/sysctl.o
 .debug_line    0x00006222      0x1a7 ./driverlib/sysexc.o
 .debug_line    0x000063c9      0x1c5 ./driverlib/systick.o
 .debug_line    0x0000658e      0x514 ./driverlib/timer.o
 .debug_line    0x00006aa2      0x58d ./driverlib/uart.o
 .debug_line    0x0000702f      0x3de ./driverlib/udma.o
 .debug_line    0x0000740d      0xa82 ./driverlib/usb.o
 .debug_line    0x00007e8f      0x28e ./driverlib/watchdog.o

.debug_str      0x00000000     0x61fc
 .debug_str     0x00000000      0x16f ./main.o
                                0x1ac (size before relaxing)
 .debug_str     0x0000016f       0x98 ./tm4c123gh6pm_startup_ccs_gcc.o
                                0x23e (size before relaxing)
 .debug_str     0x00000207      0x495 ./driverlib/adc.o
                                0x648 (size before relaxing)
 .debug_str     0x0000069c      0x215 ./driverlib/aes.o
                                0x408 (size before relaxing)
 .debug_str     0x000008b1      0x4a4 ./driverlib/can.o
                                0x6a8 (size before relaxing)
 .debug_str     0x00000d55       0x85 ./driverlib/comp.o
                                0x29c (size before relaxing)
 .debug_str     0x00000dda       0x89 ./driverlib/cpu.o
                                0x1fe (size before relaxing)
 .debug_str     0x00000e63       0xbb ./driverlib/crc.o
                                0x25a (size before relaxing)
 .debug_str     0x00000f1e      0x12e ./driverlib/des.o
                                0x33a (size before relaxing)
 .debug_str     0x0000104c      0x1f3 ./driverlib/eeprom.o
                                0x3a1 (size before relaxing)
 .debug_str     0x0000123f      0x8cf ./driverlib/emac.o
                                0xb49 (size before relaxing)
 .debug_str     0x00001b0e      0x439 ./driverlib/epi.o
                                0x66a (size before relaxing)
 .debug_str     0x00001f47      0x204 ./driverlib/flash.o
                                0x40b (size before relaxing)
 .debug_str     0x0000214b       0xd1 ./driverlib/fpu.o
                                0x24f (size before relaxing)
 .debug_str     0x0000221c      0x4dd ./driverlib/gpio.o
                                0x6cc (size before relaxing)
 .debug_str     0x000026f9      0x59b ./driverlib/hibernate.o
                                0x7c1 (size before relaxing)
 .debug_str     0x00002c94      0x4f7 ./driverlib/i2c.o
                                0x70d (size before relaxing)
 .debug_str     0x0000318b      0x1af ./driverlib/interrupt.o
                                0x3bd (size before relaxing)
 .debug_str     0x0000333a      0x409 ./driverlib/lcd.o
                                0x654 (size before relaxing)
 .debug_str     0x00003743       0xd8 ./driverlib/mpu.o
                                0x275 (size before relaxing)
 .debug_str     0x0000381b      0x184 ./driverlib/onewire.o
                                0x343 (size before relaxing)
 .debug_str     0x0000399f      0x3d0 ./driverlib/pwm.o
                                0x5ed (size before relaxing)
 .debug_str     0x00003d6f      0x1a4 ./driverlib/qei.o
                                0x378 (size before relaxing)
 .debug_str     0x00003f13      0x1d5 ./driverlib/shamd5.o
                                0x3f3 (size before relaxing)
 .debug_str     0x000040e8      0x284 ./driverlib/ssi.o
                                0x4a8 (size before relaxing)
 .debug_str     0x0000436c       0xbc ./driverlib/sw_crc.o
                                0x29c (size before relaxing)
 .debug_str     0x00004428      0x685 ./driverlib/sysctl.o
                                0x88e (size before relaxing)
 .debug_str     0x00004aad       0xaf ./driverlib/sysexc.o
                                0x252 (size before relaxing)
 .debug_str     0x00004b5c       0xd0 ./driverlib/systick.o
                                0x25b (size before relaxing)
 .debug_str     0x00004c2c      0x385 ./driverlib/timer.o
                                0x5bc (size before relaxing)
 .debug_str     0x00004fb1      0x430 ./driverlib/uart.o
                                0x6b0 (size before relaxing)
 .debug_str     0x000053e1      0x397 ./driverlib/udma.o
                                0x53f (size before relaxing)
 .debug_str     0x00005778      0x8fb ./driverlib/usb.o
                                0xbc6 (size before relaxing)
 .debug_str     0x00006073      0x189 ./driverlib/watchdog.o
                                0x329 (size before relaxing)

.debug_frame    0x00000000     0x9004
 .debug_frame   0x00000000       0x30 ./main.o
 .debug_frame   0x00000030       0x7c ./tm4c123gh6pm_startup_ccs_gcc.o
 .debug_frame   0x000000ac      0x670 ./driverlib/adc.o
 .debug_frame   0x0000071c      0x3e8 ./driverlib/aes.o
 .debug_frame   0x00000b04      0x378 ./driverlib/can.o
 .debug_frame   0x00000e7c      0x170 ./driverlib/comp.o
 .debug_frame   0x00000fec       0x70 ./driverlib/cpu.o
 .debug_frame   0x0000105c       0xd4 ./driverlib/crc.o
 .debug_frame   0x00001130      0x2d4 ./driverlib/des.o
 .debug_frame   0x00001404      0x30c ./driverlib/eeprom.o
 .debug_frame   0x00001710      0xb54 ./driverlib/emac.o
 .debug_frame   0x00002264      0x670 ./driverlib/epi.o
 .debug_frame   0x000028d4      0x278 ./driverlib/flash.o
 .debug_frame   0x00002b4c      0x150 ./driverlib/fpu.o
 .debug_frame   0x00002c9c      0x6f8 ./driverlib/gpio.o
 .debug_frame   0x00003394      0x738 ./driverlib/hibernate.o
 .debug_frame   0x00003acc      0x898 ./driverlib/i2c.o
 .debug_frame   0x00004364      0x280 ./driverlib/interrupt.o
 .debug_frame   0x000045e4      0x4b0 ./driverlib/lcd.o
 .debug_frame   0x00004a94      0x158 ./driverlib/mpu.o
 .debug_frame   0x00004bec      0x25c ./driverlib/onewire.o
 .debug_frame   0x00004e48      0x5f0 ./driverlib/pwm.o
 .debug_frame   0x00005438      0x350 ./driverlib/qei.o
 .debug_frame   0x00005788      0x31c ./driverlib/shamd5.o
 .debug_frame   0x00005aa4      0x3c8 ./driverlib/ssi.o
 .debug_frame   0x00005e6c       0xd4 ./driverlib/sw_crc.o
 .debug_frame   0x00005f40      0x844 ./driverlib/sysctl.o
 .debug_frame   0x00006784      0x120 ./driverlib/sysexc.o
 .debug_frame   0x000068a4      0x138 ./driverlib/systick.o
 .debug_frame   0x000069dc      0x628 ./driverlib/timer.o
 .debug_frame   0x00007004      0x784 ./driverlib/uart.o
 .debug_frame   0x00007788      0x3e0 ./driverlib/udma.o
 .debug_frame   0x00007b68     0x1044 ./driverlib/usb.o
 .debug_frame   0x00008bac      0x2d8 ./driverlib/watchdog.o
 .debug_frame   0x00008e84       0x28 c:/ti/ccsv6/tools/compiler/gcc-arm-none-eabi-4_9-2015q3/bin/../lib/gcc/arm-none-eabi/4.9.3/../../../../arm-none-eabi/lib/armv7e-m/fpu\libc.a(lib_a-exit.o)
 .debug_frame   0x00008eac       0x2c c:/ti/ccsv6/tools/compiler/gcc-arm-none-eabi-4_9-2015q3/bin/../lib/gcc/arm-none-eabi/4.9.3/../../../../arm-none-eabi/lib/armv7e-m/fpu\libc.a(lib_a-init.o)
 .debug_frame   0x00008ed8       0x34 c:/ti/ccsv6/tools/compiler/gcc-arm-none-eabi-4_9-2015q3/bin/../lib/gcc/arm-none-eabi/4.9.3/../../../../arm-none-eabi/lib/armv7e-m/fpu\libc.a(lib_a-memset.o)
 .debug_frame   0x00008f0c       0x50 c:/ti/ccsv6/tools/compiler/gcc-arm-none-eabi-4_9-2015q3/bin/../lib/gcc/arm-none-eabi/4.9.3/../../../../arm-none-eabi/lib/armv7e-m/fpu\libc.a(lib_a-__call_atexit.o)
 .debug_frame   0x00008f5c       0x20 c:/ti/ccsv6/tools/compiler/gcc-arm-none-eabi-4_9-2015q3/bin/../lib/gcc/arm-none-eabi/4.9.3/../../../../arm-none-eabi/lib/armv7e-m/fpu\libc.a(lib_a-atexit.o)
 .debug_frame   0x00008f7c       0x34 c:/ti/ccsv6/tools/compiler/gcc-arm-none-eabi-4_9-2015q3/bin/../lib/gcc/arm-none-eabi/4.9.3/../../../../arm-none-eabi/lib/armv7e-m/fpu\libc.a(lib_a-fini.o)
 .debug_frame   0x00008fb0       0x34 c:/ti/ccsv6/tools/compiler/gcc-arm-none-eabi-4_9-2015q3/bin/../lib/gcc/arm-none-eabi/4.9.3/../../../../arm-none-eabi/lib/armv7e-m/fpu\libc.a(lib_a-__atexit.o)
 .debug_frame   0x00008fe4       0x20 c:/ti/ccsv6/tools/compiler/gcc-arm-none-eabi-4_9-2015q3/bin/../lib/gcc/arm-none-eabi/4.9.3/../../../../arm-none-eabi/lib/armv7e-m/fpu\libnosys.a(_exit.o)
