Archive member included because of file (symbol)

c:/ti/ccsv6/tools/compiler/gcc-arm-none-eabi-4_9-2015q3/bin/../lib/gcc/arm-none-eabi/4.9.3/../../../../arm-none-eabi/lib/armv7e-m/softfp\libc.a(lib_a-exit.o)
                              c:/ti/ccsv6/tools/compiler/gcc-arm-none-eabi-4_9-2015q3/bin/../lib/gcc/arm-none-eabi/4.9.3/../../../../arm-none-eabi/lib/armv7e-m/softfp/crt0.o (exit)
c:/ti/ccsv6/tools/compiler/gcc-arm-none-eabi-4_9-2015q3/bin/../lib/gcc/arm-none-eabi/4.9.3/../../../../arm-none-eabi/lib/armv7e-m/softfp\libc.a(lib_a-impure.o)
                              c:/ti/ccsv6/tools/compiler/gcc-arm-none-eabi-4_9-2015q3/bin/../lib/gcc/arm-none-eabi/4.9.3/../../../../arm-none-eabi/lib/armv7e-m/softfp\libc.a(lib_a-exit.o) (_global_impure_ptr)
c:/ti/ccsv6/tools/compiler/gcc-arm-none-eabi-4_9-2015q3/bin/../lib/gcc/arm-none-eabi/4.9.3/../../../../arm-none-eabi/lib/armv7e-m/softfp\libc.a(lib_a-init.o)
                              c:/ti/ccsv6/tools/compiler/gcc-arm-none-eabi-4_9-2015q3/bin/../lib/gcc/arm-none-eabi/4.9.3/../../../../arm-none-eabi/lib/armv7e-m/softfp/crt0.o (__libc_init_array)
c:/ti/ccsv6/tools/compiler/gcc-arm-none-eabi-4_9-2015q3/bin/../lib/gcc/arm-none-eabi/4.9.3/../../../../arm-none-eabi/lib/armv7e-m/softfp\libc.a(lib_a-malloc.o)
                              ./pulse_train.o (malloc)
c:/ti/ccsv6/tools/compiler/gcc-arm-none-eabi-4_9-2015q3/bin/../lib/gcc/arm-none-eabi/4.9.3/../../../../arm-none-eabi/lib/armv7e-m/softfp\libc.a(lib_a-mallocr.o)
                              c:/ti/ccsv6/tools/compiler/gcc-arm-none-eabi-4_9-2015q3/bin/../lib/gcc/arm-none-eabi/4.9.3/../../../../arm-none-eabi/lib/armv7e-m/softfp\libc.a(lib_a-malloc.o) (_malloc_r)
c:/ti/ccsv6/tools/compiler/gcc-arm-none-eabi-4_9-2015q3/bin/../lib/gcc/arm-none-eabi/4.9.3/../../../../arm-none-eabi/lib/armv7e-m/softfp\libc.a(lib_a-memset.o)
                              c:/ti/ccsv6/tools/compiler/gcc-arm-none-eabi-4_9-2015q3/bin/../lib/gcc/arm-none-eabi/4.9.3/../../../../arm-none-eabi/lib/armv7e-m/softfp/crt0.o (memset)
c:/ti/ccsv6/tools/compiler/gcc-arm-none-eabi-4_9-2015q3/bin/../lib/gcc/arm-none-eabi/4.9.3/../../../../arm-none-eabi/lib/armv7e-m/softfp\libc.a(lib_a-mlock.o)
                              c:/ti/ccsv6/tools/compiler/gcc-arm-none-eabi-4_9-2015q3/bin/../lib/gcc/arm-none-eabi/4.9.3/../../../../arm-none-eabi/lib/armv7e-m/softfp\libc.a(lib_a-mallocr.o) (__malloc_lock)
c:/ti/ccsv6/tools/compiler/gcc-arm-none-eabi-4_9-2015q3/bin/../lib/gcc/arm-none-eabi/4.9.3/../../../../arm-none-eabi/lib/armv7e-m/softfp\libc.a(lib_a-sbrkr.o)
                              c:/ti/ccsv6/tools/compiler/gcc-arm-none-eabi-4_9-2015q3/bin/../lib/gcc/arm-none-eabi/4.9.3/../../../../arm-none-eabi/lib/armv7e-m/softfp\libc.a(lib_a-mallocr.o) (_sbrk_r)
c:/ti/ccsv6/tools/compiler/gcc-arm-none-eabi-4_9-2015q3/bin/../lib/gcc/arm-none-eabi/4.9.3/../../../../arm-none-eabi/lib/armv7e-m/softfp\libc.a(lib_a-__call_atexit.o)
                              c:/ti/ccsv6/tools/compiler/gcc-arm-none-eabi-4_9-2015q3/bin/../lib/gcc/arm-none-eabi/4.9.3/../../../../arm-none-eabi/lib/armv7e-m/softfp\libc.a(lib_a-exit.o) (__call_exitprocs)
c:/ti/ccsv6/tools/compiler/gcc-arm-none-eabi-4_9-2015q3/bin/../lib/gcc/arm-none-eabi/4.9.3/../../../../arm-none-eabi/lib/armv7e-m/softfp\libc.a(lib_a-atexit.o)
                              c:/ti/ccsv6/tools/compiler/gcc-arm-none-eabi-4_9-2015q3/bin/../lib/gcc/arm-none-eabi/4.9.3/../../../../arm-none-eabi/lib/armv7e-m/softfp\libc.a(lib_a-__call_atexit.o) (atexit)
c:/ti/ccsv6/tools/compiler/gcc-arm-none-eabi-4_9-2015q3/bin/../lib/gcc/arm-none-eabi/4.9.3/../../../../arm-none-eabi/lib/armv7e-m/softfp\libc.a(lib_a-fini.o)
                              c:/ti/ccsv6/tools/compiler/gcc-arm-none-eabi-4_9-2015q3/bin/../lib/gcc/arm-none-eabi/4.9.3/../../../../arm-none-eabi/lib/armv7e-m/softfp\libc.a(lib_a-__call_atexit.o) (__libc_fini_array)
c:/ti/ccsv6/tools/compiler/gcc-arm-none-eabi-4_9-2015q3/bin/../lib/gcc/arm-none-eabi/4.9.3/../../../../arm-none-eabi/lib/armv7e-m/softfp\libc.a(lib_a-freer.o)
                              c:/ti/ccsv6/tools/compiler/gcc-arm-none-eabi-4_9-2015q3/bin/../lib/gcc/arm-none-eabi/4.9.3/../../../../arm-none-eabi/lib/armv7e-m/softfp\libc.a(lib_a-malloc.o) (_free_r)
c:/ti/ccsv6/tools/compiler/gcc-arm-none-eabi-4_9-2015q3/bin/../lib/gcc/arm-none-eabi/4.9.3/../../../../arm-none-eabi/lib/armv7e-m/softfp\libc.a(lib_a-reent.o)
                              c:/ti/ccsv6/tools/compiler/gcc-arm-none-eabi-4_9-2015q3/bin/../lib/gcc/arm-none-eabi/4.9.3/../../../../arm-none-eabi/lib/armv7e-m/softfp\libc.a(lib_a-sbrkr.o) (errno)
c:/ti/ccsv6/tools/compiler/gcc-arm-none-eabi-4_9-2015q3/bin/../lib/gcc/arm-none-eabi/4.9.3/../../../../arm-none-eabi/lib/armv7e-m/softfp\libc.a(lib_a-__atexit.o)
                              c:/ti/ccsv6/tools/compiler/gcc-arm-none-eabi-4_9-2015q3/bin/../lib/gcc/arm-none-eabi/4.9.3/../../../../arm-none-eabi/lib/armv7e-m/softfp\libc.a(lib_a-atexit.o) (__register_exitproc)
[...]
Memory Configuration

Name             Origin             Length             Attributes
FLASH            0x00000000         0x00040000         xr
SRAM             0x20000000         0x00008000         xw
*default*        0x00000000         0xffffffff

Linker script and memory map

LOAD c:/ti/ccsv6/tools/compiler/gcc-arm-none-eabi-4_9-2015q3/bin/../lib/gcc/arm-none-eabi/4.9.3/armv7e-m/softfp/crti.o
LOAD c:/ti/ccsv6/tools/compiler/gcc-arm-none-eabi-4_9-2015q3/bin/../lib/gcc/arm-none-eabi/4.9.3/armv7e-m/softfp/crtbegin.o
LOAD c:/ti/ccsv6/tools/compiler/gcc-arm-none-eabi-4_9-2015q3/bin/../lib/gcc/arm-none-eabi/4.9.3/../../../../arm-none-eabi/lib/armv7e-m/softfp/crt0.o
LOAD ./keys_driver.o
LOAD ./main.o
LOAD ./pulse_train.o
LOAD ./rtos.o
LOAD ./rtos_pipe.o
LOAD ./rtos_sched.o
LOAD ./rtos_task.o
LOAD ./system_TM4C123.o
LOAD ./three_axes.o
LOAD ./tm4c123gh6pm_startup_ccs_gcc.o
LOAD ./uart_driver.o
LOAD ./x_axis.o
LOAD ./y_axis.o
LOAD ./z_axis.o
                0x00000000                PROVIDE (_intvecs_base_address, 0x0)

.intvecs        0x00000000      0x26c
 *(.intvecs)
 .intvecs       0x00000000      0x26c ./tm4c123gh6pm_startup_ccs_gcc.o
                0x00000000                g_pfnVectors
                0x20000000                PROVIDE (_vtable_base_address, 0x20000000)

.vtable
 *(.vtable)

.text           0x0000026c     0x4060
 CREATE_OBJECT_SYMBOLS
 *(.text)
 .text          0x0000026c        0x0 c:/ti/ccsv6/tools/compiler/gcc-arm-none-eabi-4_9-2015q3/bin/../lib/gcc/arm-none-eabi/4.9.3/armv7e-m/softfp/crti.o
 .text          0x0000026c       0x5c c:/ti/ccsv6/tools/compiler/gcc-arm-none-eabi-4_9-2015q3/bin/../lib/gcc/arm-none-eabi/4.9.3/armv7e-m/softfp/crtbegin.o
 .text          0x000002c8       0x74 c:/ti/ccsv6/tools/compiler/gcc-arm-none-eabi-4_9-2015q3/bin/../lib/gcc/arm-none-eabi/4.9.3/../../../../arm-none-eabi/lib/armv7e-m/softfp/crt0.o
                0x000002c8                _start
                0x000002c8                _mainCRTStartup
 .text          0x0000033c        0x0 ./keys_driver.o
 .text          0x0000033c        0x0 ./main.o
 .text          0x0000033c        0x0 ./pulse_train.o
 .text          0x0000033c        0x0 ./rtos.o
 .text          0x0000033c        0x0 ./rtos_pipe.o
 .text          0x0000033c        0x0 ./rtos_sched.o
 .text          0x0000033c        0x0 ./rtos_task.o
 .text          0x0000033c        0x0 ./system_TM4C123.o
 .text          0x0000033c        0x0 ./three_axes.o
 .text          0x0000033c        0x0 ./tm4c123gh6pm_startup_ccs_gcc.o
 .text          0x0000033c        0x0 ./uart_driver.o
 .text          0x0000033c        0x0 ./x_axis.o
 .text          0x0000033c        0x0 ./y_axis.o
 .text          0x0000033c        0x0 ./z_axis.o
 .text          0x0000033c        0x0 c:/ti/ccsv6/tools/compiler/gcc-arm-none-eabi-4_9-2015q3/bin/../lib/gcc/arm-none-eabi/4.9.3/../../../../arm-none-eabi/lib/armv7e-m/softfp\libc.a(lib_a-exit.o)
 .text          0x0000033c        0x0 c:/ti/ccsv6/tools/compiler/gcc-arm-none-eabi-4_9-2015q3/bin/../lib/gcc/arm-none-eabi/4.9.3/../../../../arm-none-eabi/lib/armv7e-m/softfp\libc.a(lib_a-impure.o)
 .text          0x0000033c        0x0 c:/ti/ccsv6/tools/compiler/gcc-arm-none-eabi-4_9-2015q3/bin/../lib/gcc/arm-none-eabi/4.9.3/../../../../arm-none-eabi/lib/armv7e-m/softfp\libc.a(lib_a-init.o)
 .text          0x0000033c        0x0 c:/ti/ccsv6/tools/compiler/gcc-arm-none-eabi-4_9-2015q3/bin/../lib/gcc/arm-none-eabi/4.9.3/../../../../arm-none-eabi/lib/armv7e-m/softfp\libc.a(lib_a-malloc.o)
 .text          0x0000033c        0x0 c:/ti/ccsv6/tools/compiler/gcc-arm-none-eabi-4_9-2015q3/bin/../lib/gcc/arm-none-eabi/4.9.3/../../../../arm-none-eabi/lib/armv7e-m/softfp\libc.a(lib_a-mallocr.o)
 .text          0x0000033c        0x0 c:/ti/ccsv6/tools/compiler/gcc-arm-none-eabi-4_9-2015q3/bin/../lib/gcc/arm-none-eabi/4.9.3/../../../../arm-none-eabi/lib/armv7e-m/softfp\libc.a(lib_a-memset.o)
 .text          0x0000033c        0x0 c:/ti/ccsv6/tools/compiler/gcc-arm-none-eabi-4_9-2015q3/bin/../lib/gcc/arm-none-eabi/4.9.3/../../../../arm-none-eabi/lib/armv7e-m/softfp\libc.a(lib_a-mlock.o)
 .text          0x0000033c        0x0 c:/ti/ccsv6/tools/compiler/gcc-arm-none-eabi-4_9-2015q3/bin/../lib/gcc/arm-none-eabi/4.9.3/../../../../arm-none-eabi/lib/armv7e-m/softfp\libc.a(lib_a-sbrkr.o)
 .text          0x0000033c        0x0 c:/ti/ccsv6/tools/compiler/gcc-arm-none-eabi-4_9-2015q3/bin/../lib/gcc/arm-none-eabi/4.9.3/../../../../arm-none-eabi/lib/armv7e-m/softfp\libc.a(lib_a-__call_atexit.o)
 .text          0x0000033c        0x0 c:/ti/ccsv6/tools/compiler/gcc-arm-none-eabi-4_9-2015q3/bin/../lib/gcc/arm-none-eabi/4.9.3/../../../../arm-none-eabi/lib/armv7e-m/softfp\libc.a(lib_a-atexit.o)
 .text          0x0000033c        0x0 c:/ti/ccsv6/tools/compiler/gcc-arm-none-eabi-4_9-2015q3/bin/../lib/gcc/arm-none-eabi/4.9.3/../../../../arm-none-eabi/lib/armv7e-m/softfp\libc.a(lib_a-fini.o)
 .text          0x0000033c        0x0 c:/ti/ccsv6/tools/compiler/gcc-arm-none-eabi-4_9-2015q3/bin/../lib/gcc/arm-none-eabi/4.9.3/../../../../arm-none-eabi/lib/armv7e-m/softfp\libc.a(lib_a-freer.o)
 .text          0x0000033c        0x0 c:/ti/ccsv6/tools/compiler/gcc-arm-none-eabi-4_9-2015q3/bin/../lib/gcc/arm-none-eabi/4.9.3/../../../../arm-none-eabi/lib/armv7e-m/softfp\libc.a(lib_a-reent.o)
 .text          0x0000033c        0x0 c:/ti/ccsv6/tools/compiler/gcc-arm-none-eabi-4_9-2015q3/bin/../lib/gcc/arm-none-eabi/4.9.3/../../../../arm-none-eabi/lib/armv7e-m/softfp\libc.a(lib_a-__atexit.o)
 .text          0x0000033c        0x0 C:/ti/TivaWare_C_Series-2.1.2.111/driverlib/gcc\libdriver.a(gpio.o)
 .text          0x0000033c        0x0 C:/ti/TivaWare_C_Series-2.1.2.111/driverlib/gcc\libdriver.a(interrupt.o)
 .text          0x0000033c        0x0 C:/ti/TivaWare_C_Series-2.1.2.111/driverlib/gcc\libdriver.a(pwm.o)
 .text          0x0000033c        0x0 C:/ti/TivaWare_C_Series-2.1.2.111/driverlib/gcc\libdriver.a(sysctl.o)
 .text          0x0000033c        0x0 C:/ti/TivaWare_C_Series-2.1.2.111/driverlib/gcc\libdriver.a(timer.o)
 .text          0x0000033c        0x0 C:/ti/TivaWare_C_Series-2.1.2.111/driverlib/gcc\libdriver.a(uart.o)
 .text          0x0000033c        0x0 C:/ti/TivaWare_C_Series-2.1.2.111/driverlib/gcc\libdriver.a(cpu.o)
 .text          0x0000033c        0x0 c:/ti/ccsv6/tools/compiler/gcc-arm-none-eabi-4_9-2015q3/bin/../lib/gcc/arm-none-eabi/4.9.3/../../../../arm-none-eabi/lib/armv7e-m/softfp\libnosys.a(sbrk.o)
 .text          0x0000033c        0x0 c:/ti/ccsv6/tools/compiler/gcc-arm-none-eabi-4_9-2015q3/bin/../lib/gcc/arm-none-eabi/4.9.3/../../../../arm-none-eabi/lib/armv7e-m/softfp\libnosys.a(_exit.o)
 .text          0x0000033c        0x0 c:/ti/ccsv6/tools/compiler/gcc-arm-none-eabi-4_9-2015q3/bin/../lib/gcc/arm-none-eabi/4.9.3/armv7e-m/softfp/crtend.o
 .text          0x0000033c        0x0 c:/ti/ccsv6/tools/compiler/gcc-arm-none-eabi-4_9-2015q3/bin/../lib/gcc/arm-none-eabi/4.9.3/armv7e-m/softfp/crtn.o
 *(.text.*)
 .text.keys_driver
                0x0000033c       0x80 ./keys_driver.o
                0x0000033c                keys_driver
 .text.keys_driver_init
                0x000003bc       0x70 ./keys_driver.o
                0x000003bc                keys_driver_init
 .text.main     0x0000042c       0xbc ./main.o
                0x0000042c                main
 .text.print_string
                0x000004e8       0x3c ./main.o
                0x000004e8                print_string
 .text.startup  0x00000524       0x24 ./main.o
                0x00000524                startup
 .text.pulse_train
                0x00000548      0x154 ./pulse_train.o
                0x00000548                pulse_train
 .text.pulse_train_init
                0x0000069c       0x6c ./pulse_train.o
                0x0000069c                pulse_train_init
 .text.enable_os
                0x00000708       0x28 ./rtos.o
                0x00000708                enable_os
 .text.disable_os
                0x00000730       0x28 ./rtos.o
                0x00000730                disable_os
 .text.rtos_Timer0_irq
                0x00000758       0x34 ./rtos.o
                0x00000758                rtos_Timer0_irq
 .text.rtos_init
                0x0000078c       0xa4 ./rtos.o
                0x0000078c                rtos_init
 .text.rtos_pipe_read
                0x00000830       0x68 ./rtos_pipe.o
                0x00000830                rtos_pipe_read
 .text.rtos_pipe_write
                0x00000898       0x6c ./rtos_pipe.o
                0x00000898                rtos_pipe_write
 .text.rtos_pipe_create
                0x00000904       0x48 ./rtos_pipe.o
                0x00000904                rtos_pipe_create
 .text.rtos_pipe_delete
                0x0000094c       0x28 ./rtos_pipe.o
                0x0000094c                rtos_pipe_delete
 .text.rtos_sched_run
                0x00000974       0x74 ./rtos_sched.o
                0x00000974                rtos_sched_run
 .text.rtos_sched_list_update
                0x000009e8       0x88 ./rtos_sched.o
                0x000009e8                rtos_sched_list_update
 .text.rtos_sched_remove
                0x00000a70       0x34 ./rtos_sched.o
                0x00000a70                rtos_sched_remove
 .text.rtos_sched
                0x00000aa4       0x38 ./rtos_sched.o
                0x00000aa4                rtos_sched
 .text.rtos_task_create
                0x00000adc       0x50 ./rtos_task.o
                0x00000adc                rtos_task_create
 .text.rtos_task_delete
                0x00000b2c       0x1c ./rtos_task.o
                0x00000b2c                rtos_task_delete
 .text.rtos_task_insert
                0x00000b48       0x24 ./rtos_task.o
                0x00000b48                rtos_task_insert
 .text.rtos_task_remove
                0x00000b6c       0x5c ./rtos_task.o
                0x00000b6c                rtos_task_remove
 .text.getOscClk
                0x00000bc8      0x198 ./system_TM4C123.o
 .text.SystemCoreClockUpdate
                0x00000d60      0x114 ./system_TM4C123.o
                0x00000d60                SystemCoreClockUpdate
 .text.SystemInit
                0x00000e74       0xcc ./system_TM4C123.o
                0x00000e74                SystemInit
 .text.axis_move
                0x00000f40       0x8c ./three_axes.o
                0x00000f40                axis_move
 .text.position_Modify
                0x00000fcc       0x9c ./three_axes.o
                0x00000fcc                position_Modify
 .text.axes_init
                0x00001068       0x50 ./three_axes.o
                0x00001068                axes_init
 .text.ResetISR
                0x000010b8       0x68 ./tm4c123gh6pm_startup_ccs_gcc.o
                0x000010b8                ResetISR
 .text.NmiSR    0x00001120        0x8 ./tm4c123gh6pm_startup_ccs_gcc.o
 .text.FaultISR
                0x00001128        0x8 ./tm4c123gh6pm_startup_ccs_gcc.o
 .text.IntDefaultHandler
                0x00001130        0x8 ./tm4c123gh6pm_startup_ccs_gcc.o
 .text.uart_driver
                0x00001138       0x74 ./uart_driver.o
                0x00001138                uart_driver
 .text.uart_driver_init
                0x000011ac       0x7c ./uart_driver.o
                0x000011ac                uart_driver_init
 .text.x_axis_Move
                0x00001228       0x90 ./x_axis.o
                0x00001228                x_axis_Move
 .text.x_axis_Init
                0x000012b8       0xc8 ./x_axis.o
                0x000012b8                x_axis_Init
 .text.x_movement
                0x00001380       0x7c ./x_axis.o
                0x00001380                x_movement
 .text.x_reverse
                0x000013fc       0x20 ./x_axis.o
                0x000013fc                x_reverse
 .text.x_set_dir
                0x0000141c       0x84 ./x_axis.o
                0x0000141c                x_set_dir
 .text.x_pulse_Gen
                0x000014a0       0x50 ./x_axis.o
                0x000014a0                x_pulse_Gen
 .text.x_pwm_Start
                0x000014f0       0x88 ./x_axis.o
                0x000014f0                x_pwm_Start
 .text.x_timer_End
                0x00001578       0x4c ./x_axis.o
                0x00001578                x_timer_End
 .text.y_axis_Move
                0x000015c4       0x40 ./y_axis.o
                0x000015c4                y_axis_Move
 .text.y_axis_Init
                0x00001604       0xb0 ./y_axis.o
                0x00001604                y_axis_Init
 .text.y_pulse_Gen
                0x000016b4       0x24 ./y_axis.o
                0x000016b4                y_pulse_Gen
 .text.y_pwm_Start
                0x000016d8       0x98 ./y_axis.o
                0x000016d8                y_pwm_Start
 .text.y_timer_End
                0x00001770       0x48 ./y_axis.o
                0x00001770                y_timer_End
 .text.z_axis_Move
                0x000017b8       0x14 ./z_axis.o
                0x000017b8                z_axis_Move
 .text.z_axis_Init
                0x000017cc       0x34 ./z_axis.o
                0x000017cc                z_axis_Init
 .text.z_pulse_Gen
                0x00001800        0xc ./z_axis.o
                0x00001800                z_pulse_Gen
 .text.z_pwm_Start
                0x0000180c        0xc ./z_axis.o
                0x0000180c                z_pwm_Start
 .text.z_timer_End
                0x00001818        0xc ./z_axis.o
                0x00001818                z_timer_End
 .text.exit     0x00001824       0x20 c:/ti/ccsv6/tools/compiler/gcc-arm-none-eabi-4_9-2015q3/bin/../lib/gcc/arm-none-eabi/4.9.3/../../../../arm-none-eabi/lib/armv7e-m/softfp\libc.a(lib_a-exit.o)
                0x00001824                exit
 .text.__libc_init_array
                0x00001844       0x50 c:/ti/ccsv6/tools/compiler/gcc-arm-none-eabi-4_9-2015q3/bin/../lib/gcc/arm-none-eabi/4.9.3/../../../../arm-none-eabi/lib/armv7e-m/softfp\libc.a(lib_a-init.o)
                0x00001844                __libc_init_array
 .text.malloc   0x00001894       0x10 c:/ti/ccsv6/tools/compiler/gcc-arm-none-eabi-4_9-2015q3/bin/../lib/gcc/arm-none-eabi/4.9.3/../../../../arm-none-eabi/lib/armv7e-m/softfp\libc.a(lib_a-malloc.o)
                0x00001894                malloc
 .text.free     0x000018a4       0x10 c:/ti/ccsv6/tools/compiler/gcc-arm-none-eabi-4_9-2015q3/bin/../lib/gcc/arm-none-eabi/4.9.3/../../../../arm-none-eabi/lib/armv7e-m/softfp\libc.a(lib_a-malloc.o)
                0x000018a4                free
 .text._malloc_r
                0x000018b4      0x524 c:/ti/ccsv6/tools/compiler/gcc-arm-none-eabi-4_9-2015q3/bin/../lib/gcc/arm-none-eabi/4.9.3/../../../../arm-none-eabi/lib/armv7e-m/softfp\libc.a(lib_a-mallocr.o)
                0x000018b4                _malloc_r
 .text.memset   0x00001dd8       0x9c c:/ti/ccsv6/tools/compiler/gcc-arm-none-eabi-4_9-2015q3/bin/../lib/gcc/arm-none-eabi/4.9.3/../../../../arm-none-eabi/lib/armv7e-m/softfp\libc.a(lib_a-memset.o)
                0x00001dd8                memset
 .text.__malloc_lock
                0x00001e74        0x4 c:/ti/ccsv6/tools/compiler/gcc-arm-none-eabi-4_9-2015q3/bin/../lib/gcc/arm-none-eabi/4.9.3/../../../../arm-none-eabi/lib/armv7e-m/softfp\libc.a(lib_a-mlock.o)
                0x00001e74                __malloc_lock
 .text.__malloc_unlock
                0x00001e78        0x4 c:/ti/ccsv6/tools/compiler/gcc-arm-none-eabi-4_9-2015q3/bin/../lib/gcc/arm-none-eabi/4.9.3/../../../../arm-none-eabi/lib/armv7e-m/softfp\libc.a(lib_a-mlock.o)
                0x00001e78                __malloc_unlock
 .text._sbrk_r  0x00001e7c       0x24 c:/ti/ccsv6/tools/compiler/gcc-arm-none-eabi-4_9-2015q3/bin/../lib/gcc/arm-none-eabi/4.9.3/../../../../arm-none-eabi/lib/armv7e-m/softfp\libc.a(lib_a-sbrkr.o)
                0x00001e7c                _sbrk_r
 .text.startup.register_fini
                0x00001ea0       0x14 c:/ti/ccsv6/tools/compiler/gcc-arm-none-eabi-4_9-2015q3/bin/../lib/gcc/arm-none-eabi/4.9.3/../../../../arm-none-eabi/lib/armv7e-m/softfp\libc.a(lib_a-__call_atexit.o)
 .text.__call_exitprocs
                0x00001eb4       0xd4 c:/ti/ccsv6/tools/compiler/gcc-arm-none-eabi-4_9-2015q3/bin/../lib/gcc/arm-none-eabi/4.9.3/../../../../arm-none-eabi/lib/armv7e-m/softfp\libc.a(lib_a-__call_atexit.o)
                0x00001eb4                __call_exitprocs
 .text.atexit   0x00001f88        0xc c:/ti/ccsv6/tools/compiler/gcc-arm-none-eabi-4_9-2015q3/bin/../lib/gcc/arm-none-eabi/4.9.3/../../../../arm-none-eabi/lib/armv7e-m/softfp\libc.a(lib_a-atexit.o)
                0x00001f88                atexit
 .text.__libc_fini_array
                0x00001f94       0x2c c:/ti/ccsv6/tools/compiler/gcc-arm-none-eabi-4_9-2015q3/bin/../lib/gcc/arm-none-eabi/4.9.3/../../../../arm-none-eabi/lib/armv7e-m/softfp\libc.a(lib_a-fini.o)
                0x00001f94                __libc_fini_array
 .text._malloc_trim_r
                0x00001fc0       0x9c c:/ti/ccsv6/tools/compiler/gcc-arm-none-eabi-4_9-2015q3/bin/../lib/gcc/arm-none-eabi/4.9.3/../../../../arm-none-eabi/lib/armv7e-m/softfp\libc.a(lib_a-freer.o)
                0x00001fc0                _malloc_trim_r
 .text._free_r  0x0000205c      0x1b0 c:/ti/ccsv6/tools/compiler/gcc-arm-none-eabi-4_9-2015q3/bin/../lib/gcc/arm-none-eabi/4.9.3/../../../../arm-none-eabi/lib/armv7e-m/softfp\libc.a(lib_a-freer.o)
                0x0000205c                _free_r
 .text.cleanup_glue
                0x0000220c       0x1c c:/ti/ccsv6/tools/compiler/gcc-arm-none-eabi-4_9-2015q3/bin/../lib/gcc/arm-none-eabi/4.9.3/../../../../arm-none-eabi/lib/armv7e-m/softfp\libc.a(lib_a-reent.o)
                0x0000220c                cleanup_glue
 .text._reclaim_reent
                0x00002228       0x88 c:/ti/ccsv6/tools/compiler/gcc-arm-none-eabi-4_9-2015q3/bin/../lib/gcc/arm-none-eabi/4.9.3/../../../../arm-none-eabi/lib/armv7e-m/softfp\libc.a(lib_a-reent.o)
                0x00002228                _reclaim_reent
 .text.__register_exitproc
                0x000022b0       0xa4 c:/ti/ccsv6/tools/compiler/gcc-arm-none-eabi-4_9-2015q3/bin/../lib/gcc/arm-none-eabi/4.9.3/../../../../arm-none-eabi/lib/armv7e-m/softfp\libc.a(lib_a-__atexit.o)
                0x000022b0                __register_exitproc
 .text._GPIOIntNumberGet
                0x00002354       0x48 C:/ti/TivaWare_C_Series-2.1.2.111/driverlib/gcc\libdriver.a(gpio.o)
 .text.GPIODirModeSet
                0x0000239c       0x2e C:/ti/TivaWare_C_Series-2.1.2.111/driverlib/gcc\libdriver.a(gpio.o)
                0x0000239c                GPIODirModeSet
 .text.GPIODirModeGet
                0x000023ca       0x24 C:/ti/TivaWare_C_Series-2.1.2.111/driverlib/gcc\libdriver.a(gpio.o)
                0x000023ca                GPIODirModeGet
 .text.GPIOIntTypeSet
                0x000023ee       0x62 C:/ti/TivaWare_C_Series-2.1.2.111/driverlib/gcc\libdriver.a(gpio.o)
                0x000023ee                GPIOIntTypeSet
 .text.GPIOIntTypeGet
                0x00002450       0x42 C:/ti/TivaWare_C_Series-2.1.2.111/driverlib/gcc\libdriver.a(gpio.o)
                0x00002450                GPIOIntTypeGet
 .text.GPIOPadConfigSet
                0x00002492      0x14e C:/ti/TivaWare_C_Series-2.1.2.111/driverlib/gcc\libdriver.a(gpio.o)
                0x00002492                GPIOPadConfigSet
 .text.GPIOPadConfigGet
                0x000025e0       0xbc C:/ti/TivaWare_C_Series-2.1.2.111/driverlib/gcc\libdriver.a(gpio.o)
                0x000025e0                GPIOPadConfigGet
 .text.GPIOIntEnable
                0x0000269c        0xc C:/ti/TivaWare_C_Series-2.1.2.111/driverlib/gcc\libdriver.a(gpio.o)
                0x0000269c                GPIOIntEnable
 .text.GPIOIntDisable
                0x000026a8        0xe C:/ti/TivaWare_C_Series-2.1.2.111/driverlib/gcc\libdriver.a(gpio.o)
                0x000026a8                GPIOIntDisable
 .text.GPIOIntStatus
                0x000026b6        0xe C:/ti/TivaWare_C_Series-2.1.2.111/driverlib/gcc\libdriver.a(gpio.o)
                0x000026b6                GPIOIntStatus
 .text.GPIOIntClear
                0x000026c4        0x6 C:/ti/TivaWare_C_Series-2.1.2.111/driverlib/gcc\libdriver.a(gpio.o)
                0x000026c4                GPIOIntClear
 .text.GPIOIntRegister
                0x000026ca       0x1a C:/ti/TivaWare_C_Series-2.1.2.111/driverlib/gcc\libdriver.a(gpio.o)
                0x000026ca                GPIOIntRegister
 .text.GPIOIntUnregister
                0x000026e4       0x16 C:/ti/TivaWare_C_Series-2.1.2.111/driverlib/gcc\libdriver.a(gpio.o)
                0x000026e4                GPIOIntUnregister
 .text.GPIOPinRead
                0x000026fa        0x6 C:/ti/TivaWare_C_Series-2.1.2.111/driverlib/gcc\libdriver.a(gpio.o)
                0x000026fa                GPIOPinRead
 .text.GPIOPinWrite
                0x00002700        0x6 C:/ti/TivaWare_C_Series-2.1.2.111/driverlib/gcc\libdriver.a(gpio.o)
                0x00002700                GPIOPinWrite
 .text.GPIOPinTypeADC
                0x00002706       0x1c C:/ti/TivaWare_C_Series-2.1.2.111/driverlib/gcc\libdriver.a(gpio.o)
                0x00002706                GPIOPinTypeADC
 .text.GPIOPinTypeCAN
                0x00002722       0x1c C:/ti/TivaWare_C_Series-2.1.2.111/driverlib/gcc\libdriver.a(gpio.o)
                0x00002722                GPIOPinTypeCAN
 .text.GPIOPinTypeComparator
                0x0000273e       0x1c C:/ti/TivaWare_C_Series-2.1.2.111/driverlib/gcc\libdriver.a(gpio.o)
                0x0000273e                GPIOPinTypeComparator
 .text.GPIOPinTypeComparatorOutput
                0x0000275a       0x1c C:/ti/TivaWare_C_Series-2.1.2.111/driverlib/gcc\libdriver.a(gpio.o)
                0x0000275a                GPIOPinTypeComparatorOutput
 .text.GPIOPinTypeDIVSCLK
                0x00002776       0x1c C:/ti/TivaWare_C_Series-2.1.2.111/driverlib/gcc\libdriver.a(gpio.o)
                0x00002776                GPIOPinTypeDIVSCLK
 .text.GPIOPinTypeEPI
                0x00002792       0x1c C:/ti/TivaWare_C_Series-2.1.2.111/driverlib/gcc\libdriver.a(gpio.o)
                0x00002792                GPIOPinTypeEPI
 .text.GPIOPinTypeEthernetLED
                0x000027ae       0x1c C:/ti/TivaWare_C_Series-2.1.2.111/driverlib/gcc\libdriver.a(gpio.o)
                0x000027ae                GPIOPinTypeEthernetLED
 .text.GPIOPinTypeEthernetMII
                0x000027ca       0x1c C:/ti/TivaWare_C_Series-2.1.2.111/driverlib/gcc\libdriver.a(gpio.o)
                0x000027ca                GPIOPinTypeEthernetMII
 .text.GPIOPinTypeGPIOInput
                0x000027e6       0x1c C:/ti/TivaWare_C_Series-2.1.2.111/driverlib/gcc\libdriver.a(gpio.o)
                0x000027e6                GPIOPinTypeGPIOInput
 .text.GPIOPinTypeGPIOOutput
                0x00002802       0x1c C:/ti/TivaWare_C_Series-2.1.2.111/driverlib/gcc\libdriver.a(gpio.o)
                0x00002802                GPIOPinTypeGPIOOutput
 .text.GPIOPinTypeGPIOOutputOD
                0x0000281e       0x1c C:/ti/TivaWare_C_Series-2.1.2.111/driverlib/gcc\libdriver.a(gpio.o)
                0x0000281e                GPIOPinTypeGPIOOutputOD
 .text.GPIOPinTypeHibernateRTCCLK
                0x0000283a       0x1c C:/ti/TivaWare_C_Series-2.1.2.111/driverlib/gcc\libdriver.a(gpio.o)
                0x0000283a                GPIOPinTypeHibernateRTCCLK
 .text.GPIOPinTypeI2C
                0x00002856       0x1c C:/ti/TivaWare_C_Series-2.1.2.111/driverlib/gcc\libdriver.a(gpio.o)
                0x00002856                GPIOPinTypeI2C
 .text.GPIOPinTypeI2CSCL
                0x00002872       0x1c C:/ti/TivaWare_C_Series-2.1.2.111/driverlib/gcc\libdriver.a(gpio.o)
                0x00002872                GPIOPinTypeI2CSCL
 .text.GPIOPinTypeLCD
                0x0000288e       0x1c C:/ti/TivaWare_C_Series-2.1.2.111/driverlib/gcc\libdriver.a(gpio.o)
                0x0000288e                GPIOPinTypeLCD
 .text.GPIOPinTypeOneWire
                0x000028aa       0x1c C:/ti/TivaWare_C_Series-2.1.2.111/driverlib/gcc\libdriver.a(gpio.o)
                0x000028aa                GPIOPinTypeOneWire
 .text.GPIOPinTypePWM
                0x000028c6       0x1c C:/ti/TivaWare_C_Series-2.1.2.111/driverlib/gcc\libdriver.a(gpio.o)
                0x000028c6                GPIOPinTypePWM
 .text.GPIOPinTypeQEI
                0x000028e2       0x1c C:/ti/TivaWare_C_Series-2.1.2.111/driverlib/gcc\libdriver.a(gpio.o)
                0x000028e2                GPIOPinTypeQEI
 .text.GPIOPinTypeSSI
                0x000028fe       0x1c C:/ti/TivaWare_C_Series-2.1.2.111/driverlib/gcc\libdriver.a(gpio.o)
                0x000028fe                GPIOPinTypeSSI
 .text.GPIOPinTypeTimer
                0x0000291a       0x1c C:/ti/TivaWare_C_Series-2.1.2.111/driverlib/gcc\libdriver.a(gpio.o)
                0x0000291a                GPIOPinTypeTimer
 .text.GPIOPinTypeTrace
                0x00002936       0x1c C:/ti/TivaWare_C_Series-2.1.2.111/driverlib/gcc\libdriver.a(gpio.o)
                0x00002936                GPIOPinTypeTrace
 .text.GPIOPinTypeUART
                0x00002952       0x1c C:/ti/TivaWare_C_Series-2.1.2.111/driverlib/gcc\libdriver.a(gpio.o)
                0x00002952                GPIOPinTypeUART
 .text.GPIOPinTypeUSBAnalog
                0x0000296e       0x1c C:/ti/TivaWare_C_Series-2.1.2.111/driverlib/gcc\libdriver.a(gpio.o)
                0x0000296e                GPIOPinTypeUSBAnalog
 .text.GPIOPinTypeUSBDigital
                0x0000298a       0x1c C:/ti/TivaWare_C_Series-2.1.2.111/driverlib/gcc\libdriver.a(gpio.o)
                0x0000298a                GPIOPinTypeUSBDigital
 .text.GPIOPinTypeWakeHigh
                0x000029a6       0x1e C:/ti/TivaWare_C_Series-2.1.2.111/driverlib/gcc\libdriver.a(gpio.o)
                0x000029a6                GPIOPinTypeWakeHigh
 .text.GPIOPinTypeWakeLow
                0x000029c4       0x1e C:/ti/TivaWare_C_Series-2.1.2.111/driverlib/gcc\libdriver.a(gpio.o)
                0x000029c4                GPIOPinTypeWakeLow
 .text.GPIOPinWakeStatus
                0x000029e2        0x6 C:/ti/TivaWare_C_Series-2.1.2.111/driverlib/gcc\libdriver.a(gpio.o)
                0x000029e2                GPIOPinWakeStatus
 .text.GPIOPinConfigure
                0x000029e8       0x4c C:/ti/TivaWare_C_Series-2.1.2.111/driverlib/gcc\libdriver.a(gpio.o)
                0x000029e8                GPIOPinConfigure
 .text.GPIODMATriggerEnable
                0x00002a34        0xc C:/ti/TivaWare_C_Series-2.1.2.111/driverlib/gcc\libdriver.a(gpio.o)
                0x00002a34                GPIODMATriggerEnable
 .text.GPIODMATriggerDisable
                0x00002a40        0xe C:/ti/TivaWare_C_Series-2.1.2.111/driverlib/gcc\libdriver.a(gpio.o)
                0x00002a40                GPIODMATriggerDisable
 .text.GPIOADCTriggerEnable
                0x00002a4e        0xc C:/ti/TivaWare_C_Series-2.1.2.111/driverlib/gcc\libdriver.a(gpio.o)
                0x00002a4e                GPIOADCTriggerEnable
 .text.GPIOADCTriggerDisable
                0x00002a5a        0xe C:/ti/TivaWare_C_Series-2.1.2.111/driverlib/gcc\libdriver.a(gpio.o)
                0x00002a5a                GPIOADCTriggerDisable
 .text._IntDefaultHandler
                0x00002a68        0x2 C:/ti/TivaWare_C_Series-2.1.2.111/driverlib/gcc\libdriver.a(interrupt.o)
 .text.IntMasterEnable
                0x00002a6a        0xe C:/ti/TivaWare_C_Series-2.1.2.111/driverlib/gcc\libdriver.a(interrupt.o)
                0x00002a6a                IntMasterEnable
 .text.IntMasterDisable
                0x00002a78        0xe C:/ti/TivaWare_C_Series-2.1.2.111/driverlib/gcc\libdriver.a(interrupt.o)
                0x00002a78                IntMasterDisable
 *fill*         0x00002a86        0x2 
 .text.IntRegister
                0x00002a88       0x30 C:/ti/TivaWare_C_Series-2.1.2.111/driverlib/gcc\libdriver.a(interrupt.o)
                0x00002a88                IntRegister
 .text.IntUnregister
                0x00002ab8       0x14 C:/ti/TivaWare_C_Series-2.1.2.111/driverlib/gcc\libdriver.a(interrupt.o)
                0x00002ab8                IntUnregister
 .text.IntPriorityGroupingSet
                0x00002acc       0x1c C:/ti/TivaWare_C_Series-2.1.2.111/driverlib/gcc\libdriver.a(interrupt.o)
                0x00002acc                IntPriorityGroupingSet
 .text.IntPriorityGroupingGet
                0x00002ae8       0x24 C:/ti/TivaWare_C_Series-2.1.2.111/driverlib/gcc\libdriver.a(interrupt.o)
                0x00002ae8                IntPriorityGroupingGet
 .text.IntPrioritySet
                0x00002b0c       0x28 C:/ti/TivaWare_C_Series-2.1.2.111/driverlib/gcc\libdriver.a(interrupt.o)
                0x00002b0c                IntPrioritySet
 .text.IntPriorityGet
                0x00002b34       0x1c C:/ti/TivaWare_C_Series-2.1.2.111/driverlib/gcc\libdriver.a(interrupt.o)
                0x00002b34                IntPriorityGet
 .text.IntEnable
                0x00002b50       0x60 C:/ti/TivaWare_C_Series-2.1.2.111/driverlib/gcc\libdriver.a(interrupt.o)
                0x00002b50                IntEnable
 .text.IntDisable
                0x00002bb0       0x60 C:/ti/TivaWare_C_Series-2.1.2.111/driverlib/gcc\libdriver.a(interrupt.o)
                0x00002bb0                IntDisable
 .text.IntIsEnabled
                0x00002c10       0x64 C:/ti/TivaWare_C_Series-2.1.2.111/driverlib/gcc\libdriver.a(interrupt.o)
                0x00002c10                IntIsEnabled
 .text.IntPendSet
                0x00002c74       0x50 C:/ti/TivaWare_C_Series-2.1.2.111/driverlib/gcc\libdriver.a(interrupt.o)
                0x00002c74                IntPendSet
 .text.IntPendClear
                0x00002cc4       0x40 C:/ti/TivaWare_C_Series-2.1.2.111/driverlib/gcc\libdriver.a(interrupt.o)
                0x00002cc4                IntPendClear
 .text.IntPriorityMaskSet
                0x00002d04        0x4 C:/ti/TivaWare_C_Series-2.1.2.111/driverlib/gcc\libdriver.a(interrupt.o)
                0x00002d04                IntPriorityMaskSet
 .text.IntPriorityMaskGet
                0x00002d08        0x4 C:/ti/TivaWare_C_Series-2.1.2.111/driverlib/gcc\libdriver.a(interrupt.o)
                0x00002d08                IntPriorityMaskGet
 .text.IntTrigger
                0x00002d0c        0xc C:/ti/TivaWare_C_Series-2.1.2.111/driverlib/gcc\libdriver.a(interrupt.o)
                0x00002d0c                IntTrigger
 .text._PWMGenIntNumberGet
                0x00002d18      0x120 C:/ti/TivaWare_C_Series-2.1.2.111/driverlib/gcc\libdriver.a(pwm.o)
 .text._PWMFaultIntNumberGet
                0x00002e38       0x50 C:/ti/TivaWare_C_Series-2.1.2.111/driverlib/gcc\libdriver.a(pwm.o)
 .text.PWMGenConfigure
                0x00002e88       0x34 C:/ti/TivaWare_C_Series-2.1.2.111/driverlib/gcc\libdriver.a(pwm.o)
                0x00002e88                PWMGenConfigure
 .text.PWMGenPeriodSet
                0x00002ebc       0x14 C:/ti/TivaWare_C_Series-2.1.2.111/driverlib/gcc\libdriver.a(pwm.o)
                0x00002ebc                PWMGenPeriodSet
 .text.PWMGenPeriodGet
                0x00002ed0       0x18 C:/ti/TivaWare_C_Series-2.1.2.111/driverlib/gcc\libdriver.a(pwm.o)
                0x00002ed0                PWMGenPeriodGet
 .text.PWMGenEnable
                0x00002ee8        0xa C:/ti/TivaWare_C_Series-2.1.2.111/driverlib/gcc\libdriver.a(pwm.o)
                0x00002ee8                PWMGenEnable
 .text.PWMGenDisable
                0x00002ef2        0xa C:/ti/TivaWare_C_Series-2.1.2.111/driverlib/gcc\libdriver.a(pwm.o)
                0x00002ef2                PWMGenDisable
 .text.PWMPulseWidthSet
                0x00002efc       0x22 C:/ti/TivaWare_C_Series-2.1.2.111/driverlib/gcc\libdriver.a(pwm.o)
                0x00002efc                PWMPulseWidthSet
 .text.PWMPulseWidthGet
                0x00002f1e       0x24 C:/ti/TivaWare_C_Series-2.1.2.111/driverlib/gcc\libdriver.a(pwm.o)
                0x00002f1e                PWMPulseWidthGet
 .text.PWMDeadBandEnable
                0x00002f42       0x10 C:/ti/TivaWare_C_Series-2.1.2.111/driverlib/gcc\libdriver.a(pwm.o)
                0x00002f42                PWMDeadBandEnable
 .text.PWMDeadBandDisable
                0x00002f52        0xc C:/ti/TivaWare_C_Series-2.1.2.111/driverlib/gcc\libdriver.a(pwm.o)
                0x00002f52                PWMDeadBandDisable
 .text.PWMSyncUpdate
                0x00002f5e        0x4 C:/ti/TivaWare_C_Series-2.1.2.111/driverlib/gcc\libdriver.a(pwm.o)
                0x00002f5e                PWMSyncUpdate
 .text.PWMSyncTimeBase
                0x00002f62        0x4 C:/ti/TivaWare_C_Series-2.1.2.111/driverlib/gcc\libdriver.a(pwm.o)
                0x00002f62                PWMSyncTimeBase
 .text.PWMOutputState
                0x00002f66       0x14 C:/ti/TivaWare_C_Series-2.1.2.111/driverlib/gcc\libdriver.a(pwm.o)
                0x00002f66                PWMOutputState
 .text.PWMOutputInvert
                0x00002f7a       0x14 C:/ti/TivaWare_C_Series-2.1.2.111/driverlib/gcc\libdriver.a(pwm.o)
                0x00002f7a                PWMOutputInvert
 .text.PWMOutputFaultLevel
                0x00002f8e       0x14 C:/ti/TivaWare_C_Series-2.1.2.111/driverlib/gcc\libdriver.a(pwm.o)
                0x00002f8e                PWMOutputFaultLevel
 .text.PWMOutputFault
                0x00002fa2       0x14 C:/ti/TivaWare_C_Series-2.1.2.111/driverlib/gcc\libdriver.a(pwm.o)
                0x00002fa2                PWMOutputFault
 .text.PWMGenIntRegister
                0x00002fb6       0x1a C:/ti/TivaWare_C_Series-2.1.2.111/driverlib/gcc\libdriver.a(pwm.o)
                0x00002fb6                PWMGenIntRegister
 .text.PWMGenIntUnregister
                0x00002fd0       0x16 C:/ti/TivaWare_C_Series-2.1.2.111/driverlib/gcc\libdriver.a(pwm.o)
                0x00002fd0                PWMGenIntUnregister
 .text.PWMFaultIntRegister
                0x00002fe6       0x1a C:/ti/TivaWare_C_Series-2.1.2.111/driverlib/gcc\libdriver.a(pwm.o)
                0x00002fe6                PWMFaultIntRegister
 .text.PWMFaultIntUnregister
                0x00003000       0x16 C:/ti/TivaWare_C_Series-2.1.2.111/driverlib/gcc\libdriver.a(pwm.o)
                0x00003000                PWMFaultIntUnregister
 .text.PWMGenIntTrigEnable
                0x00003016        0xa C:/ti/TivaWare_C_Series-2.1.2.111/driverlib/gcc\libdriver.a(pwm.o)
                0x00003016                PWMGenIntTrigEnable
 .text.PWMGenIntTrigDisable
                0x00003020        0xc C:/ti/TivaWare_C_Series-2.1.2.111/driverlib/gcc\libdriver.a(pwm.o)
                0x00003020                PWMGenIntTrigDisable
 .text.PWMGenIntStatus
                0x0000302c        0xc C:/ti/TivaWare_C_Series-2.1.2.111/driverlib/gcc\libdriver.a(pwm.o)
                0x0000302c                PWMGenIntStatus
 .text.PWMGenIntClear
                0x00003038        0x6 C:/ti/TivaWare_C_Series-2.1.2.111/driverlib/gcc\libdriver.a(pwm.o)
                0x00003038                PWMGenIntClear
 .text.PWMIntEnable
                0x0000303e        0x8 C:/ti/TivaWare_C_Series-2.1.2.111/driverlib/gcc\libdriver.a(pwm.o)
                0x0000303e                PWMIntEnable
 .text.PWMIntDisable
                0x00003046        0xa C:/ti/TivaWare_C_Series-2.1.2.111/driverlib/gcc\libdriver.a(pwm.o)
                0x00003046                PWMIntDisable
 .text.PWMFaultIntClear
                0x00003050        0x8 C:/ti/TivaWare_C_Series-2.1.2.111/driverlib/gcc\libdriver.a(pwm.o)
                0x00003050                PWMFaultIntClear
 .text.PWMIntStatus
                0x00003058        0xa C:/ti/TivaWare_C_Series-2.1.2.111/driverlib/gcc\libdriver.a(pwm.o)
                0x00003058                PWMIntStatus
 .text.PWMFaultIntClearExt
                0x00003062        0x4 C:/ti/TivaWare_C_Series-2.1.2.111/driverlib/gcc\libdriver.a(pwm.o)
                0x00003062                PWMFaultIntClearExt
 .text.PWMGenFaultConfigure
                0x00003066       0x18 C:/ti/TivaWare_C_Series-2.1.2.111/driverlib/gcc\libdriver.a(pwm.o)
                0x00003066                PWMGenFaultConfigure
 .text.PWMGenFaultTriggerSet
                0x0000307e        0xc C:/ti/TivaWare_C_Series-2.1.2.111/driverlib/gcc\libdriver.a(pwm.o)
                0x0000307e                PWMGenFaultTriggerSet
 .text.PWMGenFaultTriggerGet
                0x0000308a        0xe C:/ti/TivaWare_C_Series-2.1.2.111/driverlib/gcc\libdriver.a(pwm.o)
                0x0000308a                PWMGenFaultTriggerGet
 .text.PWMGenFaultStatus
                0x00003098       0x1c C:/ti/TivaWare_C_Series-2.1.2.111/driverlib/gcc\libdriver.a(pwm.o)
                0x00003098                PWMGenFaultStatus
 .text.PWMGenFaultClear
                0x000030b4       0x18 C:/ti/TivaWare_C_Series-2.1.2.111/driverlib/gcc\libdriver.a(pwm.o)
                0x000030b4                PWMGenFaultClear
 .text.PWMClockSet
                0x000030cc       0x14 C:/ti/TivaWare_C_Series-2.1.2.111/driverlib/gcc\libdriver.a(pwm.o)
                0x000030cc                PWMClockSet
 .text.PWMClockGet
                0x000030e0       0x1c C:/ti/TivaWare_C_Series-2.1.2.111/driverlib/gcc\libdriver.a(pwm.o)
                0x000030e0                PWMClockGet
 .text.PWMOutputUpdateMode
                0x000030fc       0x32 C:/ti/TivaWare_C_Series-2.1.2.111/driverlib/gcc\libdriver.a(pwm.o)
                0x000030fc                PWMOutputUpdateMode
 *fill*         0x0000312e        0x2 
 .text._SysCtlMemTimingGet
                0x00003130       0x24 C:/ti/TivaWare_C_Series-2.1.2.111/driverlib/gcc\libdriver.a(sysctl.o)
 .text.SysCtlSRAMSizeGet
                0x00003154       0x10 C:/ti/TivaWare_C_Series-2.1.2.111/driverlib/gcc\libdriver.a(sysctl.o)
                0x00003154                SysCtlSRAMSizeGet
 .text.SysCtlFlashSizeGet
                0x00003164       0x40 C:/ti/TivaWare_C_Series-2.1.2.111/driverlib/gcc\libdriver.a(sysctl.o)
                0x00003164                SysCtlFlashSizeGet
 .text.SysCtlFlashSectorSizeGet
                0x000031a4       0x3c C:/ti/TivaWare_C_Series-2.1.2.111/driverlib/gcc\libdriver.a(sysctl.o)
                0x000031a4                SysCtlFlashSectorSizeGet
 .text.SysCtlPeripheralPresent
                0x000031e0       0x34 C:/ti/TivaWare_C_Series-2.1.2.111/driverlib/gcc\libdriver.a(sysctl.o)
                0x000031e0                SysCtlPeripheralPresent
 .text.SysCtlPeripheralReady
                0x00003214       0x34 C:/ti/TivaWare_C_Series-2.1.2.111/driverlib/gcc\libdriver.a(sysctl.o)
                0x00003214                SysCtlPeripheralReady
 .text.SysCtlPeripheralPowerOn
                0x00003248       0x30 C:/ti/TivaWare_C_Series-2.1.2.111/driverlib/gcc\libdriver.a(sysctl.o)
                0x00003248                SysCtlPeripheralPowerOn
 .text.SysCtlPeripheralPowerOff
                0x00003278       0x30 C:/ti/TivaWare_C_Series-2.1.2.111/driverlib/gcc\libdriver.a(sysctl.o)
                0x00003278                SysCtlPeripheralPowerOff
 .text.SysCtlPeripheralReset
                0x000032a8       0x48 C:/ti/TivaWare_C_Series-2.1.2.111/driverlib/gcc\libdriver.a(sysctl.o)
                0x000032a8                SysCtlPeripheralReset
 .text.SysCtlPeripheralEnable
                0x000032f0       0x30 C:/ti/TivaWare_C_Series-2.1.2.111/driverlib/gcc\libdriver.a(sysctl.o)
                0x000032f0                SysCtlPeripheralEnable
 .text.SysCtlPeripheralDisable
                0x00003320       0x30 C:/ti/TivaWare_C_Series-2.1.2.111/driverlib/gcc\libdriver.a(sysctl.o)
                0x00003320                SysCtlPeripheralDisable
 .text.SysCtlPeripheralSleepEnable
                0x00003350       0x30 C:/ti/TivaWare_C_Series-2.1.2.111/driverlib/gcc\libdriver.a(sysctl.o)
                0x00003350                SysCtlPeripheralSleepEnable
 .text.SysCtlPeripheralSleepDisable
                0x00003380       0x30 C:/ti/TivaWare_C_Series-2.1.2.111/driverlib/gcc\libdriver.a(sysctl.o)
                0x00003380                SysCtlPeripheralSleepDisable
 .text.SysCtlPeripheralDeepSleepEnable
                0x000033b0       0x30 C:/ti/TivaWare_C_Series-2.1.2.111/driverlib/gcc\libdriver.a(sysctl.o)
                0x000033b0                SysCtlPeripheralDeepSleepEnable
 .text.SysCtlPeripheralDeepSleepDisable
                0x000033e0       0x30 C:/ti/TivaWare_C_Series-2.1.2.111/driverlib/gcc\libdriver.a(sysctl.o)
                0x000033e0                SysCtlPeripheralDeepSleepDisable
 .text.SysCtlPeripheralClockGating
                0x00003410       0x50 C:/ti/TivaWare_C_Series-2.1.2.111/driverlib/gcc\libdriver.a(sysctl.o)
                0x00003410                SysCtlPeripheralClockGating
 .text.SysCtlIntRegister
                0x00003460       0x14 C:/ti/TivaWare_C_Series-2.1.2.111/driverlib/gcc\libdriver.a(sysctl.o)
                0x00003460                SysCtlIntRegister
 .text.SysCtlIntUnregister
                0x00003474       0x12 C:/ti/TivaWare_C_Series-2.1.2.111/driverlib/gcc\libdriver.a(sysctl.o)
                0x00003474                SysCtlIntUnregister
 *fill*         0x00003486        0x2 
 .text.SysCtlIntEnable
                0x00003488       0x10 C:/ti/TivaWare_C_Series-2.1.2.111/driverlib/gcc\libdriver.a(sysctl.o)
                0x00003488                SysCtlIntEnable
 .text.SysCtlIntDisable
                0x00003498       0x10 C:/ti/TivaWare_C_Series-2.1.2.111/driverlib/gcc\libdriver.a(sysctl.o)
                0x00003498                SysCtlIntDisable
 .text.SysCtlIntClear
                0x000034a8        0xc C:/ti/TivaWare_C_Series-2.1.2.111/driverlib/gcc\libdriver.a(sysctl.o)
                0x000034a8                SysCtlIntClear
 .text.SysCtlIntStatus
                0x000034b4       0x18 C:/ti/TivaWare_C_Series-2.1.2.111/driverlib/gcc\libdriver.a(sysctl.o)
                0x000034b4                SysCtlIntStatus
 .text.SysCtlLDOSleepSet
                0x000034cc        0xc C:/ti/TivaWare_C_Series-2.1.2.111/driverlib/gcc\libdriver.a(sysctl.o)
                0x000034cc                SysCtlLDOSleepSet
 .text.SysCtlLDOSleepGet
                0x000034d8        0xc C:/ti/TivaWare_C_Series-2.1.2.111/driverlib/gcc\libdriver.a(sysctl.o)
                0x000034d8                SysCtlLDOSleepGet
 .text.SysCtlLDODeepSleepSet
                0x000034e4        0xc C:/ti/TivaWare_C_Series-2.1.2.111/driverlib/gcc\libdriver.a(sysctl.o)
                0x000034e4                SysCtlLDODeepSleepSet
 .text.SysCtlLDODeepSleepGet
                0x000034f0        0xc C:/ti/TivaWare_C_Series-2.1.2.111/driverlib/gcc\libdriver.a(sysctl.o)
                0x000034f0                SysCtlLDODeepSleepGet
 .text.SysCtlSleepPowerSet
                0x000034fc        0xc C:/ti/TivaWare_C_Series-2.1.2.111/driverlib/gcc\libdriver.a(sysctl.o)
                0x000034fc                SysCtlSleepPowerSet
 .text.SysCtlDeepSleepPowerSet
                0x00003508        0xc C:/ti/TivaWare_C_Series-2.1.2.111/driverlib/gcc\libdriver.a(sysctl.o)
                0x00003508                SysCtlDeepSleepPowerSet
 .text.SysCtlReset
                0x00003514       0x10 C:/ti/TivaWare_C_Series-2.1.2.111/driverlib/gcc\libdriver.a(sysctl.o)
                0x00003514                SysCtlReset
 .text.SysCtlSleep
                0x00003524        0x4 C:/ti/TivaWare_C_Series-2.1.2.111/driverlib/gcc\libdriver.a(sysctl.o)
                0x00003524                SysCtlSleep
 .text.SysCtlDeepSleep
                0x00003528       0x20 C:/ti/TivaWare_C_Series-2.1.2.111/driverlib/gcc\libdriver.a(sysctl.o)
                0x00003528                SysCtlDeepSleep
 .text.SysCtlResetCauseGet
                0x00003548        0xc C:/ti/TivaWare_C_Series-2.1.2.111/driverlib/gcc\libdriver.a(sysctl.o)
                0x00003548                SysCtlResetCauseGet
 .text.SysCtlResetCauseClear
                0x00003554       0x10 C:/ti/TivaWare_C_Series-2.1.2.111/driverlib/gcc\libdriver.a(sysctl.o)
                0x00003554                SysCtlResetCauseClear
 .text.SysCtlDelay
                0x00003564        0x6 C:/ti/TivaWare_C_Series-2.1.2.111/driverlib/gcc\libdriver.a(sysctl.o)
                0x00003564                SysCtlDelay
 *fill*         0x0000356a        0x2 
 .text.SysCtlMOSCConfigSet
                0x0000356c        0xc C:/ti/TivaWare_C_Series-2.1.2.111/driverlib/gcc\libdriver.a(sysctl.o)
                0x0000356c                SysCtlMOSCConfigSet
 .text.SysCtlPIOSCCalibrate
                0x00003578       0x54 C:/ti/TivaWare_C_Series-2.1.2.111/driverlib/gcc\libdriver.a(sysctl.o)
                0x00003578                SysCtlPIOSCCalibrate
 .text.SysCtlResetBehaviorSet
                0x000035cc        0xc C:/ti/TivaWare_C_Series-2.1.2.111/driverlib/gcc\libdriver.a(sysctl.o)
                0x000035cc                SysCtlResetBehaviorSet
 .text.SysCtlResetBehaviorGet
                0x000035d8        0xc C:/ti/TivaWare_C_Series-2.1.2.111/driverlib/gcc\libdriver.a(sysctl.o)
                0x000035d8                SysCtlResetBehaviorGet
 .text.SysCtlClockFreqSet
                0x000035e4      0x264 C:/ti/TivaWare_C_Series-2.1.2.111/driverlib/gcc\libdriver.a(sysctl.o)
                0x000035e4                SysCtlClockFreqSet
 .text.SysCtlClockSet
                0x00003848      0x128 C:/ti/TivaWare_C_Series-2.1.2.111/driverlib/gcc\libdriver.a(sysctl.o)
                0x00003848                SysCtlClockSet
 .text.SysCtlClockGet
                0x00003970      0x14c C:/ti/TivaWare_C_Series-2.1.2.111/driverlib/gcc\libdriver.a(sysctl.o)
                0x00003970                SysCtlClockGet
 .text.SysCtlDeepSleepClockSet
                0x00003abc        0xc C:/ti/TivaWare_C_Series-2.1.2.111/driverlib/gcc\libdriver.a(sysctl.o)
                0x00003abc                SysCtlDeepSleepClockSet
 .text.SysCtlDeepSleepClockConfigSet
                0x00003ac8       0x68 C:/ti/TivaWare_C_Series-2.1.2.111/driverlib/gcc\libdriver.a(sysctl.o)
                0x00003ac8                SysCtlDeepSleepClockConfigSet
 .text.SysCtlPWMClockSet
                0x00003b30       0x14 C:/ti/TivaWare_C_Series-2.1.2.111/driverlib/gcc\libdriver.a(sysctl.o)
                0x00003b30                SysCtlPWMClockSet
 .text.SysCtlPWMClockGet
                0x00003b44       0x18 C:/ti/TivaWare_C_Series-2.1.2.111/driverlib/gcc\libdriver.a(sysctl.o)
                0x00003b44                SysCtlPWMClockGet
 .text.SysCtlGPIOAHBEnable
                0x00003b5c       0x1c C:/ti/TivaWare_C_Series-2.1.2.111/driverlib/gcc\libdriver.a(sysctl.o)
                0x00003b5c                SysCtlGPIOAHBEnable
 .text.SysCtlGPIOAHBDisable
                0x00003b78       0x1c C:/ti/TivaWare_C_Series-2.1.2.111/driverlib/gcc\libdriver.a(sysctl.o)
                0x00003b78                SysCtlGPIOAHBDisable
 .text.SysCtlUSBPLLEnable
                0x00003b94       0x10 C:/ti/TivaWare_C_Series-2.1.2.111/driverlib/gcc\libdriver.a(sysctl.o)
                0x00003b94                SysCtlUSBPLLEnable
 .text.SysCtlUSBPLLDisable
                0x00003ba4       0x10 C:/ti/TivaWare_C_Series-2.1.2.111/driverlib/gcc\libdriver.a(sysctl.o)
                0x00003ba4                SysCtlUSBPLLDisable
 .text.SysCtlVoltageEventConfig
                0x00003bb4        0xc C:/ti/TivaWare_C_Series-2.1.2.111/driverlib/gcc\libdriver.a(sysctl.o)
                0x00003bb4                SysCtlVoltageEventConfig
 .text.SysCtlVoltageEventStatus
                0x00003bc0        0xc C:/ti/TivaWare_C_Series-2.1.2.111/driverlib/gcc\libdriver.a(sysctl.o)
                0x00003bc0                SysCtlVoltageEventStatus
 .text.SysCtlVoltageEventClear
                0x00003bcc       0x10 C:/ti/TivaWare_C_Series-2.1.2.111/driverlib/gcc\libdriver.a(sysctl.o)
                0x00003bcc                SysCtlVoltageEventClear
 .text.SysCtlNMIStatus
                0x00003bdc        0xc C:/ti/TivaWare_C_Series-2.1.2.111/driverlib/gcc\libdriver.a(sysctl.o)
                0x00003bdc                SysCtlNMIStatus
 .text.SysCtlNMIClear
                0x00003be8       0x10 C:/ti/TivaWare_C_Series-2.1.2.111/driverlib/gcc\libdriver.a(sysctl.o)
                0x00003be8                SysCtlNMIClear
 .text.SysCtlClockOutConfig
                0x00003bf8       0x14 C:/ti/TivaWare_C_Series-2.1.2.111/driverlib/gcc\libdriver.a(sysctl.o)
                0x00003bf8                SysCtlClockOutConfig
 .text.SysCtlAltClkConfig
                0x00003c0c        0xc C:/ti/TivaWare_C_Series-2.1.2.111/driverlib/gcc\libdriver.a(sysctl.o)
                0x00003c0c                SysCtlAltClkConfig
 .text._TimerIntNumberGet
                0x00003c18       0x54 C:/ti/TivaWare_C_Series-2.1.2.111/driverlib/gcc\libdriver.a(timer.o)
 .text.TimerEnable
                0x00003c6c       0x12 C:/ti/TivaWare_C_Series-2.1.2.111/driverlib/gcc\libdriver.a(timer.o)
                0x00003c6c                TimerEnable
 .text.TimerDisable
                0x00003c7e       0x12 C:/ti/TivaWare_C_Series-2.1.2.111/driverlib/gcc\libdriver.a(timer.o)
                0x00003c7e                TimerDisable
 .text.TimerConfigure
                0x00003c90       0x64 C:/ti/TivaWare_C_Series-2.1.2.111/driverlib/gcc\libdriver.a(timer.o)
                0x00003c90                TimerConfigure
 .text.TimerControlLevel
                0x00003cf4       0x20 C:/ti/TivaWare_C_Series-2.1.2.111/driverlib/gcc\libdriver.a(timer.o)
                0x00003cf4                TimerControlLevel
 .text.TimerControlTrigger
                0x00003d14       0x5c C:/ti/TivaWare_C_Series-2.1.2.111/driverlib/gcc\libdriver.a(timer.o)
                0x00003d14                TimerControlTrigger
 .text.TimerControlEvent
                0x00003d70       0x18 C:/ti/TivaWare_C_Series-2.1.2.111/driverlib/gcc\libdriver.a(timer.o)
                0x00003d70                TimerControlEvent
 .text.TimerControlStall
                0x00003d88       0x20 C:/ti/TivaWare_C_Series-2.1.2.111/driverlib/gcc\libdriver.a(timer.o)
                0x00003d88                TimerControlStall
 .text.TimerControlWaitOnTrigger
                0x00003da8       0x34 C:/ti/TivaWare_C_Series-2.1.2.111/driverlib/gcc\libdriver.a(timer.o)
                0x00003da8                TimerControlWaitOnTrigger
 .text.TimerRTCEnable
                0x00003ddc        0xa C:/ti/TivaWare_C_Series-2.1.2.111/driverlib/gcc\libdriver.a(timer.o)
                0x00003ddc                TimerRTCEnable
 .text.TimerRTCDisable
                0x00003de6        0xa C:/ti/TivaWare_C_Series-2.1.2.111/driverlib/gcc\libdriver.a(timer.o)
                0x00003de6                TimerRTCDisable
 .text.TimerClockSourceSet
                0x00003df0        0x6 C:/ti/TivaWare_C_Series-2.1.2.111/driverlib/gcc\libdriver.a(timer.o)
                0x00003df0                TimerClockSourceSet
 .text.TimerClockSourceGet
                0x00003df6        0x6 C:/ti/TivaWare_C_Series-2.1.2.111/driverlib/gcc\libdriver.a(timer.o)
                0x00003df6                TimerClockSourceGet
 .text.TimerPrescaleSet
                0x00003dfc       0x12 C:/ti/TivaWare_C_Series-2.1.2.111/driverlib/gcc\libdriver.a(timer.o)
                0x00003dfc                TimerPrescaleSet
 .text.TimerPrescaleGet
                0x00003e0e        0xa C:/ti/TivaWare_C_Series-2.1.2.111/driverlib/gcc\libdriver.a(timer.o)
                0x00003e0e                TimerPrescaleGet
 .text.TimerPrescaleMatchSet
                0x00003e18       0x12 C:/ti/TivaWare_C_Series-2.1.2.111/driverlib/gcc\libdriver.a(timer.o)
                0x00003e18                TimerPrescaleMatchSet
 .text.TimerPrescaleMatchGet
                0x00003e2a        0xa C:/ti/TivaWare_C_Series-2.1.2.111/driverlib/gcc\libdriver.a(timer.o)
                0x00003e2a                TimerPrescaleMatchGet
 .text.TimerLoadSet
                0x00003e34       0x12 C:/ti/TivaWare_C_Series-2.1.2.111/driverlib/gcc\libdriver.a(timer.o)
                0x00003e34                TimerLoadSet
 .text.TimerLoadGet
                0x00003e46        0xa C:/ti/TivaWare_C_Series-2.1.2.111/driverlib/gcc\libdriver.a(timer.o)
                0x00003e46                TimerLoadGet
 .text.TimerLoadSet64
                0x00003e50        0x6 C:/ti/TivaWare_C_Series-2.1.2.111/driverlib/gcc\libdriver.a(timer.o)
                0x00003e50                TimerLoadSet64
 .text.TimerLoadGet64
                0x00003e56       0x14 C:/ti/TivaWare_C_Series-2.1.2.111/driverlib/gcc\libdriver.a(timer.o)
                0x00003e56                TimerLoadGet64
 .text.TimerValueGet
                0x00003e6a        0xa C:/ti/TivaWare_C_Series-2.1.2.111/driverlib/gcc\libdriver.a(timer.o)
                0x00003e6a                TimerValueGet
 .text.TimerValueGet64
                0x00003e74       0x14 C:/ti/TivaWare_C_Series-2.1.2.111/driverlib/gcc\libdriver.a(timer.o)
                0x00003e74                TimerValueGet64
 .text.TimerMatchSet
                0x00003e88       0x12 C:/ti/TivaWare_C_Series-2.1.2.111/driverlib/gcc\libdriver.a(timer.o)
                0x00003e88                TimerMatchSet
 .text.TimerMatchGet
                0x00003e9a        0xa C:/ti/TivaWare_C_Series-2.1.2.111/driverlib/gcc\libdriver.a(timer.o)
                0x00003e9a                TimerMatchGet
 .text.TimerMatchSet64
                0x00003ea4        0x6 C:/ti/TivaWare_C_Series-2.1.2.111/driverlib/gcc\libdriver.a(timer.o)
                0x00003ea4                TimerMatchSet64
 .text.TimerMatchGet64
                0x00003eaa       0x14 C:/ti/TivaWare_C_Series-2.1.2.111/driverlib/gcc\libdriver.a(timer.o)
                0x00003eaa                TimerMatchGet64
 .text.TimerIntRegister
                0x00003ebe       0x1a C:/ti/TivaWare_C_Series-2.1.2.111/driverlib/gcc\libdriver.a(timer.o)
                0x00003ebe                TimerIntRegister
 .text.TimerIntUnregister
                0x00003ed8       0x16 C:/ti/TivaWare_C_Series-2.1.2.111/driverlib/gcc\libdriver.a(timer.o)
                0x00003ed8                TimerIntUnregister
 .text.TimerIntEnable
                0x00003eee        0x8 C:/ti/TivaWare_C_Series-2.1.2.111/driverlib/gcc\libdriver.a(timer.o)
                0x00003eee                TimerIntEnable
 .text.TimerIntDisable
                0x00003ef6        0xa C:/ti/TivaWare_C_Series-2.1.2.111/driverlib/gcc\libdriver.a(timer.o)
                0x00003ef6                TimerIntDisable
 .text.TimerIntStatus
                0x00003f00        0xa C:/ti/TivaWare_C_Series-2.1.2.111/driverlib/gcc\libdriver.a(timer.o)
                0x00003f00                TimerIntStatus
 .text.TimerIntClear
                0x00003f0a        0x4 C:/ti/TivaWare_C_Series-2.1.2.111/driverlib/gcc\libdriver.a(timer.o)
                0x00003f0a                TimerIntClear
 .text.TimerSynchronize
                0x00003f0e        0x4 C:/ti/TivaWare_C_Series-2.1.2.111/driverlib/gcc\libdriver.a(timer.o)
                0x00003f0e                TimerSynchronize
 .text.TimerADCEventSet
                0x00003f12        0x4 C:/ti/TivaWare_C_Series-2.1.2.111/driverlib/gcc\libdriver.a(timer.o)
                0x00003f12                TimerADCEventSet
 .text.TimerADCEventGet
                0x00003f16        0x4 C:/ti/TivaWare_C_Series-2.1.2.111/driverlib/gcc\libdriver.a(timer.o)
                0x00003f16                TimerADCEventGet
 .text.TimerDMAEventSet
                0x00003f1a        0x4 C:/ti/TivaWare_C_Series-2.1.2.111/driverlib/gcc\libdriver.a(timer.o)
                0x00003f1a                TimerDMAEventSet
 .text.TimerDMAEventGet
                0x00003f1e        0x4 C:/ti/TivaWare_C_Series-2.1.2.111/driverlib/gcc\libdriver.a(timer.o)
                0x00003f1e                TimerDMAEventGet
 .text.TimerUpdateMode
                0x00003f22       0x2a C:/ti/TivaWare_C_Series-2.1.2.111/driverlib/gcc\libdriver.a(timer.o)
                0x00003f22                TimerUpdateMode
 .text._UARTIntNumberGet
                0x00003f4c       0x48 C:/ti/TivaWare_C_Series-2.1.2.111/driverlib/gcc\libdriver.a(uart.o)
 .text.UARTParityModeSet
                0x00003f94        0xc C:/ti/TivaWare_C_Series-2.1.2.111/driverlib/gcc\libdriver.a(uart.o)
                0x00003f94                UARTParityModeSet
 .text.UARTParityModeGet
                0x00003fa0        0x8 C:/ti/TivaWare_C_Series-2.1.2.111/driverlib/gcc\libdriver.a(uart.o)
                0x00003fa0                UARTParityModeGet
 .text.UARTFIFOLevelSet
                0x00003fa8        0x6 C:/ti/TivaWare_C_Series-2.1.2.111/driverlib/gcc\libdriver.a(uart.o)
                0x00003fa8                UARTFIFOLevelSet
 .text.UARTFIFOLevelGet
                0x00003fae       0x10 C:/ti/TivaWare_C_Series-2.1.2.111/driverlib/gcc\libdriver.a(uart.o)
                0x00003fae                UARTFIFOLevelGet
 .text.UARTConfigGetExpClk
                0x00003fbe       0x28 C:/ti/TivaWare_C_Series-2.1.2.111/driverlib/gcc\libdriver.a(uart.o)
                0x00003fbe                UARTConfigGetExpClk
 .text.UARTEnable
                0x00003fe6       0x16 C:/ti/TivaWare_C_Series-2.1.2.111/driverlib/gcc\libdriver.a(uart.o)
                0x00003fe6                UARTEnable
 .text.UARTDisable
                0x00003ffc       0x1e C:/ti/TivaWare_C_Series-2.1.2.111/driverlib/gcc\libdriver.a(uart.o)
                0x00003ffc                UARTDisable
 .text.UARTConfigSetExpClk
                0x0000401a       0x4e C:/ti/TivaWare_C_Series-2.1.2.111/driverlib/gcc\libdriver.a(uart.o)
                0x0000401a                UARTConfigSetExpClk
 .text.UARTFIFOEnable
                0x00004068        0xa C:/ti/TivaWare_C_Series-2.1.2.111/driverlib/gcc\libdriver.a(uart.o)
                0x00004068                UARTFIFOEnable
 .text.UARTFIFODisable
                0x00004072        0xa C:/ti/TivaWare_C_Series-2.1.2.111/driverlib/gcc\libdriver.a(uart.o)
                0x00004072                UARTFIFODisable
 .text.UARTEnableSIR
                0x0000407c       0x14 C:/ti/TivaWare_C_Series-2.1.2.111/driverlib/gcc\libdriver.a(uart.o)
                0x0000407c                UARTEnableSIR
 .text.UARTDisableSIR
                0x00004090        0xa C:/ti/TivaWare_C_Series-2.1.2.111/driverlib/gcc\libdriver.a(uart.o)
                0x00004090                UARTDisableSIR
 .text.UARTSmartCardEnable
                0x0000409a       0x16 C:/ti/TivaWare_C_Series-2.1.2.111/driverlib/gcc\libdriver.a(uart.o)
                0x0000409a                UARTSmartCardEnable
 .text.UARTSmartCardDisable
                0x000040b0        0xa C:/ti/TivaWare_C_Series-2.1.2.111/driverlib/gcc\libdriver.a(uart.o)
                0x000040b0                UARTSmartCardDisable
 .text.UARTModemControlSet
                0x000040ba        0xc C:/ti/TivaWare_C_Series-2.1.2.111/driverlib/gcc\libdriver.a(uart.o)
                0x000040ba                UARTModemControlSet
 .text.UARTModemControlClear
                0x000040c6        0xe C:/ti/TivaWare_C_Series-2.1.2.111/driverlib/gcc\libdriver.a(uart.o)
                0x000040c6                UARTModemControlClear
 .text.UARTModemControlGet
                0x000040d4        0x8 C:/ti/TivaWare_C_Series-2.1.2.111/driverlib/gcc\libdriver.a(uart.o)
                0x000040d4                UARTModemControlGet
 .text.UARTModemStatusGet
                0x000040dc        0xc C:/ti/TivaWare_C_Series-2.1.2.111/driverlib/gcc\libdriver.a(uart.o)
                0x000040dc                UARTModemStatusGet
 .text.UARTFlowControlSet
                0x000040e8        0xc C:/ti/TivaWare_C_Series-2.1.2.111/driverlib/gcc\libdriver.a(uart.o)
                0x000040e8                UARTFlowControlSet
 .text.UARTFlowControlGet
                0x000040f4        0x8 C:/ti/TivaWare_C_Series-2.1.2.111/driverlib/gcc\libdriver.a(uart.o)
                0x000040f4                UARTFlowControlGet
 .text.UARTTxIntModeSet
                0x000040fc        0xc C:/ti/TivaWare_C_Series-2.1.2.111/driverlib/gcc\libdriver.a(uart.o)
                0x000040fc                UARTTxIntModeSet
 .text.UARTTxIntModeGet
                0x00004108        0x8 C:/ti/TivaWare_C_Series-2.1.2.111/driverlib/gcc\libdriver.a(uart.o)
                0x00004108                UARTTxIntModeGet
 .text.UARTCharsAvail
                0x00004110       0x10 C:/ti/TivaWare_C_Series-2.1.2.111/driverlib/gcc\libdriver.a(uart.o)
                0x00004110                UARTCharsAvail
 .text.UARTSpaceAvail
                0x00004120       0x10 C:/ti/TivaWare_C_Series-2.1.2.111/driverlib/gcc\libdriver.a(uart.o)
                0x00004120                UARTSpaceAvail
 .text.UARTCharGetNonBlocking
                0x00004130       0x10 C:/ti/TivaWare_C_Series-2.1.2.111/driverlib/gcc\libdriver.a(uart.o)
                0x00004130                UARTCharGetNonBlocking
 .text.UARTCharGet
                0x00004140        0xc C:/ti/TivaWare_C_Series-2.1.2.111/driverlib/gcc\libdriver.a(uart.o)
                0x00004140                UARTCharGet
 .text.UARTCharPutNonBlocking
                0x0000414c       0x12 C:/ti/TivaWare_C_Series-2.1.2.111/driverlib/gcc\libdriver.a(uart.o)
                0x0000414c                UARTCharPutNonBlocking
 .text.UARTCharPut
                0x0000415e        0xc C:/ti/TivaWare_C_Series-2.1.2.111/driverlib/gcc\libdriver.a(uart.o)
                0x0000415e                UARTCharPut
 .text.UARTBreakCtl
                0x0000416a       0x18 C:/ti/TivaWare_C_Series-2.1.2.111/driverlib/gcc\libdriver.a(uart.o)
                0x0000416a                UARTBreakCtl
 .text.UARTBusy
                0x00004182        0x8 C:/ti/TivaWare_C_Series-2.1.2.111/driverlib/gcc\libdriver.a(uart.o)
                0x00004182                UARTBusy
 .text.UARTIntRegister
                0x0000418a       0x1a C:/ti/TivaWare_C_Series-2.1.2.111/driverlib/gcc\libdriver.a(uart.o)
                0x0000418a                UARTIntRegister
 .text.UARTIntUnregister
                0x000041a4       0x16 C:/ti/TivaWare_C_Series-2.1.2.111/driverlib/gcc\libdriver.a(uart.o)
                0x000041a4                UARTIntUnregister
 .text.UARTIntEnable
                0x000041ba        0x8 C:/ti/TivaWare_C_Series-2.1.2.111/driverlib/gcc\libdriver.a(uart.o)
                0x000041ba                UARTIntEnable
 .text.UARTIntDisable
                0x000041c2        0xa C:/ti/TivaWare_C_Series-2.1.2.111/driverlib/gcc\libdriver.a(uart.o)
                0x000041c2                UARTIntDisable
 .text.UARTIntStatus
                0x000041cc        0xa C:/ti/TivaWare_C_Series-2.1.2.111/driverlib/gcc\libdriver.a(uart.o)
                0x000041cc                UARTIntStatus
 .text.UARTIntClear
                0x000041d6        0x4 C:/ti/TivaWare_C_Series-2.1.2.111/driverlib/gcc\libdriver.a(uart.o)
                0x000041d6                UARTIntClear
 .text.UARTDMAEnable
                0x000041da        0x8 C:/ti/TivaWare_C_Series-2.1.2.111/driverlib/gcc\libdriver.a(uart.o)
                0x000041da                UARTDMAEnable
 .text.UARTDMADisable
                0x000041e2        0xa C:/ti/TivaWare_C_Series-2.1.2.111/driverlib/gcc\libdriver.a(uart.o)
                0x000041e2                UARTDMADisable
 .text.UARTRxErrorGet
                0x000041ec        0x8 C:/ti/TivaWare_C_Series-2.1.2.111/driverlib/gcc\libdriver.a(uart.o)
                0x000041ec                UARTRxErrorGet
 .text.UARTRxErrorClear
                0x000041f4        0x6 C:/ti/TivaWare_C_Series-2.1.2.111/driverlib/gcc\libdriver.a(uart.o)
                0x000041f4                UARTRxErrorClear
 .text.UARTClockSourceSet
                0x000041fa        0x6 C:/ti/TivaWare_C_Series-2.1.2.111/driverlib/gcc\libdriver.a(uart.o)
                0x000041fa                UARTClockSourceSet
 .text.UARTClockSourceGet
                0x00004200        0x6 C:/ti/TivaWare_C_Series-2.1.2.111/driverlib/gcc\libdriver.a(uart.o)
                0x00004200                UARTClockSourceGet
 .text.UART9BitEnable
                0x00004206        0xe C:/ti/TivaWare_C_Series-2.1.2.111/driverlib/gcc\libdriver.a(uart.o)
                0x00004206                UART9BitEnable
 .text.UART9BitDisable
                0x00004214        0xe C:/ti/TivaWare_C_Series-2.1.2.111/driverlib/gcc\libdriver.a(uart.o)
                0x00004214                UART9BitDisable
 .text.UART9BitAddrSet
                0x00004222        0xa C:/ti/TivaWare_C_Series-2.1.2.111/driverlib/gcc\libdriver.a(uart.o)
                0x00004222                UART9BitAddrSet
 .text.UART9BitAddrSend
                0x0000422c       0x2c C:/ti/TivaWare_C_Series-2.1.2.111/driverlib/gcc\libdriver.a(uart.o)
                0x0000422c                UART9BitAddrSend
 .text.UARTLoopbackEnable
                0x00004258        0xa C:/ti/TivaWare_C_Series-2.1.2.111/driverlib/gcc\libdriver.a(uart.o)
                0x00004258                UARTLoopbackEnable
 .text.CPUcpsid
                0x00004262        0x8 C:/ti/TivaWare_C_Series-2.1.2.111/driverlib/gcc\libdriver.a(cpu.o)
                0x00004262                CPUcpsid
 .text.CPUprimask
                0x0000426a        0x6 C:/ti/TivaWare_C_Series-2.1.2.111/driverlib/gcc\libdriver.a(cpu.o)
                0x0000426a                CPUprimask
 .text.CPUcpsie
                0x00004270        0x8 C:/ti/TivaWare_C_Series-2.1.2.111/driverlib/gcc\libdriver.a(cpu.o)
                0x00004270                CPUcpsie
 .text.CPUwfi   0x00004278        0x4 C:/ti/TivaWare_C_Series-2.1.2.111/driverlib/gcc\libdriver.a(cpu.o)
                0x00004278                CPUwfi
 .text.CPUbasepriSet
                0x0000427c        0x6 C:/ti/TivaWare_C_Series-2.1.2.111/driverlib/gcc\libdriver.a(cpu.o)
                0x0000427c                CPUbasepriSet
 .text.CPUbasepriGet
                0x00004282        0x6 C:/ti/TivaWare_C_Series-2.1.2.111/driverlib/gcc\libdriver.a(cpu.o)
                0x00004282                CPUbasepriGet
 .text._sbrk    0x00004288       0x1c c:/ti/ccsv6/tools/compiler/gcc-arm-none-eabi-4_9-2015q3/bin/../lib/gcc/arm-none-eabi/4.9.3/../../../../arm-none-eabi/lib/armv7e-m/softfp\libnosys.a(sbrk.o)
                0x00004288                _sbrk
 .text._exit    0x000042a4        0x4 c:/ti/ccsv6/tools/compiler/gcc-arm-none-eabi-4_9-2015q3/bin/../lib/gcc/arm-none-eabi/4.9.3/../../../../arm-none-eabi/lib/armv7e-m/softfp\libnosys.a(_exit.o)
                0x000042a4                _exit
                0x000042a8                . = ALIGN (0x4)
 *(.ctors)
                0x000042a8                . = ALIGN (0x4)
 *(.dtors)
                0x000042a8                . = ALIGN (0x4)
                0x000042a8                __init_array_start = .
 *(.init_array*)
 .init_array    0x000042a8        0x4 c:/ti/ccsv6/tools/compiler/gcc-arm-none-eabi-4_9-2015q3/bin/../lib/gcc/arm-none-eabi/4.9.3/armv7e-m/softfp/crtbegin.o
 .init_array.00000
                0x000042ac        0x4 c:/ti/ccsv6/tools/compiler/gcc-arm-none-eabi-4_9-2015q3/bin/../lib/gcc/arm-none-eabi/4.9.3/../../../../arm-none-eabi/lib/armv7e-m/softfp\libc.a(lib_a-__call_atexit.o)
                0x000042b0                __init_array_end = .
 *(.init)
 .init          0x000042b0        0x4 c:/ti/ccsv6/tools/compiler/gcc-arm-none-eabi-4_9-2015q3/bin/../lib/gcc/arm-none-eabi/4.9.3/armv7e-m/softfp/crti.o
                0x000042b0                _init
 .init          0x000042b4        0x8 c:/ti/ccsv6/tools/compiler/gcc-arm-none-eabi-4_9-2015q3/bin/../lib/gcc/arm-none-eabi/4.9.3/armv7e-m/softfp/crtn.o
 *(.fini*)
 .fini          0x000042bc        0x4 c:/ti/ccsv6/tools/compiler/gcc-arm-none-eabi-4_9-2015q3/bin/../lib/gcc/arm-none-eabi/4.9.3/armv7e-m/softfp/crti.o
                0x000042bc                _fini
 .fini_array    0x000042c0        0x4 c:/ti/ccsv6/tools/compiler/gcc-arm-none-eabi-4_9-2015q3/bin/../lib/gcc/arm-none-eabi/4.9.3/armv7e-m/softfp/crtbegin.o
 .fini          0x000042c4        0x8 c:/ti/ccsv6/tools/compiler/gcc-arm-none-eabi-4_9-2015q3/bin/../lib/gcc/arm-none-eabi/4.9.3/armv7e-m/softfp/crtn.o
                0x000042cc                PROVIDE (__etext, .)
                0x000042cc                PROVIDE (_etext, .)
                0x000042cc                PROVIDE (etext, .)

.glue_7         0x000042cc        0x0
 .glue_7        0x00000000        0x0 linker stubs

.glue_7t        0x000042cc        0x0
 .glue_7t       0x00000000        0x0 linker stubs

.vfp11_veneer   0x000042cc        0x0
 .vfp11_veneer  0x00000000        0x0 linker stubs

.v4_bx          0x000042cc        0x0
 .v4_bx         0x00000000        0x0 linker stubs

.iplt           0x000042cc        0x0
 .iplt          0x00000000        0x0 c:/ti/ccsv6/tools/compiler/gcc-arm-none-eabi-4_9-2015q3/bin/../lib/gcc/arm-none-eabi/4.9.3/armv7e-m/softfp/crtbegin.o

.rodata         0x000042cc      0x648
 *(.rodata)
 .rodata        0x000042cc       0x32 ./main.o
 *(.rodata*)
 *fill*         0x000042fe        0x2 
 .rodata.period
                0x00004300        0x4 ./pulse_train.o
                0x00004300                period
 .rodata.duty   0x00004304        0x4 ./three_axes.o
                0x00004304                duty
 .rodata.full_Period
                0x00004308        0x4 ./three_axes.o
                0x00004308                full_Period
 .rodata.str1.4
                0x0000430c        0x4 c:/ti/ccsv6/tools/compiler/gcc-arm-none-eabi-4_9-2015q3/bin/../lib/gcc/arm-none-eabi/4.9.3/../../../../arm-none-eabi/lib/armv7e-m/softfp\libc.a(lib_a-impure.o)
                                  0x2 (size before relaxing)
 .rodata._global_impure_ptr
                0x00004310        0x4 c:/ti/ccsv6/tools/compiler/gcc-arm-none-eabi-4_9-2015q3/bin/../lib/gcc/arm-none-eabi/4.9.3/../../../../arm-none-eabi/lib/armv7e-m/softfp\libc.a(lib_a-impure.o)
                0x00004310                _global_impure_ptr
 .rodata.g_ppui32GPIOIntMapSnowflake
                0x00004314       0xc0 C:/ti/TivaWare_C_Series-2.1.2.111/driverlib/gcc\libdriver.a(gpio.o)
 .rodata.g_pui32GPIOBaseAddrs
                0x000043d4       0x90 C:/ti/TivaWare_C_Series-2.1.2.111/driverlib/gcc\libdriver.a(gpio.o)
 .rodata.g_ppui32GPIOIntMapBlizzard
                0x00004464       0xc0 C:/ti/TivaWare_C_Series-2.1.2.111/driverlib/gcc\libdriver.a(gpio.o)
 .rodata.g_pui32Priority
                0x00004524       0x20 C:/ti/TivaWare_C_Series-2.1.2.111/driverlib/gcc\libdriver.a(interrupt.o)
 .rodata.g_pui32Dii16Regs
                0x00004544       0x14 C:/ti/TivaWare_C_Series-2.1.2.111/driverlib/gcc\libdriver.a(interrupt.o)
 .rodata.g_pui32PendRegs
                0x00004558       0x14 C:/ti/TivaWare_C_Series-2.1.2.111/driverlib/gcc\libdriver.a(interrupt.o)
 .rodata.g_pui32Regs
                0x0000456c       0x9c C:/ti/TivaWare_C_Series-2.1.2.111/driverlib/gcc\libdriver.a(interrupt.o)
 .rodata.g_pui32EnRegs
                0x00004608       0x14 C:/ti/TivaWare_C_Series-2.1.2.111/driverlib/gcc\libdriver.a(interrupt.o)
 .rodata.g_pui32UnpendRegs
                0x0000461c       0x14 C:/ti/TivaWare_C_Series-2.1.2.111/driverlib/gcc\libdriver.a(interrupt.o)
 .rodata.g_pppui32XTALtoVCO
                0x00004630      0x120 C:/ti/TivaWare_C_Series-2.1.2.111/driverlib/gcc\libdriver.a(sysctl.o)
 .rodata.g_pui32VCOFrequencies
                0x00004750        0x8 C:/ti/TivaWare_C_Series-2.1.2.111/driverlib/gcc\libdriver.a(sysctl.o)
 .rodata.g_sXTALtoMEMTIM
                0x00004758       0x30 C:/ti/TivaWare_C_Series-2.1.2.111/driverlib/gcc\libdriver.a(sysctl.o)
 .rodata.g_pui32Xtals
                0x00004788       0x6c C:/ti/TivaWare_C_Series-2.1.2.111/driverlib/gcc\libdriver.a(sysctl.o)
 .rodata.g_ppui32TimerIntMapSnowflake
                0x000047f4       0x40 C:/ti/TivaWare_C_Series-2.1.2.111/driverlib/gcc\libdriver.a(timer.o)
 .rodata.g_ppui32TimerIntMap
                0x00004834       0x60 C:/ti/TivaWare_C_Series-2.1.2.111/driverlib/gcc\libdriver.a(timer.o)
 .rodata.g_ppui32UARTIntMap
                0x00004894       0x40 C:/ti/TivaWare_C_Series-2.1.2.111/driverlib/gcc\libdriver.a(uart.o)
 .rodata.g_ppui32UARTIntMapSnowflake
                0x000048d4       0x40 C:/ti/TivaWare_C_Series-2.1.2.111/driverlib/gcc\libdriver.a(uart.o)

.eh_frame       0x00004914        0x4
 .eh_frame      0x00004914        0x0 c:/ti/ccsv6/tools/compiler/gcc-arm-none-eabi-4_9-2015q3/bin/../lib/gcc/arm-none-eabi/4.9.3/armv7e-m/softfp/crtbegin.o
 .eh_frame      0x00004914        0x4 c:/ti/ccsv6/tools/compiler/gcc-arm-none-eabi-4_9-2015q3/bin/../lib/gcc/arm-none-eabi/4.9.3/armv7e-m/softfp/crtend.o

.data           0x20000000      0x884 load address 0x00004918
                0x00004918                __data_load__ = LOADADDR (.data)
                0x20000000                __data_start__ = .
 *(.data)
 .data          0x20000000        0x0 c:/ti/ccsv6/tools/compiler/gcc-arm-none-eabi-4_9-2015q3/bin/../lib/gcc/arm-none-eabi/4.9.3/armv7e-m/softfp/crti.o
 .data          0x20000000        0x4 c:/ti/ccsv6/tools/compiler/gcc-arm-none-eabi-4_9-2015q3/bin/../lib/gcc/arm-none-eabi/4.9.3/armv7e-m/softfp/crtbegin.o
                0x20000000                __dso_handle
 .data          0x20000004        0x0 c:/ti/ccsv6/tools/compiler/gcc-arm-none-eabi-4_9-2015q3/bin/../lib/gcc/arm-none-eabi/4.9.3/../../../../arm-none-eabi/lib/armv7e-m/softfp/crt0.o
 .data          0x20000004        0x0 ./keys_driver.o
 .data          0x20000004        0x0 ./main.o
 .data          0x20000004        0x0 ./pulse_train.o
 .data          0x20000004        0x0 ./rtos.o
 .data          0x20000004        0x0 ./rtos_pipe.o
 .data          0x20000004        0x0 ./rtos_sched.o
 .data          0x20000004        0x0 ./rtos_task.o
 .data          0x20000004        0x0 ./system_TM4C123.o
 .data          0x20000004        0x0 ./three_axes.o
 .data          0x20000004        0x0 ./tm4c123gh6pm_startup_ccs_gcc.o
 .data          0x20000004        0x0 ./uart_driver.o
 .data          0x20000004        0x0 ./x_axis.o
 .data          0x20000004        0x0 ./y_axis.o
 .data          0x20000004        0x0 ./z_axis.o
 .data          0x20000004        0x0 c:/ti/ccsv6/tools/compiler/gcc-arm-none-eabi-4_9-2015q3/bin/../lib/gcc/arm-none-eabi/4.9.3/../../../../arm-none-eabi/lib/armv7e-m/softfp\libc.a(lib_a-exit.o)
 .data          0x20000004        0x0 c:/ti/ccsv6/tools/compiler/gcc-arm-none-eabi-4_9-2015q3/bin/../lib/gcc/arm-none-eabi/4.9.3/../../../../arm-none-eabi/lib/armv7e-m/softfp\libc.a(lib_a-impure.o)
 .data          0x20000004        0x0 c:/ti/ccsv6/tools/compiler/gcc-arm-none-eabi-4_9-2015q3/bin/../lib/gcc/arm-none-eabi/4.9.3/../../../../arm-none-eabi/lib/armv7e-m/softfp\libc.a(lib_a-init.o)
 .data          0x20000004        0x0 c:/ti/ccsv6/tools/compiler/gcc-arm-none-eabi-4_9-2015q3/bin/../lib/gcc/arm-none-eabi/4.9.3/../../../../arm-none-eabi/lib/armv7e-m/softfp\libc.a(lib_a-malloc.o)
 .data          0x20000004        0x0 c:/ti/ccsv6/tools/compiler/gcc-arm-none-eabi-4_9-2015q3/bin/../lib/gcc/arm-none-eabi/4.9.3/../../../../arm-none-eabi/lib/armv7e-m/softfp\libc.a(lib_a-mallocr.o)
 .data          0x20000004        0x0 c:/ti/ccsv6/tools/compiler/gcc-arm-none-eabi-4_9-2015q3/bin/../lib/gcc/arm-none-eabi/4.9.3/../../../../arm-none-eabi/lib/armv7e-m/softfp\libc.a(lib_a-memset.o)
 .data          0x20000004        0x0 c:/ti/ccsv6/tools/compiler/gcc-arm-none-eabi-4_9-2015q3/bin/../lib/gcc/arm-none-eabi/4.9.3/../../../../arm-none-eabi/lib/armv7e-m/softfp\libc.a(lib_a-mlock.o)
 .data          0x20000004        0x0 c:/ti/ccsv6/tools/compiler/gcc-arm-none-eabi-4_9-2015q3/bin/../lib/gcc/arm-none-eabi/4.9.3/../../../../arm-none-eabi/lib/armv7e-m/softfp\libc.a(lib_a-sbrkr.o)
 .data          0x20000004        0x0 c:/ti/ccsv6/tools/compiler/gcc-arm-none-eabi-4_9-2015q3/bin/../lib/gcc/arm-none-eabi/4.9.3/../../../../arm-none-eabi/lib/armv7e-m/softfp\libc.a(lib_a-__call_atexit.o)
 .data          0x20000004        0x0 c:/ti/ccsv6/tools/compiler/gcc-arm-none-eabi-4_9-2015q3/bin/../lib/gcc/arm-none-eabi/4.9.3/../../../../arm-none-eabi/lib/armv7e-m/softfp\libc.a(lib_a-atexit.o)
 .data          0x20000004        0x0 c:/ti/ccsv6/tools/compiler/gcc-arm-none-eabi-4_9-2015q3/bin/../lib/gcc/arm-none-eabi/4.9.3/../../../../arm-none-eabi/lib/armv7e-m/softfp\libc.a(lib_a-fini.o)
 .data          0x20000004        0x0 c:/ti/ccsv6/tools/compiler/gcc-arm-none-eabi-4_9-2015q3/bin/../lib/gcc/arm-none-eabi/4.9.3/../../../../arm-none-eabi/lib/armv7e-m/softfp\libc.a(lib_a-freer.o)
 .data          0x20000004        0x0 c:/ti/ccsv6/tools/compiler/gcc-arm-none-eabi-4_9-2015q3/bin/../lib/gcc/arm-none-eabi/4.9.3/../../../../arm-none-eabi/lib/armv7e-m/softfp\libc.a(lib_a-reent.o)
 .data          0x20000004        0x0 c:/ti/ccsv6/tools/compiler/gcc-arm-none-eabi-4_9-2015q3/bin/../lib/gcc/arm-none-eabi/4.9.3/../../../../arm-none-eabi/lib/armv7e-m/softfp\libc.a(lib_a-__atexit.o)
 .data          0x20000004        0x0 C:/ti/TivaWare_C_Series-2.1.2.111/driverlib/gcc\libdriver.a(gpio.o)
 .data          0x20000004        0x0 C:/ti/TivaWare_C_Series-2.1.2.111/driverlib/gcc\libdriver.a(interrupt.o)
 .data          0x20000004        0x0 C:/ti/TivaWare_C_Series-2.1.2.111/driverlib/gcc\libdriver.a(pwm.o)
 .data          0x20000004        0x0 C:/ti/TivaWare_C_Series-2.1.2.111/driverlib/gcc\libdriver.a(sysctl.o)
 .data          0x20000004        0x0 C:/ti/TivaWare_C_Series-2.1.2.111/driverlib/gcc\libdriver.a(timer.o)
 .data          0x20000004        0x0 C:/ti/TivaWare_C_Series-2.1.2.111/driverlib/gcc\libdriver.a(uart.o)
 .data          0x20000004        0x0 C:/ti/TivaWare_C_Series-2.1.2.111/driverlib/gcc\libdriver.a(cpu.o)
 .data          0x20000004        0x0 c:/ti/ccsv6/tools/compiler/gcc-arm-none-eabi-4_9-2015q3/bin/../lib/gcc/arm-none-eabi/4.9.3/../../../../arm-none-eabi/lib/armv7e-m/softfp\libnosys.a(sbrk.o)
 .data          0x20000004        0x0 c:/ti/ccsv6/tools/compiler/gcc-arm-none-eabi-4_9-2015q3/bin/../lib/gcc/arm-none-eabi/4.9.3/../../../../arm-none-eabi/lib/armv7e-m/softfp\libnosys.a(_exit.o)
 .data          0x20000004        0x0 c:/ti/ccsv6/tools/compiler/gcc-arm-none-eabi-4_9-2015q3/bin/../lib/gcc/arm-none-eabi/4.9.3/armv7e-m/softfp/crtend.o
 .data          0x20000004        0x0 c:/ti/ccsv6/tools/compiler/gcc-arm-none-eabi-4_9-2015q3/bin/../lib/gcc/arm-none-eabi/4.9.3/armv7e-m/softfp/crtn.o
 *(.data*)
 .data.SystemCoreClock
                0x20000004        0x4 ./system_TM4C123.o
                0x20000004                SystemCoreClock
 .data.x_pulse_Gen_info
                0x20000008       0x14 ./x_axis.o
                0x20000008                x_pulse_Gen_info
 .data.y_pulse_Gen_info
                0x2000001c       0x14 ./y_axis.o
                0x2000001c                y_pulse_Gen_info
 .data.z_pulse_Gen_info
                0x20000030       0x14 ./z_axis.o
                0x20000030                z_pulse_Gen_info
 *fill*         0x20000044        0x4 
 .data.impure_data
                0x20000048      0x428 c:/ti/ccsv6/tools/compiler/gcc-arm-none-eabi-4_9-2015q3/bin/../lib/gcc/arm-none-eabi/4.9.3/../../../../arm-none-eabi/lib/armv7e-m/softfp\libc.a(lib_a-impure.o)
 .data._impure_ptr
                0x20000470        0x4 c:/ti/ccsv6/tools/compiler/gcc-arm-none-eabi-4_9-2015q3/bin/../lib/gcc/arm-none-eabi/4.9.3/../../../../arm-none-eabi/lib/armv7e-m/softfp\libc.a(lib_a-impure.o)
                0x20000470                _impure_ptr
 .data.__malloc_av_
                0x20000474      0x408 c:/ti/ccsv6/tools/compiler/gcc-arm-none-eabi-4_9-2015q3/bin/../lib/gcc/arm-none-eabi/4.9.3/../../../../arm-none-eabi/lib/armv7e-m/softfp\libc.a(lib_a-mallocr.o)
                0x20000474                __malloc_av_
 .data.__malloc_trim_threshold
                0x2000087c        0x4 c:/ti/ccsv6/tools/compiler/gcc-arm-none-eabi-4_9-2015q3/bin/../lib/gcc/arm-none-eabi/4.9.3/../../../../arm-none-eabi/lib/armv7e-m/softfp\libc.a(lib_a-mallocr.o)
                0x2000087c                __malloc_trim_threshold
 .data.__malloc_sbrk_base
                0x20000880        0x4 c:/ti/ccsv6/tools/compiler/gcc-arm-none-eabi-4_9-2015q3/bin/../lib/gcc/arm-none-eabi/4.9.3/../../../../arm-none-eabi/lib/armv7e-m/softfp\libc.a(lib_a-mallocr.o)
                0x20000880                __malloc_sbrk_base
                0x20000884                . = ALIGN (0x4)
                0x20000884                __data_end__ = .

.jcr            0x20000884        0x4 load address 0x0000519c
 .jcr           0x20000884        0x0 c:/ti/ccsv6/tools/compiler/gcc-arm-none-eabi-4_9-2015q3/bin/../lib/gcc/arm-none-eabi/4.9.3/armv7e-m/softfp/crtbegin.o
 .jcr           0x20000884        0x4 c:/ti/ccsv6/tools/compiler/gcc-arm-none-eabi-4_9-2015q3/bin/../lib/gcc/arm-none-eabi/4.9.3/armv7e-m/softfp/crtend.o

.igot.plt       0x20000888        0x0 load address 0x000051a0
 .igot.plt      0x00000000        0x0 c:/ti/ccsv6/tools/compiler/gcc-arm-none-eabi-4_9-2015q3/bin/../lib/gcc/arm-none-eabi/4.9.3/armv7e-m/softfp/crtbegin.o

vtable          0x20000c00      0x400 load address 0x000051a0
                0x20000c00                PROVIDE (__start_vtable, .)
 vtable         0x20000c00      0x400 C:/ti/TivaWare_C_Series-2.1.2.111/driverlib/gcc\libdriver.a(interrupt.o)
                0x20001000                PROVIDE (__stop_vtable, .)

.ARM.exidx      0x000055a0        0x8
                0x000055a0                __exidx_start = .
 *(.ARM.exidx* .gnu.linkonce.armexidx.*)
 .ARM.exidx     0x000055a0        0x8 c:/ti/ccsv6/tools/compiler/gcc-arm-none-eabi-4_9-2015q3/bin/../lib/gcc/arm-none-eabi/4.9.3/../../../../arm-none-eabi/lib/armv7e-m/softfp/crt0.o
                0x000055a8                __exidx_end = .

.ARM.extab      0x000055a8        0x0
 *(.ARM.extab* .gnu.linkonce.armextab.*)
 .ARM.extab     0x000055a8        0x0 c:/ti/ccsv6/tools/compiler/gcc-arm-none-eabi-4_9-2015q3/bin/../lib/gcc/arm-none-eabi/4.9.3/../../../../arm-none-eabi/lib/armv7e-m/softfp/crt0.o

.rel.dyn        0x000055a8        0x0
 .rel.iplt      0x00000000        0x0 c:/ti/ccsv6/tools/compiler/gcc-arm-none-eabi-4_9-2015q3/bin/../lib/gcc/arm-none-eabi/4.9.3/armv7e-m/softfp/crtbegin.o

.bss            0x20001000      0x294
                0x20001000                __bss_start__ = .
 *(.shbss)
 *(.bss)
 .bss           0x20001000        0x0 c:/ti/ccsv6/tools/compiler/gcc-arm-none-eabi-4_9-2015q3/bin/../lib/gcc/arm-none-eabi/4.9.3/armv7e-m/softfp/crti.o
 .bss           0x20001000       0x1c c:/ti/ccsv6/tools/compiler/gcc-arm-none-eabi-4_9-2015q3/bin/../lib/gcc/arm-none-eabi/4.9.3/armv7e-m/softfp/crtbegin.o
 .bss           0x2000101c        0x0 c:/ti/ccsv6/tools/compiler/gcc-arm-none-eabi-4_9-2015q3/bin/../lib/gcc/arm-none-eabi/4.9.3/../../../../arm-none-eabi/lib/armv7e-m/softfp/crt0.o
 .bss           0x2000101c        0x0 ./keys_driver.o
 .bss           0x2000101c        0x0 ./main.o
 .bss           0x2000101c        0x0 ./pulse_train.o
 .bss           0x2000101c        0x0 ./rtos.o
 .bss           0x2000101c        0x0 ./rtos_pipe.o
 .bss           0x2000101c        0x0 ./rtos_sched.o
 .bss           0x2000101c        0x0 ./rtos_task.o
 .bss           0x2000101c        0x0 ./system_TM4C123.o
 .bss           0x2000101c        0x0 ./three_axes.o
 .bss           0x2000101c        0x0 ./tm4c123gh6pm_startup_ccs_gcc.o
 .bss           0x2000101c        0x0 ./uart_driver.o
 .bss           0x2000101c        0x0 ./x_axis.o
 .bss           0x2000101c        0x0 ./y_axis.o
 .bss           0x2000101c        0x0 ./z_axis.o
 .bss           0x2000101c        0x0 c:/ti/ccsv6/tools/compiler/gcc-arm-none-eabi-4_9-2015q3/bin/../lib/gcc/arm-none-eabi/4.9.3/../../../../arm-none-eabi/lib/armv7e-m/softfp\libc.a(lib_a-exit.o)
 .bss           0x2000101c        0x0 c:/ti/ccsv6/tools/compiler/gcc-arm-none-eabi-4_9-2015q3/bin/../lib/gcc/arm-none-eabi/4.9.3/../../../../arm-none-eabi/lib/armv7e-m/softfp\libc.a(lib_a-impure.o)
 .bss           0x2000101c        0x0 c:/ti/ccsv6/tools/compiler/gcc-arm-none-eabi-4_9-2015q3/bin/../lib/gcc/arm-none-eabi/4.9.3/../../../../arm-none-eabi/lib/armv7e-m/softfp\libc.a(lib_a-init.o)
 .bss           0x2000101c        0x0 c:/ti/ccsv6/tools/compiler/gcc-arm-none-eabi-4_9-2015q3/bin/../lib/gcc/arm-none-eabi/4.9.3/../../../../arm-none-eabi/lib/armv7e-m/softfp\libc.a(lib_a-malloc.o)
 .bss           0x2000101c        0x0 c:/ti/ccsv6/tools/compiler/gcc-arm-none-eabi-4_9-2015q3/bin/../lib/gcc/arm-none-eabi/4.9.3/../../../../arm-none-eabi/lib/armv7e-m/softfp\libc.a(lib_a-mallocr.o)
 .bss           0x2000101c        0x0 c:/ti/ccsv6/tools/compiler/gcc-arm-none-eabi-4_9-2015q3/bin/../lib/gcc/arm-none-eabi/4.9.3/../../../../arm-none-eabi/lib/armv7e-m/softfp\libc.a(lib_a-memset.o)
 .bss           0x2000101c        0x0 c:/ti/ccsv6/tools/compiler/gcc-arm-none-eabi-4_9-2015q3/bin/../lib/gcc/arm-none-eabi/4.9.3/../../../../arm-none-eabi/lib/armv7e-m/softfp\libc.a(lib_a-mlock.o)
 .bss           0x2000101c        0x0 c:/ti/ccsv6/tools/compiler/gcc-arm-none-eabi-4_9-2015q3/bin/../lib/gcc/arm-none-eabi/4.9.3/../../../../arm-none-eabi/lib/armv7e-m/softfp\libc.a(lib_a-sbrkr.o)
 .bss           0x2000101c        0x0 c:/ti/ccsv6/tools/compiler/gcc-arm-none-eabi-4_9-2015q3/bin/../lib/gcc/arm-none-eabi/4.9.3/../../../../arm-none-eabi/lib/armv7e-m/softfp\libc.a(lib_a-__call_atexit.o)
 .bss           0x2000101c        0x0 c:/ti/ccsv6/tools/compiler/gcc-arm-none-eabi-4_9-2015q3/bin/../lib/gcc/arm-none-eabi/4.9.3/../../../../arm-none-eabi/lib/armv7e-m/softfp\libc.a(lib_a-atexit.o)
 .bss           0x2000101c        0x0 c:/ti/ccsv6/tools/compiler/gcc-arm-none-eabi-4_9-2015q3/bin/../lib/gcc/arm-none-eabi/4.9.3/../../../../arm-none-eabi/lib/armv7e-m/softfp\libc.a(lib_a-fini.o)
 .bss           0x2000101c        0x0 c:/ti/ccsv6/tools/compiler/gcc-arm-none-eabi-4_9-2015q3/bin/../lib/gcc/arm-none-eabi/4.9.3/../../../../arm-none-eabi/lib/armv7e-m/softfp\libc.a(lib_a-freer.o)
 .bss           0x2000101c        0x0 c:/ti/ccsv6/tools/compiler/gcc-arm-none-eabi-4_9-2015q3/bin/../lib/gcc/arm-none-eabi/4.9.3/../../../../arm-none-eabi/lib/armv7e-m/softfp\libc.a(lib_a-reent.o)
 .bss           0x2000101c        0x0 c:/ti/ccsv6/tools/compiler/gcc-arm-none-eabi-4_9-2015q3/bin/../lib/gcc/arm-none-eabi/4.9.3/../../../../arm-none-eabi/lib/armv7e-m/softfp\libc.a(lib_a-__atexit.o)
 .bss           0x2000101c        0x0 C:/ti/TivaWare_C_Series-2.1.2.111/driverlib/gcc\libdriver.a(gpio.o)
 .bss           0x2000101c        0x0 C:/ti/TivaWare_C_Series-2.1.2.111/driverlib/gcc\libdriver.a(interrupt.o)
 .bss           0x2000101c        0x0 C:/ti/TivaWare_C_Series-2.1.2.111/driverlib/gcc\libdriver.a(pwm.o)
 .bss           0x2000101c        0x0 C:/ti/TivaWare_C_Series-2.1.2.111/driverlib/gcc\libdriver.a(sysctl.o)
 .bss           0x2000101c        0x0 C:/ti/TivaWare_C_Series-2.1.2.111/driverlib/gcc\libdriver.a(timer.o)
 .bss           0x2000101c        0x0 C:/ti/TivaWare_C_Series-2.1.2.111/driverlib/gcc\libdriver.a(uart.o)
 .bss           0x2000101c        0x0 C:/ti/TivaWare_C_Series-2.1.2.111/driverlib/gcc\libdriver.a(cpu.o)
 .bss           0x2000101c        0x0 c:/ti/ccsv6/tools/compiler/gcc-arm-none-eabi-4_9-2015q3/bin/../lib/gcc/arm-none-eabi/4.9.3/../../../../arm-none-eabi/lib/armv7e-m/softfp\libnosys.a(sbrk.o)
 .bss           0x2000101c        0x0 c:/ti/ccsv6/tools/compiler/gcc-arm-none-eabi-4_9-2015q3/bin/../lib/gcc/arm-none-eabi/4.9.3/../../../../arm-none-eabi/lib/armv7e-m/softfp\libnosys.a(_exit.o)
 .bss           0x2000101c        0x0 c:/ti/ccsv6/tools/compiler/gcc-arm-none-eabi-4_9-2015q3/bin/../lib/gcc/arm-none-eabi/4.9.3/armv7e-m/softfp/crtend.o
 .bss           0x2000101c        0x0 c:/ti/ccsv6/tools/compiler/gcc-arm-none-eabi-4_9-2015q3/bin/../lib/gcc/arm-none-eabi/4.9.3/armv7e-m/softfp/crtn.o
 *(.bss.*)
 .bss.keys_last_state
                0x2000101c        0x4 ./keys_driver.o
                0x2000101c                keys_last_state
 .bss.list.4445
                0x20001020        0x4 ./rtos_sched.o
 .bss.pui32Stack
                0x20001024      0x200 ./tm4c123gh6pm_startup_ccs_gcc.o
 .bss.__malloc_max_total_mem
                0x20001224        0x4 c:/ti/ccsv6/tools/compiler/gcc-arm-none-eabi-4_9-2015q3/bin/../lib/gcc/arm-none-eabi/4.9.3/../../../../arm-none-eabi/lib/armv7e-m/softfp\libc.a(lib_a-mallocr.o)
                0x20001224                __malloc_max_total_mem
 .bss.__malloc_max_sbrked_mem
                0x20001228        0x4 c:/ti/ccsv6/tools/compiler/gcc-arm-none-eabi-4_9-2015q3/bin/../lib/gcc/arm-none-eabi/4.9.3/../../../../arm-none-eabi/lib/armv7e-m/softfp\libc.a(lib_a-mallocr.o)
                0x20001228                __malloc_max_sbrked_mem
 .bss.__malloc_top_pad
                0x2000122c        0x4 c:/ti/ccsv6/tools/compiler/gcc-arm-none-eabi-4_9-2015q3/bin/../lib/gcc/arm-none-eabi/4.9.3/../../../../arm-none-eabi/lib/armv7e-m/softfp\libc.a(lib_a-mallocr.o)
                0x2000122c                __malloc_top_pad
 .bss.__malloc_current_mallinfo
                0x20001230       0x28 c:/ti/ccsv6/tools/compiler/gcc-arm-none-eabi-4_9-2015q3/bin/../lib/gcc/arm-none-eabi/4.9.3/../../../../arm-none-eabi/lib/armv7e-m/softfp\libc.a(lib_a-mallocr.o)
                0x20001230                __malloc_current_mallinfo
 .bss.heap_end.4079
                0x20001258        0x4 c:/ti/ccsv6/tools/compiler/gcc-arm-none-eabi-4_9-2015q3/bin/../lib/gcc/arm-none-eabi/4.9.3/../../../../arm-none-eabi/lib/armv7e-m/softfp\libnosys.a(sbrk.o)
 *(COMMON)
 COMMON         0x2000125c        0x4 ./keys_driver.o
                0x2000125c                keys_Fifo
 COMMON         0x20001260        0x4 ./main.o
                0x20001260                green_pulse
 COMMON         0x20001264        0x5 ./pulse_train.o
                0x20001264                pulse_Fifo
                0x20001268                latch
 *fill*         0x20001269        0x3 
 COMMON         0x2000126c        0x8 ./rtos.o
                0x2000126c                rtos_recursive_counter
                0x20001270                slice_quantum
 COMMON         0x20001274        0x8 ./rtos_task.o
                0x20001274                rtos_running_task
                0x20001278                rtos_ready_tasks
 COMMON         0x2000127c        0xc ./three_axes.o
                0x2000127c                z_axis
                0x20001280                x_axis
                0x20001284                y_axis
 COMMON         0x20001288        0x8 ./uart_driver.o
                0x20001288                uart_rx_Fifo
                0x2000128c                uart_tx_Fifo
 COMMON         0x20001290        0x4 c:/ti/ccsv6/tools/compiler/gcc-arm-none-eabi-4_9-2015q3/bin/../lib/gcc/arm-none-eabi/4.9.3/../../../../arm-none-eabi/lib/armv7e-m/softfp\libc.a(lib_a-reent.o)
                0x20001290                errno
                0x20001294                . = ALIGN (0x4)
                0x20001294                __bss_end__ = .

.heap           0x20001294        0x0
                0x20001294                __heap_start__ = .
                0x20001294                end = __heap_start__
                0x20001294                _end = end
                0x20001294                __end = end
 *(.heap)
                0x20001294                __heap_end__ = .
                0x20001294                __HeapLimit = __heap_end__

.stack          0x20001298        0x0
                0x20001298                _stack = .
                0x20001298                __stack = .
 *(.stack)
START GROUP
LOAD c:/ti/ccsv6/tools/compiler/gcc-arm-none-eabi-4_9-2015q3/bin/../lib/gcc/arm-none-eabi/4.9.3/../../../../arm-none-eabi/lib/armv7e-m/softfp\libc.a
LOAD C:/ti/TivaWare_C_Series-2.1.2.111/driverlib/gcc\libdriver.a
LOAD c:/ti/ccsv6/tools/compiler/gcc-arm-none-eabi-4_9-2015q3/bin/../lib/gcc/arm-none-eabi/4.9.3/armv7e-m/softfp\libgcc.a
LOAD c:/ti/ccsv6/tools/compiler/gcc-arm-none-eabi-4_9-2015q3/bin/../lib/gcc/arm-none-eabi/4.9.3/../../../../arm-none-eabi/lib/armv7e-m/softfp\libnosys.a
END GROUP
START GROUP
LOAD c:/ti/ccsv6/tools/compiler/gcc-arm-none-eabi-4_9-2015q3/bin/../lib/gcc/arm-none-eabi/4.9.3/armv7e-m/softfp\libgcc.a
LOAD c:/ti/ccsv6/tools/compiler/gcc-arm-none-eabi-4_9-2015q3/bin/../lib/gcc/arm-none-eabi/4.9.3/../../../../arm-none-eabi/lib/armv7e-m/softfp\libg.a
LOAD c:/ti/ccsv6/tools/compiler/gcc-arm-none-eabi-4_9-2015q3/bin/../lib/gcc/arm-none-eabi/4.9.3/../../../../arm-none-eabi/lib/armv7e-m/softfp\libc.a
END GROUP
LOAD c:/ti/ccsv6/tools/compiler/gcc-arm-none-eabi-4_9-2015q3/bin/../lib/gcc/arm-none-eabi/4.9.3/armv7e-m/softfp/crtend.o
LOAD c:/ti/ccsv6/tools/compiler/gcc-arm-none-eabi-4_9-2015q3/bin/../lib/gcc/arm-none-eabi/4.9.3/armv7e-m/softfp/crtn.o
OUTPUT(three_axis.out elf32-littlearm)

.ARM.attributes
                0x00000000       0x30
 .ARM.attributes
                0x00000000       0x22 c:/ti/ccsv6/tools/compiler/gcc-arm-none-eabi-4_9-2015q3/bin/../lib/gcc/arm-none-eabi/4.9.3/armv7e-m/softfp/crti.o
 .ARM.attributes
                0x00000022       0x32 c:/ti/ccsv6/tools/compiler/gcc-arm-none-eabi-4_9-2015q3/bin/../lib/gcc/arm-none-eabi/4.9.3/armv7e-m/softfp/crtbegin.o
 .ARM.attributes
                0x00000054       0x20 c:/ti/ccsv6/tools/compiler/gcc-arm-none-eabi-4_9-2015q3/bin/../lib/gcc/arm-none-eabi/4.9.3/../../../../arm-none-eabi/lib/armv7e-m/softfp/crt0.o
 .ARM.attributes
                0x00000074       0x37 ./keys_driver.o
 .ARM.attributes
                0x000000ab       0x37 ./main.o
 .ARM.attributes
                0x000000e2       0x37 ./pulse_train.o
 .ARM.attributes
                0x00000119       0x37 ./rtos.o
 .ARM.attributes
                0x00000150       0x37 ./rtos_pipe.o
 .ARM.attributes
                0x00000187       0x37 ./rtos_sched.o
 .ARM.attributes
                0x000001be       0x37 ./rtos_task.o
 .ARM.attributes
                0x000001f5       0x37 ./system_TM4C123.o
 .ARM.attributes
                0x0000022c       0x37 ./three_axes.o
 .ARM.attributes
                0x00000263       0x37 ./tm4c123gh6pm_startup_ccs_gcc.o
 .ARM.attributes
                0x0000029a       0x37 ./uart_driver.o
 .ARM.attributes
                0x000002d1       0x37 ./x_axis.o
 .ARM.attributes
                0x00000308       0x37 ./y_axis.o
 .ARM.attributes
                0x0000033f       0x37 ./z_axis.o
 .ARM.attributes
                0x00000376       0x32 c:/ti/ccsv6/tools/compiler/gcc-arm-none-eabi-4_9-2015q3/bin/../lib/gcc/arm-none-eabi/4.9.3/../../../../arm-none-eabi/lib/armv7e-m/softfp\libc.a(lib_a-exit.o)
 .ARM.attributes
                0x000003a8       0x32 c:/ti/ccsv6/tools/compiler/gcc-arm-none-eabi-4_9-2015q3/bin/../lib/gcc/arm-none-eabi/4.9.3/../../../../arm-none-eabi/lib/armv7e-m/softfp\libc.a(lib_a-impure.o)
 .ARM.attributes
                0x000003da       0x32 c:/ti/ccsv6/tools/compiler/gcc-arm-none-eabi-4_9-2015q3/bin/../lib/gcc/arm-none-eabi/4.9.3/../../../../arm-none-eabi/lib/armv7e-m/softfp\libc.a(lib_a-init.o)
 .ARM.attributes
                0x0000040c       0x32 c:/ti/ccsv6/tools/compiler/gcc-arm-none-eabi-4_9-2015q3/bin/../lib/gcc/arm-none-eabi/4.9.3/../../../../arm-none-eabi/lib/armv7e-m/softfp\libc.a(lib_a-malloc.o)
 .ARM.attributes