Archive member included because of file (symbol)

c:/ti/ccsv6/tools/compiler/gcc-arm-none-eabi-4_9-2015q3/bin/../lib/gcc/arm-none-eabi/4.9.3/../../../../arm-none-eabi/lib/armv7e-m/softfp\libc.a(lib_a-exit.o)
                              c:/ti/ccsv6/tools/compiler/gcc-arm-none-eabi-4_9-2015q3/bin/../lib/gcc/arm-none-eabi/4.9.3/../../../../arm-none-eabi/lib/armv7e-m/softfp/crt0.o (exit)
c:/ti/ccsv6/tools/compiler/gcc-arm-none-eabi-4_9-2015q3/bin/../lib/gcc/arm-none-eabi/4.9.3/../../../../arm-none-eabi/lib/armv7e-m/softfp\libc.a(lib_a-impure.o)
                              c:/ti/ccsv6/tools/compiler/gcc-arm-none-eabi-4_9-2015q3/bin/../lib/gcc/arm-none-eabi/4.9.3/../../../../arm-none-eabi/lib/armv7e-m/softfp\libc.a(lib_a-exit.o) (_global_impure_ptr)
c:/ti/ccsv6/tools/compiler/gcc-arm-none-eabi-4_9-2015q3/bin/../lib/gcc/arm-none-eabi/4.9.3/../../../../arm-none-eabi/lib/armv7e-m/softfp\libc.a(lib_a-init.o)
                              c:/ti/ccsv6/tools/compiler/gcc-arm-none-eabi-4_9-2015q3/bin/../lib/gcc/arm-none-eabi/4.9.3/../../../../arm-none-eabi/lib/armv7e-m/softfp/crt0.o (__libc_init_array)
c:/ti/ccsv6/tools/compiler/gcc-arm-none-eabi-4_9-2015q3/bin/../lib/gcc/arm-none-eabi/4.9.3/../../../../arm-none-eabi/lib/armv7e-m/softfp\libc.a(lib_a-malloc.o)
                              ./pulse_train.o (malloc)
c:/ti/ccsv6/tools/compiler/gcc-arm-none-eabi-4_9-2015q3/bin/../lib/gcc/arm-none-eabi/4.9.3/../../../../arm-none-eabi/lib/armv7e-m/softfp\libc.a(lib_a-mallocr.o)
                              c:/ti/ccsv6/tools/compiler/gcc-arm-none-eabi-4_9-2015q3/bin/../lib/gcc/arm-none-eabi/4.9.3/../../../../arm-none-eabi/lib/armv7e-m/softfp\libc.a(lib_a-malloc.o) (_malloc_r)
c:/ti/ccsv6/tools/compiler/gcc-arm-none-eabi-4_9-2015q3/bin/../lib/gcc/arm-none-eabi/4.9.3/../../../../arm-none-eabi/lib/armv7e-m/softfp\libc.a(lib_a-memset.o)
                              c:/ti/ccsv6/tools/compiler/gcc-arm-none-eabi-4_9-2015q3/bin/../lib/gcc/arm-none-eabi/4.9.3/../../../../arm-none-eabi/lib/armv7e-m/softfp/crt0.o (memset)
c:/ti/ccsv6/tools/compiler/gcc-arm-none-eabi-4_9-2015q3/bin/../lib/gcc/arm-none-eabi/4.9.3/../../../../arm-none-eabi/lib/armv7e-m/softfp\libc.a(lib_a-mlock.o)
                              c:/ti/ccsv6/tools/compiler/gcc-arm-none-eabi-4_9-2015q3/bin/../lib/gcc/arm-none-eabi/4.9.3/../../../../arm-none-eabi/lib/armv7e-m/softfp\libc.a(lib_a-mallocr.o) (__malloc_lock)
c:/ti/ccsv6/tools/compiler/gcc-arm-none-eabi-4_9-2015q3/bin/../lib/gcc/arm-none-eabi/4.9.3/../../../../arm-none-eabi/lib/armv7e-m/softfp\libc.a(lib_a-sbrkr.o)
                              c:/ti/ccsv6/tools/compiler/gcc-arm-none-eabi-4_9-2015q3/bin/../lib/gcc/arm-none-eabi/4.9.3/../../../../arm-none-eabi/lib/armv7e-m/softfp\libc.a(lib_a-mallocr.o) (_sbrk_r)
c:/ti/ccsv6/tools/compiler/gcc-arm-none-eabi-4_9-2015q3/bin/../lib/gcc/arm-none-eabi/4.9.3/../../../../arm-none-eabi/lib/armv7e-m/softfp\libc.a(lib_a-__call_atexit.o)
                              c:/ti/ccsv6/tools/compiler/gcc-arm-none-eabi-4_9-2015q3/bin/../lib/gcc/arm-none-eabi/4.9.3/../../../../arm-none-eabi/lib/armv7e-m/softfp\libc.a(lib_a-exit.o) (__call_exitprocs)
c:/ti/ccsv6/tools/compiler/gcc-arm-none-eabi-4_9-2015q3/bin/../lib/gcc/arm-none-eabi/4.9.3/../../../../arm-none-eabi/lib/armv7e-m/softfp\libc.a(lib_a-atexit.o)
                              c:/ti/ccsv6/tools/compiler/gcc-arm-none-eabi-4_9-2015q3/bin/../lib/gcc/arm-none-eabi/4.9.3/../../../../arm-none-eabi/lib/armv7e-m/softfp\libc.a(lib_a-__call_atexit.o) (atexit)
c:/ti/ccsv6/tools/compiler/gcc-arm-none-eabi-4_9-2015q3/bin/../lib/gcc/arm-none-eabi/4.9.3/../../../../arm-none-eabi/lib/armv7e-m/softfp\libc.a(lib_a-fini.o)
                              c:/ti/ccsv6/tools/compiler/gcc-arm-none-eabi-4_9-2015q3/bin/../lib/gcc/arm-none-eabi/4.9.3/../../../../arm-none-eabi/lib/armv7e-m/softfp\libc.a(lib_a-__call_atexit.o) (__libc_fini_array)
c:/ti/ccsv6/tools/compiler/gcc-arm-none-eabi-4_9-2015q3/bin/../lib/gcc/arm-none-eabi/4.9.3/../../../../arm-none-eabi/lib/armv7e-m/softfp\libc.a(lib_a-freer.o)
                              c:/ti/ccsv6/tools/compiler/gcc-arm-none-eabi-4_9-2015q3/bin/../lib/gcc/arm-none-eabi/4.9.3/../../../../arm-none-eabi/lib/armv7e-m/softfp\libc.a(lib_a-malloc.o) (_free_r)
c:/ti/ccsv6/tools/compiler/gcc-arm-none-eabi-4_9-2015q3/bin/../lib/gcc/arm-none-eabi/4.9.3/../../../../arm-none-eabi/lib/armv7e-m/softfp\libc.a(lib_a-reent.o)
                              c:/ti/ccsv6/tools/compiler/gcc-arm-none-eabi-4_9-2015q3/bin/../lib/gcc/arm-none-eabi/4.9.3/../../../../arm-none-eabi/lib/armv7e-m/softfp\libc.a(lib_a-sbrkr.o) (errno)
c:/ti/ccsv6/tools/compiler/gcc-arm-none-eabi-4_9-2015q3/bin/../lib/gcc/arm-none-eabi/4.9.3/../../../../arm-none-eabi/lib/armv7e-m/softfp\libc.a(lib_a-__atexit.o)
                              c:/ti/ccsv6/tools/compiler/gcc-arm-none-eabi-4_9-2015q3/bin/../lib/gcc/arm-none-eabi/4.9.3/../../../../arm-none-eabi/lib/armv7e-m/softfp\libc.a(lib_a-atexit.o) (__register_exitproc)
[...]
Memory Configuration

Name             Origin             Length             Attributes
FLASH            0x00000000         0x00040000         xr
SRAM             0x20000000         0x00008000         xw
*default*        0x00000000         0xffffffff

Linker script and memory map

LOAD c:/ti/ccsv6/tools/compiler/gcc-arm-none-eabi-4_9-2015q3/bin/../lib/gcc/arm-none-eabi/4.9.3/armv7e-m/softfp/crti.o
LOAD c:/ti/ccsv6/tools/compiler/gcc-arm-none-eabi-4_9-2015q3/bin/../lib/gcc/arm-none-eabi/4.9.3/armv7e-m/softfp/crtbegin.o
LOAD c:/ti/ccsv6/tools/compiler/gcc-arm-none-eabi-4_9-2015q3/bin/../lib/gcc/arm-none-eabi/4.9.3/../../../../arm-none-eabi/lib/armv7e-m/softfp/crt0.o
LOAD ./keys_driver.o
LOAD ./main.o
LOAD ./pulse_train.o
LOAD ./rtos.o
LOAD ./rtos_pipe.o
LOAD ./rtos_sched.o
LOAD ./rtos_task.o
LOAD ./system_TM4C123.o
LOAD ./three_axes.o
LOAD ./tm4c123gh6pm_startup_ccs_gcc.o
LOAD ./uart_driver.o
LOAD ./x_axis.o
LOAD ./y_axis.o
LOAD ./z_axis.o
                0x00000000                PROVIDE (_intvecs_base_address, 0x0)

.intvecs        0x00000000      0x26c
 *(.intvecs)
 .intvecs       0x00000000      0x26c ./tm4c123gh6pm_startup_ccs_gcc.o
                0x00000000                g_pfnVectors
                0x20000000                PROVIDE (_vtable_base_address, 0x20000000)

.vtable
 *(.vtable)

.text           0x0000026c     0x3f70
 CREATE_OBJECT_SYMBOLS
 *(.text)
 .text          0x0000026c        0x0 c:/ti/ccsv6/tools/compiler/gcc-arm-none-eabi-4_9-2015q3/bin/../lib/gcc/arm-none-eabi/4.9.3/armv7e-m/softfp/crti.o
 .text          0x0000026c       0x5c c:/ti/ccsv6/tools/compiler/gcc-arm-none-eabi-4_9-2015q3/bin/../lib/gcc/arm-none-eabi/4.9.3/armv7e-m/softfp/crtbegin.o
 .text          0x000002c8       0x74 c:/ti/ccsv6/tools/compiler/gcc-arm-none-eabi-4_9-2015q3/bin/../lib/gcc/arm-none-eabi/4.9.3/../../../../arm-none-eabi/lib/armv7e-m/softfp/crt0.o
                0x000002c8                _start
                0x000002c8                _mainCRTStartup
 .text          0x0000033c        0x0 ./keys_driver.o
 .text          0x0000033c        0x0 ./main.o
 .text          0x0000033c        0x0 ./pulse_train.o
 .text          0x0000033c        0x0 ./rtos.o
 .text          0x0000033c        0x0 ./rtos_pipe.o
 .text          0x0000033c        0x0 ./rtos_sched.o
 .text          0x0000033c        0x0 ./rtos_task.o
 .text          0x0000033c        0x0 ./system_TM4C123.o
 .text          0x0000033c        0x0 ./three_axes.o
 .text          0x0000033c        0x0 ./tm4c123gh6pm_startup_ccs_gcc.o
 .text          0x0000033c        0x0 ./uart_driver.o
 .text          0x0000033c        0x0 ./x_axis.o
 .text          0x0000033c        0x0 ./y_axis.o
 .text          0x0000033c        0x0 ./z_axis.o
 .text          0x0000033c        0x0 c:/ti/ccsv6/tools/compiler/gcc-arm-none-eabi-4_9-2015q3/bin/../lib/gcc/arm-none-eabi/4.9.3/../../../../arm-none-eabi/lib/armv7e-m/softfp\libc.a(lib_a-exit.o)
 .text          0x0000033c        0x0 c:/ti/ccsv6/tools/compiler/gcc-arm-none-eabi-4_9-2015q3/bin/../lib/gcc/arm-none-eabi/4.9.3/../../../../arm-none-eabi/lib/armv7e-m/softfp\libc.a(lib_a-impure.o)
 .text          0x0000033c        0x0 c:/ti/ccsv6/tools/compiler/gcc-arm-none-eabi-4_9-2015q3/bin/../lib/gcc/arm-none-eabi/4.9.3/../../../../arm-none-eabi/lib/armv7e-m/softfp\libc.a(lib_a-init.o)
 .text          0x0000033c        0x0 c:/ti/ccsv6/tools/compiler/gcc-arm-none-eabi-4_9-2015q3/bin/../lib/gcc/arm-none-eabi/4.9.3/../../../../arm-none-eabi/lib/armv7e-m/softfp\libc.a(lib_a-malloc.o)
 .text          0x0000033c        0x0 c:/ti/ccsv6/tools/compiler/gcc-arm-none-eabi-4_9-2015q3/bin/../lib/gcc/arm-none-eabi/4.9.3/../../../../arm-none-eabi/lib/armv7e-m/softfp\libc.a(lib_a-mallocr.o)
 .text          0x0000033c        0x0 c:/ti/ccsv6/tools/compiler/gcc-arm-none-eabi-4_9-2015q3/bin/../lib/gcc/arm-none-eabi/4.9.3/../../../../arm-none-eabi/lib/armv7e-m/softfp\libc.a(lib_a-memset.o)
 .text          0x0000033c        0x0 c:/ti/ccsv6/tools/compiler/gcc-arm-none-eabi-4_9-2015q3/bin/../lib/gcc/arm-none-eabi/4.9.3/../../../../arm-none-eabi/lib/armv7e-m/softfp\libc.a(lib_a-mlock.o)
 .text          0x0000033c        0x0 c:/ti/ccsv6/tools/compiler/gcc-arm-none-eabi-4_9-2015q3/bin/../lib/gcc/arm-none-eabi/4.9.3/../../../../arm-none-eabi/lib/armv7e-m/softfp\libc.a(lib_a-sbrkr.o)
 .text          0x0000033c        0x0 c:/ti/ccsv6/tools/compiler/gcc-arm-none-eabi-4_9-2015q3/bin/../lib/gcc/arm-none-eabi/4.9.3/../../../../arm-none-eabi/lib/armv7e-m/softfp\libc.a(lib_a-__call_atexit.o)
 .text          0x0000033c        0x0 c:/ti/ccsv6/tools/compiler/gcc-arm-none-eabi-4_9-2015q3/bin/../lib/gcc/arm-none-eabi/4.9.3/../../../../arm-none-eabi/lib/armv7e-m/softfp\libc.a(lib_a-atexit.o)
 .text          0x0000033c        0x0 c:/ti/ccsv6/tools/compiler/gcc-arm-none-eabi-4_9-2015q3/bin/../lib/gcc/arm-none-eabi/4.9.3/../../../../arm-none-eabi/lib/armv7e-m/softfp\libc.a(lib_a-fini.o)
 .text          0x0000033c        0x0 c:/ti/ccsv6/tools/compiler/gcc-arm-none-eabi-4_9-2015q3/bin/../lib/gcc/arm-none-eabi/4.9.3/../../../../arm-none-eabi/lib/armv7e-m/softfp\libc.a(lib_a-freer.o)
 .text          0x0000033c        0x0 c:/ti/ccsv6/tools/compiler/gcc-arm-none-eabi-4_9-2015q3/bin/../lib/gcc/arm-none-eabi/4.9.3/../../../../arm-none-eabi/lib/armv7e-m/softfp\libc.a(lib_a-reent.o)
 .text          0x0000033c        0x0 c:/ti/ccsv6/tools/compiler/gcc-arm-none-eabi-4_9-2015q3/bin/../lib/gcc/arm-none-eabi/4.9.3/../../../../arm-none-eabi/lib/armv7e-m/softfp\libc.a(lib_a-__atexit.o)
 .text          0x0000033c        0x0 C:/ti/TivaWare_C_Series-2.1.2.111/driverlib/gcc\libdriver.a(gpio.o)
 .text          0x0000033c        0x0 C:/ti/TivaWare_C_Series-2.1.2.111/driverlib/gcc\libdriver.a(interrupt.o)
 .text          0x0000033c        0x0 C:/ti/TivaWare_C_Series-2.1.2.111/driverlib/gcc\libdriver.a(pwm.o)
 .text          0x0000033c        0x0 C:/ti/TivaWare_C_Series-2.1.2.111/driverlib/gcc\libdriver.a(sysctl.o)
 .text          0x0000033c        0x0 C:/ti/TivaWare_C_Series-2.1.2.111/driverlib/gcc\libdriver.a(timer.o)
 .text          0x0000033c        0x0 C:/ti/TivaWare_C_Series-2.1.2.111/driverlib/gcc\libdriver.a(uart.o)
 .text          0x0000033c        0x0 C:/ti/TivaWare_C_Series-2.1.2.111/driverlib/gcc\libdriver.a(cpu.o)
 .text          0x0000033c        0x0 c:/ti/ccsv6/tools/compiler/gcc-arm-none-eabi-4_9-2015q3/bin/../lib/gcc/arm-none-eabi/4.9.3/../../../../arm-none-eabi/lib/armv7e-m/softfp\libnosys.a(sbrk.o)
 .text          0x0000033c        0x0 c:/ti/ccsv6/tools/compiler/gcc-arm-none-eabi-4_9-2015q3/bin/../lib/gcc/arm-none-eabi/4.9.3/../../../../arm-none-eabi/lib/armv7e-m/softfp\libnosys.a(_exit.o)
 .text          0x0000033c        0x0 c:/ti/ccsv6/tools/compiler/gcc-arm-none-eabi-4_9-2015q3/bin/../lib/gcc/arm-none-eabi/4.9.3/armv7e-m/softfp/crtend.o
 .text          0x0000033c        0x0 c:/ti/ccsv6/tools/compiler/gcc-arm-none-eabi-4_9-2015q3/bin/../lib/gcc/arm-none-eabi/4.9.3/armv7e-m/softfp/crtn.o
 *(.text.*)
 .text.keys_driver
                0x0000033c       0x80 ./keys_driver.o
                0x0000033c                keys_driver
 .text.keys_driver_init
                0x000003bc       0x70 ./keys_driver.o
                0x000003bc                keys_driver_init
 .text.main     0x0000042c       0xc0 ./main.o
                0x0000042c                main
 .text.print_string
                0x000004ec       0x3c ./main.o
                0x000004ec                print_string
 .text.startup  0x00000528       0x24 ./main.o
                0x00000528                startup
 .text.pulse_train
                0x0000054c      0x154 ./pulse_train.o
                0x0000054c                pulse_train
 .text.pulse_train_init
                0x000006a0       0x6c ./pulse_train.o
                0x000006a0                pulse_train_init
 .text.enable_os
                0x0000070c       0x28 ./rtos.o
                0x0000070c                enable_os
 .text.disable_os
                0x00000734       0x28 ./rtos.o
                0x00000734                disable_os
 .text.rtos_Timer0_irq
                0x0000075c       0x34 ./rtos.o
                0x0000075c                rtos_Timer0_irq
 .text.rtos_init
                0x00000790       0xa4 ./rtos.o
                0x00000790                rtos_init
 .text.rtos_pipe_read
                0x00000834       0x68 ./rtos_pipe.o
                0x00000834                rtos_pipe_read
 .text.rtos_pipe_write
                0x0000089c       0x6c ./rtos_pipe.o
                0x0000089c                rtos_pipe_write
 .text.rtos_pipe_create
                0x00000908       0x48 ./rtos_pipe.o
                0x00000908                rtos_pipe_create
 .text.rtos_pipe_delete
                0x00000950       0x28 ./rtos_pipe.o
                0x00000950                rtos_pipe_delete
 .text.rtos_sched_run
                0x00000978       0x74 ./rtos_sched.o
                0x00000978                rtos_sched_run
 .text.rtos_sched_list_update
                0x000009ec       0x88 ./rtos_sched.o
                0x000009ec                rtos_sched_list_update
 .text.rtos_sched_remove
                0x00000a74       0x34 ./rtos_sched.o
                0x00000a74                rtos_sched_remove
 .text.rtos_sched
                0x00000aa8       0x38 ./rtos_sched.o
                0x00000aa8                rtos_sched
 .text.rtos_task_create
                0x00000ae0       0x50 ./rtos_task.o
                0x00000ae0                rtos_task_create
 .text.rtos_task_delete
                0x00000b30       0x1c ./rtos_task.o
                0x00000b30                rtos_task_delete
 .text.rtos_task_insert
                0x00000b4c       0x24 ./rtos_task.o
                0x00000b4c                rtos_task_insert
 .text.rtos_task_remove
                0x00000b70       0x5c ./rtos_task.o
                0x00000b70                rtos_task_remove
 .text.getOscClk
                0x00000bcc      0x198 ./system_TM4C123.o
 .text.SystemCoreClockUpdate
                0x00000d64      0x114 ./system_TM4C123.o
                0x00000d64                SystemCoreClockUpdate
 .text.SystemInit
                0x00000e78       0xcc ./system_TM4C123.o
                0x00000e78                SystemInit
 .text.axis_move
                0x00000f44       0x98 ./three_axes.o
                0x00000f44                axis_move
 .text.position_Modify
                0x00000fdc       0x9c ./three_axes.o
                0x00000fdc                position_Modify
 .text.axes_init
                0x00001078       0x44 ./three_axes.o
                0x00001078                axes_init
 .text.ResetISR
                0x000010bc       0x68 ./tm4c123gh6pm_startup_ccs_gcc.o
                0x000010bc                ResetISR
 .text.NmiSR    0x00001124        0x8 ./tm4c123gh6pm_startup_ccs_gcc.o
 .text.FaultISR
                0x0000112c        0x8 ./tm4c123gh6pm_startup_ccs_gcc.o
 .text.IntDefaultHandler
                0x00001134        0x8 ./tm4c123gh6pm_startup_ccs_gcc.o
 .text.uart_driver
                0x0000113c       0x74 ./uart_driver.o
                0x0000113c                uart_driver
 .text.uart_driver_init
                0x000011b0       0x7c ./uart_driver.o
                0x000011b0                uart_driver_init
 .text.x_axis_Move
                0x0000122c       0x98 ./x_axis.o
                0x0000122c                x_axis_Move
 .text.x_axis_Init
                0x000012c4       0xcc ./x_axis.o
                0x000012c4                x_axis_Init
 .text.x_pulse_Gen
                0x00001390       0x58 ./x_axis.o
                0x00001390                x_pulse_Gen
 .text.x_pwm_Start
                0x000013e8       0x8c ./x_axis.o
                0x000013e8                x_pwm_Start
 .text.x_timer_End
                0x00001474       0x48 ./x_axis.o
                0x00001474                x_timer_End
 .text.y_axis_Move
                0x000014bc       0x40 ./y_axis.o
                0x000014bc                y_axis_Move
 .text.y_axis_Init
                0x000014fc       0xb8 ./y_axis.o
                0x000014fc                y_axis_Init
 .text.y_pulse_Gen
                0x000015b4       0x28 ./y_axis.o
                0x000015b4                y_pulse_Gen
 .text.y_pwm_Start
                0x000015dc       0x98 ./y_axis.o
                0x000015dc                y_pwm_Start
 .text.y_timer_End
                0x00001674       0x4c ./y_axis.o
                0x00001674                y_timer_End
 .text.z_axis_Move
                0x000016c0       0x14 ./z_axis.o
                0x000016c0                z_axis_Move
 .text.z_axis_Init
                0x000016d4       0x3c ./z_axis.o
                0x000016d4                z_axis_Init
 .text.z_pulse_Gen
                0x00001710        0xc ./z_axis.o
                0x00001710                z_pulse_Gen
 .text.z_pwm_Start
                0x0000171c        0xc ./z_axis.o
                0x0000171c                z_pwm_Start
 .text.z_timer_End
                0x00001728        0xc ./z_axis.o
                0x00001728                z_timer_End
 .text.exit     0x00001734       0x20 c:/ti/ccsv6/tools/compiler/gcc-arm-none-eabi-4_9-2015q3/bin/../lib/gcc/arm-none-eabi/4.9.3/../../../../arm-none-eabi/lib/armv7e-m/softfp\libc.a(lib_a-exit.o)
                0x00001734                exit
 .text.__libc_init_array
                0x00001754       0x50 c:/ti/ccsv6/tools/compiler/gcc-arm-none-eabi-4_9-2015q3/bin/../lib/gcc/arm-none-eabi/4.9.3/../../../../arm-none-eabi/lib/armv7e-m/softfp\libc.a(lib_a-init.o)
                0x00001754                __libc_init_array
 .text.malloc   0x000017a4       0x10 c:/ti/ccsv6/tools/compiler/gcc-arm-none-eabi-4_9-2015q3/bin/../lib/gcc/arm-none-eabi/4.9.3/../../../../arm-none-eabi/lib/armv7e-m/softfp\libc.a(lib_a-malloc.o)
                0x000017a4                malloc
 .text.free     0x000017b4       0x10 c:/ti/ccsv6/tools/compiler/gcc-arm-none-eabi-4_9-2015q3/bin/../lib/gcc/arm-none-eabi/4.9.3/../../../../arm-none-eabi/lib/armv7e-m/softfp\libc.a(lib_a-malloc.o)
                0x000017b4                free
 .text._malloc_r
                0x000017c4      0x524 c:/ti/ccsv6/tools/compiler/gcc-arm-none-eabi-4_9-2015q3/bin/../lib/gcc/arm-none-eabi/4.9.3/../../../../arm-none-eabi/lib/armv7e-m/softfp\libc.a(lib_a-mallocr.o)
                0x000017c4                _malloc_r
 .text.memset   0x00001ce8       0x9c c:/ti/ccsv6/tools/compiler/gcc-arm-none-eabi-4_9-2015q3/bin/../lib/gcc/arm-none-eabi/4.9.3/../../../../arm-none-eabi/lib/armv7e-m/softfp\libc.a(lib_a-memset.o)
                0x00001ce8                memset
 .text.__malloc_lock
                0x00001d84        0x4 c:/ti/ccsv6/tools/compiler/gcc-arm-none-eabi-4_9-2015q3/bin/../lib/gcc/arm-none-eabi/4.9.3/../../../../arm-none-eabi/lib/armv7e-m/softfp\libc.a(lib_a-mlock.o)
                0x00001d84                __malloc_lock
 .text.__malloc_unlock
                0x00001d88        0x4 c:/ti/ccsv6/tools/compiler/gcc-arm-none-eabi-4_9-2015q3/bin/../lib/gcc/arm-none-eabi/4.9.3/../../../../arm-none-eabi/lib/armv7e-m/softfp\libc.a(lib_a-mlock.o)
                0x00001d88                __malloc_unlock
 .text._sbrk_r  0x00001d8c       0x24 c:/ti/ccsv6/tools/compiler/gcc-arm-none-eabi-4_9-2015q3/bin/../lib/gcc/arm-none-eabi/4.9.3/../../../../arm-none-eabi/lib/armv7e-m/softfp\libc.a(lib_a-sbrkr.o)
                0x00001d8c                _sbrk_r
 .text.startup.register_fini
                0x00001db0       0x14 c:/ti/ccsv6/tools/compiler/gcc-arm-none-eabi-4_9-2015q3/bin/../lib/gcc/arm-none-eabi/4.9.3/../../../../arm-none-eabi/lib/armv7e-m/softfp\libc.a(lib_a-__call_atexit.o)
 .text.__call_exitprocs
                0x00001dc4       0xd4 c:/ti/ccsv6/tools/compiler/gcc-arm-none-eabi-4_9-2015q3/bin/../lib/gcc/arm-none-eabi/4.9.3/../../../../arm-none-eabi/lib/armv7e-m/softfp\libc.a(lib_a-__call_atexit.o)
                0x00001dc4                __call_exitprocs
 .text.atexit   0x00001e98        0xc c:/ti/ccsv6/tools/compiler/gcc-arm-none-eabi-4_9-2015q3/bin/../lib/gcc/arm-none-eabi/4.9.3/../../../../arm-none-eabi/lib/armv7e-m/softfp\libc.a(lib_a-atexit.o)
                0x00001e98                atexit
 .text.__libc_fini_array
                0x00001ea4       0x2c c:/ti/ccsv6/tools/compiler/gcc-arm-none-eabi-4_9-2015q3/bin/../lib/gcc/arm-none-eabi/4.9.3/../../../../arm-none-eabi/lib/armv7e-m/softfp\libc.a(lib_a-fini.o)
                0x00001ea4                __libc_fini_array
 .text._malloc_trim_r
                0x00001ed0       0x9c c:/ti/ccsv6/tools/compiler/gcc-arm-none-eabi-4_9-2015q3/bin/../lib/gcc/arm-none-eabi/4.9.3/../../../../arm-none-eabi/lib/armv7e-m/softfp\libc.a(lib_a-freer.o)
                0x00001ed0                _malloc_trim_r
 .text._free_r  0x00001f6c      0x1b0 c:/ti/ccsv6/tools/compiler/gcc-arm-none-eabi-4_9-2015q3/bin/../lib/gcc/arm-none-eabi/4.9.3/../../../../arm-none-eabi/lib/armv7e-m/softfp\libc.a(lib_a-freer.o)
                0x00001f6c                _free_r
 .text.cleanup_glue
                0x0000211c       0x1c c:/ti/ccsv6/tools/compiler/gcc-arm-none-eabi-4_9-2015q3/bin/../lib/gcc/arm-none-eabi/4.9.3/../../../../arm-none-eabi/lib/armv7e-m/softfp\libc.a(lib_a-reent.o)
                0x0000211c                cleanup_glue
 .text._reclaim_reent
                0x00002138       0x88 c:/ti/ccsv6/tools/compiler/gcc-arm-none-eabi-4_9-2015q3/bin/../lib/gcc/arm-none-eabi/4.9.3/../../../../arm-none-eabi/lib/armv7e-m/softfp\libc.a(lib_a-reent.o)
                0x00002138                _reclaim_reent
 .text.__register_exitproc
                0x000021c0       0xa4 c:/ti/ccsv6/tools/compiler/gcc-arm-none-eabi-4_9-2015q3/bin/../lib/gcc/arm-none-eabi/4.9.3/../../../../arm-none-eabi/lib/armv7e-m/softfp\libc.a(lib_a-__atexit.o)
                0x000021c0                __register_exitproc
 .text._GPIOIntNumberGet
                0x00002264       0x48 C:/ti/TivaWare_C_Series-2.1.2.111/driverlib/gcc\libdriver.a(gpio.o)
 .text.GPIODirModeSet
                0x000022ac       0x2e C:/ti/TivaWare_C_Series-2.1.2.111/driverlib/gcc\libdriver.a(gpio.o)
                0x000022ac                GPIODirModeSet
 .text.GPIODirModeGet
                0x000022da       0x24 C:/ti/TivaWare_C_Series-2.1.2.111/driverlib/gcc\libdriver.a(gpio.o)
                0x000022da                GPIODirModeGet
 .text.GPIOIntTypeSet
                0x000022fe       0x62 C:/ti/TivaWare_C_Series-2.1.2.111/driverlib/gcc\libdriver.a(gpio.o)
                0x000022fe                GPIOIntTypeSet
 .text.GPIOIntTypeGet
                0x00002360       0x42 C:/ti/TivaWare_C_Series-2.1.2.111/driverlib/gcc\libdriver.a(gpio.o)
                0x00002360                GPIOIntTypeGet
 .text.GPIOPadConfigSet
                0x000023a2      0x14e C:/ti/TivaWare_C_Series-2.1.2.111/driverlib/gcc\libdriver.a(gpio.o)
                0x000023a2                GPIOPadConfigSet
 .text.GPIOPadConfigGet
                0x000024f0       0xbc C:/ti/TivaWare_C_Series-2.1.2.111/driverlib/gcc\libdriver.a(gpio.o)
                0x000024f0                GPIOPadConfigGet
 .text.GPIOIntEnable
                0x000025ac        0xc C:/ti/TivaWare_C_Series-2.1.2.111/driverlib/gcc\libdriver.a(gpio.o)
                0x000025ac                GPIOIntEnable
 .text.GPIOIntDisable
                0x000025b8        0xe C:/ti/TivaWare_C_Series-2.1.2.111/driverlib/gcc\libdriver.a(gpio.o)
                0x000025b8                GPIOIntDisable
 .text.GPIOIntStatus
                0x000025c6        0xe C:/ti/TivaWare_C_Series-2.1.2.111/driverlib/gcc\libdriver.a(gpio.o)
                0x000025c6                GPIOIntStatus
 .text.GPIOIntClear
                0x000025d4        0x6 C:/ti/TivaWare_C_Series-2.1.2.111/driverlib/gcc\libdriver.a(gpio.o)
                0x000025d4                GPIOIntClear
 .text.GPIOIntRegister
                0x000025da       0x1a C:/ti/TivaWare_C_Series-2.1.2.111/driverlib/gcc\libdriver.a(gpio.o)
                0x000025da                GPIOIntRegister
 .text.GPIOIntUnregister
                0x000025f4       0x16 C:/ti/TivaWare_C_Series-2.1.2.111/driverlib/gcc\libdriver.a(gpio.o)
                0x000025f4                GPIOIntUnregister
 .text.GPIOPinRead
                0x0000260a        0x6 C:/ti/TivaWare_C_Series-2.1.2.111/driverlib/gcc\libdriver.a(gpio.o)
                0x0000260a                GPIOPinRead
 .text.GPIOPinWrite
                0x00002610        0x6 C:/ti/TivaWare_C_Series-2.1.2.111/driverlib/gcc\libdriver.a(gpio.o)
                0x00002610                GPIOPinWrite
 .text.GPIOPinTypeADC
                0x00002616       0x1c C:/ti/TivaWare_C_Series-2.1.2.111/driverlib/gcc\libdriver.a(gpio.o)
                0x00002616                GPIOPinTypeADC
 .text.GPIOPinTypeCAN
                0x00002632       0x1c C:/ti/TivaWare_C_Series-2.1.2.111/driverlib/gcc\libdriver.a(gpio.o)
                0x00002632                GPIOPinTypeCAN
 .text.GPIOPinTypeComparator
                0x0000264e       0x1c C:/ti/TivaWare_C_Series-2.1.2.111/driverlib/gcc\libdriver.a(gpio.o)
                0x0000264e                GPIOPinTypeComparator
 .text.GPIOPinTypeComparatorOutput
                0x0000266a       0x1c C:/ti/TivaWare_C_Series-2.1.2.111/driverlib/gcc\libdriver.a(gpio.o)
                0x0000266a                GPIOPinTypeComparatorOutput
 .text.GPIOPinTypeDIVSCLK
                0x00002686       0x1c C:/ti/TivaWare_C_Series-2.1.2.111/driverlib/gcc\libdriver.a(gpio.o)
                0x00002686                GPIOPinTypeDIVSCLK
 .text.GPIOPinTypeEPI
                0x000026a2       0x1c C:/ti/TivaWare_C_Series-2.1.2.111/driverlib/gcc\libdriver.a(gpio.o)
                0x000026a2                GPIOPinTypeEPI
 .text.GPIOPinTypeEthernetLED
                0x000026be       0x1c C:/ti/TivaWare_C_Series-2.1.2.111/driverlib/gcc\libdriver.a(gpio.o)
                0x000026be                GPIOPinTypeEthernetLED
 .text.GPIOPinTypeEthernetMII
                0x000026da       0x1c C:/ti/TivaWare_C_Series-2.1.2.111/driverlib/gcc\libdriver.a(gpio.o)
                0x000026da                GPIOPinTypeEthernetMII
 .text.GPIOPinTypeGPIOInput
                0x000026f6       0x1c C:/ti/TivaWare_C_Series-2.1.2.111/driverlib/gcc\libdriver.a(gpio.o)
                0x000026f6                GPIOPinTypeGPIOInput
 .text.GPIOPinTypeGPIOOutput
                0x00002712       0x1c C:/ti/TivaWare_C_Series-2.1.2.111/driverlib/gcc\libdriver.a(gpio.o)
                0x00002712                GPIOPinTypeGPIOOutput
 .text.GPIOPinTypeGPIOOutputOD
                0x0000272e       0x1c C:/ti/TivaWare_C_Series-2.1.2.111/driverlib/gcc\libdriver.a(gpio.o)
                0x0000272e                GPIOPinTypeGPIOOutputOD
 .text.GPIOPinTypeHibernateRTCCLK
                0x0000274a       0x1c C:/ti/TivaWare_C_Series-2.1.2.111/driverlib/gcc\libdriver.a(gpio.o)
                0x0000274a                GPIOPinTypeHibernateRTCCLK
 .text.GPIOPinTypeI2C
                0x00002766       0x1c C:/ti/TivaWare_C_Series-2.1.2.111/driverlib/gcc\libdriver.a(gpio.o)
                0x00002766                GPIOPinTypeI2C
 .text.GPIOPinTypeI2CSCL
                0x00002782       0x1c C:/ti/TivaWare_C_Series-2.1.2.111/driverlib/gcc\libdriver.a(gpio.o)
                0x00002782                GPIOPinTypeI2CSCL
 .text.GPIOPinTypeLCD
                0x0000279e       0x1c C:/ti/TivaWare_C_Series-2.1.2.111/driverlib/gcc\libdriver.a(gpio.o)
                0x0000279e                GPIOPinTypeLCD
 .text.GPIOPinTypeOneWire
                0x000027ba       0x1c C:/ti/TivaWare_C_Series-2.1.2.111/driverlib/gcc\libdriver.a(gpio.o)
                0x000027ba                GPIOPinTypeOneWire
 .text.GPIOPinTypePWM
                0x000027d6       0x1c C:/ti/TivaWare_C_Series-2.1.2.111/driverlib/gcc\libdriver.a(gpio.o)
                0x000027d6                GPIOPinTypePWM
 .text.GPIOPinTypeQEI
                0x000027f2       0x1c C:/ti/TivaWare_C_Series-2.1.2.111/driverlib/gcc\libdriver.a(gpio.o)
                0x000027f2                GPIOPinTypeQEI
 .text.GPIOPinTypeSSI
                0x0000280e       0x1c C:/ti/TivaWare_C_Series-2.1.2.111/driverlib/gcc\libdriver.a(gpio.o)
                0x0000280e                GPIOPinTypeSSI
 .text.GPIOPinTypeTimer
                0x0000282a       0x1c C:/ti/TivaWare_C_Series-2.1.2.111/driverlib/gcc\libdriver.a(gpio.o)
                0x0000282a                GPIOPinTypeTimer
 .text.GPIOPinTypeTrace
                0x00002846       0x1c C:/ti/TivaWare_C_Series-2.1.2.111/driverlib/gcc\libdriver.a(gpio.o)
                0x00002846                GPIOPinTypeTrace
 .text.GPIOPinTypeUART
                0x00002862       0x1c C:/ti/TivaWare_C_Series-2.1.2.111/driverlib/gcc\libdriver.a(gpio.o)
                0x00002862                GPIOPinTypeUART
 .text.GPIOPinTypeUSBAnalog
                0x0000287e       0x1c C:/ti/TivaWare_C_Series-2.1.2.111/driverlib/gcc\libdriver.a(gpio.o)
                0x0000287e                GPIOPinTypeUSBAnalog
 .text.GPIOPinTypeUSBDigital
                0x0000289a       0x1c C:/ti/TivaWare_C_Series-2.1.2.111/driverlib/gcc\libdriver.a(gpio.o)
                0x0000289a                GPIOPinTypeUSBDigital
 .text.GPIOPinTypeWakeHigh
                0x000028b6       0x1e C:/ti/TivaWare_C_Series-2.1.2.111/driverlib/gcc\libdriver.a(gpio.o)
                0x000028b6                GPIOPinTypeWakeHigh
 .text.GPIOPinTypeWakeLow
                0x000028d4       0x1e C:/ti/TivaWare_C_Series-2.1.2.111/driverlib/gcc\libdriver.a(gpio.o)
                0x000028d4                GPIOPinTypeWakeLow
 .text.GPIOPinWakeStatus
                0x000028f2        0x6 C:/ti/TivaWare_C_Series-2.1.2.111/driverlib/gcc\libdriver.a(gpio.o)
                0x000028f2                GPIOPinWakeStatus
 .text.GPIOPinConfigure
                0x000028f8       0x4c C:/ti/TivaWare_C_Series-2.1.2.111/driverlib/gcc\libdriver.a(gpio.o)
                0x000028f8                GPIOPinConfigure
 .text.GPIODMATriggerEnable
                0x00002944        0xc C:/ti/TivaWare_C_Series-2.1.2.111/driverlib/gcc\libdriver.a(gpio.o)
                0x00002944                GPIODMATriggerEnable
 .text.GPIODMATriggerDisable
                0x00002950        0xe C:/ti/TivaWare_C_Series-2.1.2.111/driverlib/gcc\libdriver.a(gpio.o)
                0x00002950                GPIODMATriggerDisable
 .text.GPIOADCTriggerEnable
                0x0000295e        0xc C:/ti/TivaWare_C_Series-2.1.2.111/driverlib/gcc\libdriver.a(gpio.o)
                0x0000295e                GPIOADCTriggerEnable
 .text.GPIOADCTriggerDisable
                0x0000296a        0xe C:/ti/TivaWare_C_Series-2.1.2.111/driverlib/gcc\libdriver.a(gpio.o)
                0x0000296a                GPIOADCTriggerDisable
 .text._IntDefaultHandler
                0x00002978        0x2 C:/ti/TivaWare_C_Series-2.1.2.111/driverlib/gcc\libdriver.a(interrupt.o)
 .text.IntMasterEnable
                0x0000297a        0xe C:/ti/TivaWare_C_Series-2.1.2.111/driverlib/gcc\libdriver.a(interrupt.o)
                0x0000297a                IntMasterEnable
 .text.IntMasterDisable
                0x00002988        0xe C:/ti/TivaWare_C_Series-2.1.2.111/driverlib/gcc\libdriver.a(interrupt.o)
                0x00002988                IntMasterDisable
 *fill*         0x00002996        0x2 
 .text.IntRegister
                0x00002998       0x30 C:/ti/TivaWare_C_Series-2.1.2.111/driverlib/gcc\libdriver.a(interrupt.o)
                0x00002998                IntRegister
 .text.IntUnregister
                0x000029c8       0x14 C:/ti/TivaWare_C_Series-2.1.2.111/driverlib/gcc\libdriver.a(interrupt.o)
                0x000029c8                IntUnregister
 .text.IntPriorityGroupingSet
                0x000029dc       0x1c C:/ti/TivaWare_C_Series-2.1.2.111/driverlib/gcc\libdriver.a(interrupt.o)
                0x000029dc                IntPriorityGroupingSet
 .text.IntPriorityGroupingGet
                0x000029f8       0x24 C:/ti/TivaWare_C_Series-2.1.2.111/driverlib/gcc\libdriver.a(interrupt.o)
                0x000029f8                IntPriorityGroupingGet
 .text.IntPrioritySet
                0x00002a1c       0x28 C:/ti/TivaWare_C_Series-2.1.2.111/driverlib/gcc\libdriver.a(interrupt.o)
                0x00002a1c                IntPrioritySet
 .text.IntPriorityGet
                0x00002a44       0x1c C:/ti/TivaWare_C_Series-2.1.2.111/driverlib/gcc\libdriver.a(interrupt.o)
                0x00002a44                IntPriorityGet
 .text.IntEnable
                0x00002a60       0x60 C:/ti/TivaWare_C_Series-2.1.2.111/driverlib/gcc\libdriver.a(interrupt.o)
                0x00002a60                IntEnable
 .text.IntDisable
                0x00002ac0       0x60 C:/ti/TivaWare_C_Series-2.1.2.111/driverlib/gcc\libdriver.a(interrupt.o)
                0x00002ac0                IntDisable
 .text.IntIsEnabled
                0x00002b20       0x64 C:/ti/TivaWare_C_Series-2.1.2.111/driverlib/gcc\libdriver.a(interrupt.o)
                0x00002b20                IntIsEnabled
 .text.IntPendSet
                0x00002b84       0x50 C:/ti/TivaWare_C_Series-2.1.2.111/driverlib/gcc\libdriver.a(interrupt.o)
                0x00002b84                IntPendSet
 .text.IntPendClear
                0x00002bd4       0x40 C:/ti/TivaWare_C_Series-2.1.2.111/driverlib/gcc\libdriver.a(interrupt.o)
                0x00002bd4                IntPendClear
 .text.IntPriorityMaskSet
                0x00002c14        0x4 C:/ti/TivaWare_C_Series-2.1.2.111/driverlib/gcc\libdriver.a(interrupt.o)
                0x00002c14                IntPriorityMaskSet
 .text.IntPriorityMaskGet
                0x00002c18        0x4 C:/ti/TivaWare_C_Series-2.1.2.111/driverlib/gcc\libdriver.a(interrupt.o)
                0x00002c18                IntPriorityMaskGet
 .text.IntTrigger
                0x00002c1c        0xc C:/ti/TivaWare_C_Series-2.1.2.111/driverlib/gcc\libdriver.a(interrupt.o)
                0x00002c1c                IntTrigger
 .text._PWMGenIntNumberGet
                0x00002c28      0x120 C:/ti/TivaWare_C_Series-2.1.2.111/driverlib/gcc\libdriver.a(pwm.o)
 .text._PWMFaultIntNumberGet
                0x00002d48       0x50 C:/ti/TivaWare_C_Series-2.1.2.111/driverlib/gcc\libdriver.a(pwm.o)
 .text.PWMGenConfigure
                0x00002d98       0x34 C:/ti/TivaWare_C_Series-2.1.2.111/driverlib/gcc\libdriver.a(pwm.o)
                0x00002d98                PWMGenConfigure
 .text.PWMGenPeriodSet
                0x00002dcc       0x14 C:/ti/TivaWare_C_Series-2.1.2.111/driverlib/gcc\libdriver.a(pwm.o)
                0x00002dcc                PWMGenPeriodSet
 .text.PWMGenPeriodGet
                0x00002de0       0x18 C:/ti/TivaWare_C_Series-2.1.2.111/driverlib/gcc\libdriver.a(pwm.o)
                0x00002de0                PWMGenPeriodGet
 .text.PWMGenEnable
                0x00002df8        0xa C:/ti/TivaWare_C_Series-2.1.2.111/driverlib/gcc\libdriver.a(pwm.o)
                0x00002df8                PWMGenEnable
 .text.PWMGenDisable
                0x00002e02        0xa C:/ti/TivaWare_C_Series-2.1.2.111/driverlib/gcc\libdriver.a(pwm.o)
                0x00002e02                PWMGenDisable
 .text.PWMPulseWidthSet
                0x00002e0c       0x22 C:/ti/TivaWare_C_Series-2.1.2.111/driverlib/gcc\libdriver.a(pwm.o)
                0x00002e0c                PWMPulseWidthSet
 .text.PWMPulseWidthGet
                0x00002e2e       0x24 C:/ti/TivaWare_C_Series-2.1.2.111/driverlib/gcc\libdriver.a(pwm.o)
                0x00002e2e                PWMPulseWidthGet
 .text.PWMDeadBandEnable
                0x00002e52       0x10 C:/ti/TivaWare_C_Series-2.1.2.111/driverlib/gcc\libdriver.a(pwm.o)
                0x00002e52                PWMDeadBandEnable
 .text.PWMDeadBandDisable
                0x00002e62        0xc C:/ti/TivaWare_C_Series-2.1.2.111/driverlib/gcc\libdriver.a(pwm.o)
                0x00002e62                PWMDeadBandDisable
 .text.PWMSyncUpdate
                0x00002e6e        0x4 C:/ti/TivaWare_C_Series-2.1.2.111/driverlib/gcc\libdriver.a(pwm.o)
                0x00002e6e                PWMSyncUpdate
 .text.PWMSyncTimeBase
                0x00002e72        0x4 C:/ti/TivaWare_C_Series-2.1.2.111/driverlib/gcc\libdriver.a(pwm.o)
                0x00002e72                PWMSyncTimeBase
 .text.PWMOutputState
                0x00002e76       0x14 C:/ti/TivaWare_C_Series-2.1.2.111/driverlib/gcc\libdriver.a(pwm.o)
                0x00002e76                PWMOutputState
 .text.PWMOutputInvert
                0x00002e8a       0x14 C:/ti/TivaWare_C_Series-2.1.2.111/driverlib/gcc\libdriver.a(pwm.o)
                0x00002e8a                PWMOutputInvert
 .text.PWMOutputFaultLevel
                0x00002e9e       0x14 C:/ti/TivaWare_C_Series-2.1.2.111/driverlib/gcc\libdriver.a(pwm.o)
                0x00002e9e                PWMOutputFaultLevel
 .text.PWMOutputFault
                0x00002eb2       0x14 C:/ti/TivaWare_C_Series-2.1.2.111/driverlib/gcc\libdriver.a(pwm.o)
                0x00002eb2                PWMOutputFault
 .text.PWMGenIntRegister
                0x00002ec6       0x1a C:/ti/TivaWare_C_Series-2.1.2.111/driverlib/gcc\libdriver.a(pwm.o)
                0x00002ec6                PWMGenIntRegister
 .text.PWMGenIntUnregister
                0x00002ee0       0x16 C:/ti/TivaWare_C_Series-2.1.2.111/driverlib/gcc\libdriver.a(pwm.o)
                0x00002ee0                PWMGenIntUnregister
 .text.PWMFaultIntRegister
                0x00002ef6       0x1a C:/ti/TivaWare_C_Series-2.1.2.111/driverlib/gcc\libdriver.a(pwm.o)
                0x00002ef6                PWMFaultIntRegister
 .text.PWMFaultIntUnregister
                0x00002f10       0x16 C:/ti/TivaWare_C_Series-2.1.2.111/driverlib/gcc\libdriver.a(pwm.o)
                0x00002f10                PWMFaultIntUnregister
 .text.PWMGenIntTrigEnable
                0x00002f26        0xa C:/ti/TivaWare_C_Series-2.1.2.111/driverlib/gcc\libdriver.a(pwm.o)
                0x00002f26                PWMGenIntTrigEnable
 .text.PWMGenIntTrigDisable
                0x00002f30        0xc C:/ti/TivaWare_C_Series-2.1.2.111/driverlib/gcc\libdriver.a(pwm.o)
                0x00002f30                PWMGenIntTrigDisable
 .text.PWMGenIntStatus
                0x00002f3c        0xc C:/ti/TivaWare_C_Series-2.1.2.111/driverlib/gcc\libdriver.a(pwm.o)
                0x00002f3c                PWMGenIntStatus
 .text.PWMGenIntClear
                0x00002f48        0x6 C:/ti/TivaWare_C_Series-2.1.2.111/driverlib/gcc\libdriver.a(pwm.o)
                0x00002f48                PWMGenIntClear
 .text.PWMIntEnable
                0x00002f4e        0x8 C:/ti/TivaWare_C_Series-2.1.2.111/driverlib/gcc\libdriver.a(pwm.o)
                0x00002f4e                PWMIntEnable
 .text.PWMIntDisable
                0x00002f56        0xa C:/ti/TivaWare_C_Series-2.1.2.111/driverlib/gcc\libdriver.a(pwm.o)
                0x00002f56                PWMIntDisable
 .text.PWMFaultIntClear
                0x00002f60        0x8 C:/ti/TivaWare_C_Series-2.1.2.111/driverlib/gcc\libdriver.a(pwm.o)
                0x00002f60                PWMFaultIntClear
 .text.PWMIntStatus
                0x00002f68        0xa C:/ti/TivaWare_C_Series-2.1.2.111/driverlib/gcc\libdriver.a(pwm.o)
                0x00002f68                PWMIntStatus
 .text.PWMFaultIntClearExt
                0x00002f72        0x4 C:/ti/TivaWare_C_Series-2.1.2.111/driverlib/gcc\libdriver.a(pwm.o)
                0x00002f72                PWMFaultIntClearExt
 .text.PWMGenFaultConfigure
                0x00002f76       0x18 C:/ti/TivaWare_C_Series-2.1.2.111/driverlib/gcc\libdriver.a(pwm.o)
                0x00002f76                PWMGenFaultConfigure
 .text.PWMGenFaultTriggerSet
                0x00002f8e        0xc C:/ti/TivaWare_C_Series-2.1.2.111/driverlib/gcc\libdriver.a(pwm.o)
                0x00002f8e                PWMGenFaultTriggerSet
 .text.PWMGenFaultTriggerGet
                0x00002f9a        0xe C:/ti/TivaWare_C_Series-2.1.2.111/driverlib/gcc\libdriver.a(pwm.o)
                0x00002f9a                PWMGenFaultTriggerGet
 .text.PWMGenFaultStatus
                0x00002fa8       0x1c C:/ti/TivaWare_C_Series-2.1.2.111/driverlib/gcc\libdriver.a(pwm.o)
                0x00002fa8                PWMGenFaultStatus
 .text.PWMGenFaultClear
                0x00002fc4       0x18 C:/ti/TivaWare_C_Series-2.1.2.111/driverlib/gcc\libdriver.a(pwm.o)
                0x00002fc4                PWMGenFaultClear
 .text.PWMClockSet
                0x00002fdc       0x14 C:/ti/TivaWare_C_Series-2.1.2.111/driverlib/gcc\libdriver.a(pwm.o)
                0x00002fdc                PWMClockSet
 .text.PWMClockGet
                0x00002ff0       0x1c C:/ti/TivaWare_C_Series-2.1.2.111/driverlib/gcc\libdriver.a(pwm.o)
                0x00002ff0                PWMClockGet
 .text.PWMOutputUpdateMode
                0x0000300c       0x32 C:/ti/TivaWare_C_Series-2.1.2.111/driverlib/gcc\libdriver.a(pwm.o)
                0x0000300c                PWMOutputUpdateMode
 *fill*         0x0000303e        0x2 
 .text._SysCtlMemTimingGet
                0x00003040       0x24 C:/ti/TivaWare_C_Series-2.1.2.111/driverlib/gcc\libdriver.a(sysctl.o)
 .text.SysCtlSRAMSizeGet
                0x00003064       0x10 C:/ti/TivaWare_C_Series-2.1.2.111/driverlib/gcc\libdriver.a(sysctl.o)
                0x00003064                SysCtlSRAMSizeGet
 .text.SysCtlFlashSizeGet
                0x00003074       0x40 C:/ti/TivaWare_C_Series-2.1.2.111/driverlib/gcc\libdriver.a(sysctl.o)
                0x00003074                SysCtlFlashSizeGet
 .text.SysCtlFlashSectorSizeGet
                0x000030b4       0x3c C:/ti/TivaWare_C_Series-2.1.2.111/driverlib/gcc\libdriver.a(sysctl.o)
                0x000030b4                SysCtlFlashSectorSizeGet
 .text.SysCtlPeripheralPresent
                0x000030f0       0x34 C:/ti/TivaWare_C_Series-2.1.2.111/driverlib/gcc\libdriver.a(sysctl.o)
                0x000030f0                SysCtlPeripheralPresent
 .text.SysCtlPeripheralReady
                0x00003124       0x34 C:/ti/TivaWare_C_Series-2.1.2.111/driverlib/gcc\libdriver.a(sysctl.o)
                0x00003124                SysCtlPeripheralReady
 .text.SysCtlPeripheralPowerOn
                0x00003158       0x30 C:/ti/TivaWare_C_Series-2.1.2.111/driverlib/gcc\libdriver.a(sysctl.o)
                0x00003158                SysCtlPeripheralPowerOn
 .text.SysCtlPeripheralPowerOff
                0x00003188       0x30 C:/ti/TivaWare_C_Series-2.1.2.111/driverlib/gcc\libdriver.a(sysctl.o)
                0x00003188                SysCtlPeripheralPowerOff
 .text.SysCtlPeripheralReset
                0x000031b8       0x48 C:/ti/TivaWare_C_Series-2.1.2.111/driverlib/gcc\libdriver.a(sysctl.o)
                0x000031b8                SysCtlPeripheralReset
 .text.SysCtlPeripheralEnable
                0x00003200       0x30 C:/ti/TivaWare_C_Series-2.1.2.111/driverlib/gcc\libdriver.a(sysctl.o)
                0x00003200                SysCtlPeripheralEnable
 .text.SysCtlPeripheralDisable
                0x00003230       0x30 C:/ti/TivaWare_C_Series-2.1.2.111/driverlib/gcc\libdriver.a(sysctl.o)
                0x00003230                SysCtlPeripheralDisable
 .text.SysCtlPeripheralSleepEnable
                0x00003260       0x30 C:/ti/TivaWare_C_Series-2.1.2.111/driverlib/gcc\libdriver.a(sysctl.o)
                0x00003260                SysCtlPeripheralSleepEnable
 .text.SysCtlPeripheralSleepDisable
                0x00003290       0x30 C:/ti/TivaWare_C_Series-2.1.2.111/driverlib/gcc\libdriver.a(sysctl.o)
                0x00003290                SysCtlPeripheralSleepDisable
 .text.SysCtlPeripheralDeepSleepEnable
                0x000032c0       0x30 C:/ti/TivaWare_C_Series-2.1.2.111/driverlib/gcc\libdriver.a(sysctl.o)
                0x000032c0                SysCtlPeripheralDeepSleepEnable
 .text.SysCtlPeripheralDeepSleepDisable
                0x000032f0       0x30 C:/ti/TivaWare_C_Series-2.1.2.111/driverlib/gcc\libdriver.a(sysctl.o)
                0x000032f0                SysCtlPeripheralDeepSleepDisable
 .text.SysCtlPeripheralClockGating
                0x00003320       0x50 C:/ti/TivaWare_C_Series-2.1.2.111/driverlib/gcc\libdriver.a(sysctl.o)
                0x00003320                SysCtlPeripheralClockGating
 .text.SysCtlIntRegister
                0x00003370       0x14 C:/ti/TivaWare_C_Series-2.1.2.111/driverlib/gcc\libdriver.a(sysctl.o)
                0x00003370                SysCtlIntRegister
 .text.SysCtlIntUnregister
                0x00003384       0x12 C:/ti/TivaWare_C_Series-2.1.2.111/driverlib/gcc\libdriver.a(sysctl.o)
                0x00003384                SysCtlIntUnregister
 *fill*         0x00003396        0x2 
 .text.SysCtlIntEnable
                0x00003398       0x10 C:/ti/TivaWare_C_Series-2.1.2.111/driverlib/gcc\libdriver.a(sysctl.o)
                0x00003398                SysCtlIntEnable
 .text.SysCtlIntDisable
                0x000033a8       0x10 C:/ti/TivaWare_C_Series-2.1.2.111/driverlib/gcc\libdriver.a(sysctl.o)
                0x000033a8                SysCtlIntDisable
 .text.SysCtlIntClear
                0x000033b8        0xc C:/ti/TivaWare_C_Series-2.1.2.111/driverlib/gcc\libdriver.a(sysctl.o)
                0x000033b8                SysCtlIntClear
 .text.SysCtlIntStatus
                0x000033c4       0x18 C:/ti/TivaWare_C_Series-2.1.2.111/driverlib/gcc\libdriver.a(sysctl.o)
                0x000033c4                SysCtlIntStatus
 .text.SysCtlLDOSleepSet
                0x000033dc        0xc C:/ti/TivaWare_C_Series-2.1.2.111/driverlib/gcc\libdriver.a(sysctl.o)
                0x000033dc                SysCtlLDOSleepSet
 .text.SysCtlLDOSleepGet
                0x000033e8        0xc C:/ti/TivaWare_C_Series-2.1.2.111/driverlib/gcc\libdriver.a(sysctl.o)
                0x000033e8                SysCtlLDOSleepGet
 .text.SysCtlLDODeepSleepSet
                0x000033f4        0xc C:/ti/TivaWare_C_Series-2.1.2.111/driverlib/gcc\libdriver.a(sysctl.o)
                0x000033f4                SysCtlLDODeepSleepSet
 .text.SysCtlLDODeepSleepGet
                0x00003400        0xc C:/ti/TivaWare_C_Series-2.1.2.111/driverlib/gcc\libdriver.a(sysctl.o)
                0x00003400                SysCtlLDODeepSleepGet
 .text.SysCtlSleepPowerSet
                0x0000340c        0xc C:/ti/TivaWare_C_Series-2.1.2.111/driverlib/gcc\libdriver.a(sysctl.o)
                0x0000340c                SysCtlSleepPowerSet
 .text.SysCtlDeepSleepPowerSet
                0x00003418        0xc C:/ti/TivaWare_C_Series-2.1.2.111/driverlib/gcc\libdriver.a(sysctl.o)
                0x00003418                SysCtlDeepSleepPowerSet
 .text.SysCtlReset
                0x00003424       0x10 C:/ti/TivaWare_C_Series-2.1.2.111/driverlib/gcc\libdriver.a(sysctl.o)
                0x00003424                SysCtlReset
 .text.SysCtlSleep
                0x00003434        0x4 C:/ti/TivaWare_C_Series-2.1.2.111/driverlib/gcc\libdriver.a(sysctl.o)
                0x00003434                SysCtlSleep
 .text.SysCtlDeepSleep
                0x00003438       0x20 C:/ti/TivaWare_C_Series-2.1.2.111/driverlib/gcc\libdriver.a(sysctl.o)
                0x00003438                SysCtlDeepSleep
 .text.SysCtlResetCauseGet
                0x00003458        0xc C:/ti/TivaWare_C_Series-2.1.2.111/driverlib/gcc\libdriver.a(sysctl.o)
                0x00003458                SysCtlResetCauseGet
 .text.SysCtlResetCauseClear
                0x00003464       0x10 C:/ti/TivaWare_C_Series-2.1.2.111/driverlib/gcc\libdriver.a(sysctl.o)
                0x00003464                SysCtlResetCauseClear
 .text.SysCtlDelay
                0x00003474        0x6 C:/ti/TivaWare_C_Series-2.1.2.111/driverlib/gcc\libdriver.a(sysctl.o)
                0x00003474                SysCtlDelay
 *fill*         0x0000347a        0x2 
 .text.SysCtlMOSCConfigSet
                0x0000347c        0xc C:/ti/TivaWare_C_Series-2.1.2.111/driverlib/gcc\libdriver.a(sysctl.o)
                0x0000347c                SysCtlMOSCConfigSet
 .text.SysCtlPIOSCCalibrate
                0x00003488       0x54 C:/ti/TivaWare_C_Series-2.1.2.111/driverlib/gcc\libdriver.a(sysctl.o)
                0x00003488                SysCtlPIOSCCalibrate
 .text.SysCtlResetBehaviorSet
                0x000034dc        0xc C:/ti/TivaWare_C_Series-2.1.2.111/driverlib/gcc\libdriver.a(sysctl.o)
                0x000034dc                SysCtlResetBehaviorSet
 .text.SysCtlResetBehaviorGet
                0x000034e8        0xc C:/ti/TivaWare_C_Series-2.1.2.111/driverlib/gcc\libdriver.a(sysctl.o)
                0x000034e8                SysCtlResetBehaviorGet
 .text.SysCtlClockFreqSet
                0x000034f4      0x264 C:/ti/TivaWare_C_Series-2.1.2.111/driverlib/gcc\libdriver.a(sysctl.o)
                0x000034f4                SysCtlClockFreqSet
 .text.SysCtlClockSet
                0x00003758      0x128 C:/ti/TivaWare_C_Series-2.1.2.111/driverlib/gcc\libdriver.a(sysctl.o)
                0x00003758                SysCtlClockSet
 .text.SysCtlClockGet
                0x00003880      0x14c C:/ti/TivaWare_C_Series-2.1.2.111/driverlib/gcc\libdriver.a(sysctl.o)
                0x00003880                SysCtlClockGet
 .text.SysCtlDeepSleepClockSet
                0x000039cc        0xc C:/ti/TivaWare_C_Series-2.1.2.111/driverlib/gcc\libdriver.a(sysctl.o)
                0x000039cc                SysCtlDeepSleepClockSet
 .text.SysCtlDeepSleepClockConfigSet
                0x000039d8       0x68 C:/ti/TivaWare_C_Series-2.1.2.111/driverlib/gcc\libdriver.a(sysctl.o)
                0x000039d8                SysCtlDeepSleepClockConfigSet
 .text.SysCtlPWMClockSet
                0x00003a40       0x14 C:/ti/TivaWare_C_Series-2.1.2.111/driverlib/gcc\libdriver.a(sysctl.o)
                0x00003a40                SysCtlPWMClockSet
 .text.SysCtlPWMClockGet
                0x00003a54       0x18 C:/ti/TivaWare_C_Series-2.1.2.111/driverlib/gcc\libdriver.a(sysctl.o)
                0x00003a54                SysCtlPWMClockGet
 .text.SysCtlGPIOAHBEnable
                0x00003a6c       0x1c C:/ti/TivaWare_C_Series-2.1.2.111/driverlib/gcc\libdriver.a(sysctl.o)
                0x00003a6c                SysCtlGPIOAHBEnable
 .text.SysCtlGPIOAHBDisable
                0x00003a88       0x1c C:/ti/TivaWare_C_Series-2.1.2.111/driverlib/gcc\libdriver.a(sysctl.o)
                0x00003a88                SysCtlGPIOAHBDisable
 .text.SysCtlUSBPLLEnable
                0x00003aa4       0x10 C:/ti/TivaWare_C_Series-2.1.2.111/driverlib/gcc\libdriver.a(sysctl.o)
                0x00003aa4                SysCtlUSBPLLEnable
 .text.SysCtlUSBPLLDisable
                0x00003ab4       0x10 C:/ti/TivaWare_C_Series-2.1.2.111/driverlib/gcc\libdriver.a(sysctl.o)
                0x00003ab4                SysCtlUSBPLLDisable
 .text.SysCtlVoltageEventConfig
                0x00003ac4        0xc C:/ti/TivaWare_C_Series-2.1.2.111/driverlib/gcc\libdriver.a(sysctl.o)
                0x00003ac4                SysCtlVoltageEventConfig
 .text.SysCtlVoltageEventStatus
                0x00003ad0        0xc C:/ti/TivaWare_C_Series-2.1.2.111/driverlib/gcc\libdriver.a(sysctl.o)
                0x00003ad0                SysCtlVoltageEventStatus
 .text.SysCtlVoltageEventClear
                0x00003adc       0x10 C:/ti/TivaWare_C_Series-2.1.2.111/driverlib/gcc\libdriver.a(sysctl.o)
                0x00003adc                SysCtlVoltageEventClear
 .text.SysCtlNMIStatus
                0x00003aec        0xc C:/ti/TivaWare_C_Series-2.1.2.111/driverlib/gcc\libdriver.a(sysctl.o)
                0x00003aec                SysCtlNMIStatus
 .text.SysCtlNMIClear
                0x00003af8       0x10 C:/ti/TivaWare_C_Series-2.1.2.111/driverlib/gcc\libdriver.a(sysctl.o)
                0x00003af8                SysCtlNMIClear
 .text.SysCtlClockOutConfig
                0x00003b08       0x14 C:/ti/TivaWare_C_Series-2.1.2.111/driverlib/gcc\libdriver.a(sysctl.o)
                0x00003b08                SysCtlClockOutConfig
 .text.SysCtlAltClkConfig
                0x00003b1c        0xc C:/ti/TivaWare_C_Series-2.1.2.111/driverlib/gcc\libdriver.a(sysctl.o)
                0x00003b1c                SysCtlAltClkConfig
 .text._TimerIntNumberGet
                0x00003b28       0x54 C:/ti/TivaWare_C_Series-2.1.2.111/driverlib/gcc\libdriver.a(timer.o)
 .text.TimerEnable
                0x00003b7c       0x12 C:/ti/TivaWare_C_Series-2.1.2.111/driverlib/gcc\libdriver.a(timer.o)
                0x00003b7c                TimerEnable
 .text.TimerDisable
                0x00003b8e       0x12 C:/ti/TivaWare_C_Series-2.1.2.111/driverlib/gcc\libdriver.a(timer.o)
                0x00003b8e                TimerDisable
 .text.TimerConfigure
                0x00003ba0       0x64 C:/ti/TivaWare_C_Series-2.1.2.111/driverlib/gcc\libdriver.a(timer.o)
                0x00003ba0                TimerConfigure
 .text.TimerControlLevel
                0x00003c04       0x20 C:/ti/TivaWare_C_Series-2.1.2.111/driverlib/gcc\libdriver.a(timer.o)
                0x00003c04                TimerControlLevel
 .text.TimerControlTrigger
                0x00003c24       0x5c C:/ti/TivaWare_C_Series-2.1.2.111/driverlib/gcc\libdriver.a(timer.o)
                0x00003c24                TimerControlTrigger
 .text.TimerControlEvent
                0x00003c80       0x18 C:/ti/TivaWare_C_Series-2.1.2.111/driverlib/gcc\libdriver.a(timer.o)
                0x00003c80                TimerControlEvent
 .text.TimerControlStall
                0x00003c98       0x20 C:/ti/TivaWare_C_Series-2.1.2.111/driverlib/gcc\libdriver.a(timer.o)
                0x00003c98                TimerControlStall
 .text.TimerControlWaitOnTrigger
                0x00003cb8       0x34 C:/ti/TivaWare_C_Series-2.1.2.111/driverlib/gcc\libdriver.a(timer.o)
                0x00003cb8                TimerControlWaitOnTrigger
 .text.TimerRTCEnable
                0x00003cec        0xa C:/ti/TivaWare_C_Series-2.1.2.111/driverlib/gcc\libdriver.a(timer.o)
                0x00003cec                TimerRTCEnable
 .text.TimerRTCDisable
                0x00003cf6        0xa C:/ti/TivaWare_C_Series-2.1.2.111/driverlib/gcc\libdriver.a(timer.o)
                0x00003cf6                TimerRTCDisable
 .text.TimerClockSourceSet
                0x00003d00        0x6 C:/ti/TivaWare_C_Series-2.1.2.111/driverlib/gcc\libdriver.a(timer.o)
                0x00003d00                TimerClockSourceSet
 .text.TimerClockSourceGet
                0x00003d06        0x6 C:/ti/TivaWare_C_Series-2.1.2.111/driverlib/gcc\libdriver.a(timer.o)
                0x00003d06                TimerClockSourceGet
 .text.TimerPrescaleSet
                0x00003d0c       0x12 C:/ti/TivaWare_C_Series-2.1.2.111/driverlib/gcc\libdriver.a(timer.o)
                0x00003d0c                TimerPrescaleSet
 .text.TimerPrescaleGet
                0x00003d1e        0xa C:/ti/TivaWare_C_Series-2.1.2.111/driverlib/gcc\libdriver.a(timer.o)
                0x00003d1e                TimerPrescaleGet
 .text.TimerPrescaleMatchSet
                0x00003d28       0x12 C:/ti/TivaWare_C_Series-2.1.2.111/driverlib/gcc\libdriver.a(timer.o)
                0x00003d28                TimerPrescaleMatchSet
 .text.TimerPrescaleMatchGet
                0x00003d3a        0xa C:/ti/TivaWare_C_Series-2.1.2.111/driverlib/gcc\libdriver.a(timer.o)
                0x00003d3a                TimerPrescaleMatchGet
 .text.TimerLoadSet
                0x00003d44       0x12 C:/ti/TivaWare_C_Series-2.1.2.111/driverlib/gcc\libdriver.a(timer.o)
                0x00003d44                TimerLoadSet
 .text.TimerLoadGet
                0x00003d56        0xa C:/ti/TivaWare_C_Series-2.1.2.111/driverlib/gcc\libdriver.a(timer.o)
                0x00003d56                TimerLoadGet
 .text.TimerLoadSet64
                0x00003d60        0x6 C:/ti/TivaWare_C_Series-2.1.2.111/driverlib/gcc\libdriver.a(timer.o)
                0x00003d60                TimerLoadSet64
 .text.TimerLoadGet64
                0x00003d66       0x14 C:/ti/TivaWare_C_Series-2.1.2.111/driverlib/gcc\libdriver.a(timer.o)
                0x00003d66                TimerLoadGet64
 .text.TimerValueGet
                0x00003d7a        0xa C:/ti/TivaWare_C_Series-2.1.2.111/driverlib/gcc\libdriver.a(timer.o)
                0x00003d7a                TimerValueGet
 .text.TimerValueGet64
                0x00003d84       0x14 C:/ti/TivaWare_C_Series-2.1.2.111/driverlib/gcc\libdriver.a(timer.o)
                0x00003d84                TimerValueGet64
 .text.TimerMatchSet
                0x00003d98       0x12 C:/ti/TivaWare_C_Series-2.1.2.111/driverlib/gcc\libdriver.a(timer.o)
                0x00003d98                TimerMatchSet
 .text.TimerMatchGet
                0x00003daa        0xa C:/ti/TivaWare_C_Series-2.1.2.111/driverlib/gcc\libdriver.a(timer.o)
                0x00003daa                TimerMatchGet
 .text.TimerMatchSet64
                0x00003db4        0x6 C:/ti/TivaWare_C_Series-2.1.2.111/driverlib/gcc\libdriver.a(timer.o)
                0x00003db4                TimerMatchSet64
 .text.TimerMatchGet64
                0x00003dba       0x14 C:/ti/TivaWare_C_Series-2.1.2.111/driverlib/gcc\libdriver.a(timer.o)
                0x00003dba                TimerMatchGet64
 .text.TimerIntRegister
                0x00003dce       0x1a C:/ti/TivaWare_C_Series-2.1.2.111/driverlib/gcc\libdriver.a(timer.o)
                0x00003dce                TimerIntRegister
 .text.TimerIntUnregister
                0x00003de8       0x16 C:/ti/TivaWare_C_Series-2.1.2.111/driverlib/gcc\libdriver.a(timer.o)
                0x00003de8                TimerIntUnregister
 .text.TimerIntEnable
                0x00003dfe        0x8 C:/ti/TivaWare_C_Series-2.1.2.111/driverlib/gcc\libdriver.a(timer.o)
                0x00003dfe                TimerIntEnable
 .text.TimerIntDisable
                0x00003e06        0xa C:/ti/TivaWare_C_Series-2.1.2.111/driverlib/gcc\libdriver.a(timer.o)
                0x00003e06                TimerIntDisable
 .text.TimerIntStatus
                0x00003e10        0xa C:/ti/TivaWare_C_Series-2.1.2.111/driverlib/gcc\libdriver.a(timer.o)
                0x00003e10                TimerIntStatus
 .text.TimerIntClear
                0x00003e1a        0x4 C:/ti/TivaWare_C_Series-2.1.2.111/driverlib/gcc\libdriver.a(timer.o)
                0x00003e1a                TimerIntClear
 .text.TimerSynchronize
                0x00003e1e        0x4 C:/ti/TivaWare_C_Series-2.1.2.111/driverlib/gcc\libdriver.a(timer.o)
                0x00003e1e                TimerSynchronize
 .text.TimerADCEventSet
                0x00003e22        0x4 C:/ti/TivaWare_C_Series-2.1.2.111/driverlib/gcc\libdriver.a(timer.o)
                0x00003e22                TimerADCEventSet
 .text.TimerADCEventGet
                0x00003e26        0x4 C:/ti/TivaWare_C_Series-2.1.2.111/driverlib/gcc\libdriver.a(timer.o)
                0x00003e26                TimerADCEventGet
 .text.TimerDMAEventSet
                0x00003e2a        0x4 C:/ti/TivaWare_C_Series-2.1.2.111/driverlib/gcc\libdriver.a(timer.o)
                0x00003e2a                TimerDMAEventSet
 .text.TimerDMAEventGet
                0x00003e2e        0x4 C:/ti/TivaWare_C_Series-2.1.2.111/driverlib/gcc\libdriver.a(timer.o)
                0x00003e2e                TimerDMAEventGet
 .text.TimerUpdateMode
                0x00003e32       0x2a C:/ti/TivaWare_C_Series-2.1.2.111/driverlib/gcc\libdriver.a(timer.o)
                0x00003e32                TimerUpdateMode
 .text._UARTIntNumberGet
                0x00003e5c       0x48 C:/ti/TivaWare_C_Series-2.1.2.111/driverlib/gcc\libdriver.a(uart.o)
 .text.UARTParityModeSet
                0x00003ea4        0xc C:/ti/TivaWare_C_Series-2.1.2.111/driverlib/gcc\libdriver.a(uart.o)
                0x00003ea4                UARTParityModeSet
 .text.UARTParityModeGet
                0x00003eb0        0x8 C:/ti/TivaWare_C_Series-2.1.2.111/driverlib/gcc\libdriver.a(uart.o)
                0x00003eb0                UARTParityModeGet
 .text.UARTFIFOLevelSet
                0x00003eb8        0x6 C:/ti/TivaWare_C_Series-2.1.2.111/driverlib/gcc\libdriver.a(uart.o)
                0x00003eb8                UARTFIFOLevelSet
 .text.UARTFIFOLevelGet
                0x00003ebe       0x10 C:/ti/TivaWare_C_Series-2.1.2.111/driverlib/gcc\libdriver.a(uart.o)
                0x00003ebe                UARTFIFOLevelGet
 .text.UARTConfigGetExpClk
                0x00003ece       0x28 C:/ti/TivaWare_C_Series-2.1.2.111/driverlib/gcc\libdriver.a(uart.o)
                0x00003ece                UARTConfigGetExpClk
 .text.UARTEnable
                0x00003ef6       0x16 C:/ti/TivaWare_C_Series-2.1.2.111/driverlib/gcc\libdriver.a(uart.o)
                0x00003ef6                UARTEnable
 .text.UARTDisable
                0x00003f0c       0x1e C:/ti/TivaWare_C_Series-2.1.2.111/driverlib/gcc\libdriver.a(uart.o)
                0x00003f0c                UARTDisable
 .text.UARTConfigSetExpClk
                0x00003f2a       0x4e C:/ti/TivaWare_C_Series-2.1.2.111/driverlib/gcc\libdriver.a(uart.o)
                0x00003f2a                UARTConfigSetExpClk
 .text.UARTFIFOEnable
                0x00003f78        0xa C:/ti/TivaWare_C_Series-2.1.2.111/driverlib/gcc\libdriver.a(uart.o)
                0x00003f78                UARTFIFOEnable
 .text.UARTFIFODisable
                0x00003f82        0xa C:/ti/TivaWare_C_Series-2.1.2.111/driverlib/gcc\libdriver.a(uart.o)
                0x00003f82                UARTFIFODisable
 .text.UARTEnableSIR
                0x00003f8c       0x14 C:/ti/TivaWare_C_Series-2.1.2.111/driverlib/gcc\libdriver.a(uart.o)
                0x00003f8c                UARTEnableSIR
 .text.UARTDisableSIR
                0x00003fa0        0xa C:/ti/TivaWare_C_Series-2.1.2.111/driverlib/gcc\libdriver.a(uart.o)
                0x00003fa0                UARTDisableSIR
 .text.UARTSmartCardEnable
                0x00003faa       0x16 C:/ti/TivaWare_C_Series-2.1.2.111/driverlib/gcc\libdriver.a(uart.o)
                0x00003faa                UARTSmartCardEnable
 .text.UARTSmartCardDisable
                0x00003fc0        0xa C:/ti/TivaWare_C_Series-2.1.2.111/driverlib/gcc\libdriver.a(uart.o)
                0x00003fc0                UARTSmartCardDisable
 .text.UARTModemControlSet
                0x00003fca        0xc C:/ti/TivaWare_C_Series-2.1.2.111/driverlib/gcc\libdriver.a(uart.o)
                0x00003fca                UARTModemControlSet
 .text.UARTModemControlClear
                0x00003fd6        0xe C:/ti/TivaWare_C_Series-2.1.2.111/driverlib/gcc\libdriver.a(uart.o)
                0x00003fd6                UARTModemControlClear
 .text.UARTModemControlGet
                0x00003fe4        0x8 C:/ti/TivaWare_C_Series-2.1.2.111/driverlib/gcc\libdriver.a(uart.o)
                0x00003fe4                UARTModemControlGet
 .text.UARTModemStatusGet
                0x00003fec        0xc C:/ti/TivaWare_C_Series-2.1.2.111/driverlib/gcc\libdriver.a(uart.o)
                0x00003fec                UARTModemStatusGet
 .text.UARTFlowControlSet
                0x00003ff8        0xc C:/ti/TivaWare_C_Series-2.1.2.111/driverlib/gcc\libdriver.a(uart.o)
                0x00003ff8                UARTFlowControlSet
 .text.UARTFlowControlGet
                0x00004004        0x8 C:/ti/TivaWare_C_Series-2.1.2.111/driverlib/gcc\libdriver.a(uart.o)
                0x00004004                UARTFlowControlGet
 .text.UARTTxIntModeSet
                0x0000400c        0xc C:/ti/TivaWare_C_Series-2.1.2.111/driverlib/gcc\libdriver.a(uart.o)
                0x0000400c                UARTTxIntModeSet
 .text.UARTTxIntModeGet
                0x00004018        0x8 C:/ti/TivaWare_C_Series-2.1.2.111/driverlib/gcc\libdriver.a(uart.o)
                0x00004018                UARTTxIntModeGet
 .text.UARTCharsAvail
                0x00004020       0x10 C:/ti/TivaWare_C_Series-2.1.2.111/driverlib/gcc\libdriver.a(uart.o)
                0x00004020                UARTCharsAvail
 .text.UARTSpaceAvail
                0x00004030       0x10 C:/ti/TivaWare_C_Series-2.1.2.111/driverlib/gcc\libdriver.a(uart.o)
                0x00004030                UARTSpaceAvail
 .text.UARTCharGetNonBlocking
                0x00004040       0x10 C:/ti/TivaWare_C_Series-2.1.2.111/driverlib/gcc\libdriver.a(uart.o)
                0x00004040                UARTCharGetNonBlocking
 .text.UARTCharGet
                0x00004050        0xc C:/ti/TivaWare_C_Series-2.1.2.111/driverlib/gcc\libdriver.a(uart.o)
                0x00004050                UARTCharGet
 .text.UARTCharPutNonBlocking
                0x0000405c       0x12 C:/ti/TivaWare_C_Series-2.1.2.111/driverlib/gcc\libdriver.a(uart.o)
                0x0000405c                UARTCharPutNonBlocking
 .text.UARTCharPut
                0x0000406e        0xc C:/ti/TivaWare_C_Series-2.1.2.111/driverlib/gcc\libdriver.a(uart.o)
                0x0000406e                UARTCharPut
 .text.UARTBreakCtl
                0x0000407a       0x18 C:/ti/TivaWare_C_Series-2.1.2.111/driverlib/gcc\libdriver.a(uart.o)
                0x0000407a                UARTBreakCtl
 .text.UARTBusy
                0x00004092        0x8 C:/ti/TivaWare_C_Series-2.1.2.111/driverlib/gcc\libdriver.a(uart.o)
                0x00004092                UARTBusy
 .text.UARTIntRegister
                0x0000409a       0x1a C:/ti/TivaWare_C_Series-2.1.2.111/driverlib/gcc\libdriver.a(uart.o)
                0x0000409a                UARTIntRegister
 .text.UARTIntUnregister
                0x000040b4       0x16 C:/ti/TivaWare_C_Series-2.1.2.111/driverlib/gcc\libdriver.a(uart.o)
                0x000040b4                UARTIntUnregister
 .text.UARTIntEnable
                0x000040ca        0x8 C:/ti/TivaWare_C_Series-2.1.2.111/driverlib/gcc\libdriver.a(uart.o)
                0x000040ca                UARTIntEnable
 .text.UARTIntDisable
                0x000040d2        0xa C:/ti/TivaWare_C_Series-2.1.2.111/driverlib/gcc\libdriver.a(uart.o)
                0x000040d2                UARTIntDisable
 .text.UARTIntStatus
                0x000040dc        0xa C:/ti/TivaWare_C_Series-2.1.2.111/driverlib/gcc\libdriver.a(uart.o)
                0x000040dc                UARTIntStatus
 .text.UARTIntClear
                0x000040e6        0x4 C:/ti/TivaWare_C_Series-2.1.2.111/driverlib/gcc\libdriver.a(uart.o)
                0x000040e6                UARTIntClear
 .text.UARTDMAEnable
                0x000040ea        0x8 C:/ti/TivaWare_C_Series-2.1.2.111/driverlib/gcc\libdriver.a(uart.o)
                0x000040ea                UARTDMAEnable
 .text.UARTDMADisable
                0x000040f2        0xa C:/ti/TivaWare_C_Series-2.1.2.111/driverlib/gcc\libdriver.a(uart.o)
                0x000040f2                UARTDMADisable
 .text.UARTRxErrorGet
                0x000040fc        0x8 C:/ti/TivaWare_C_Series-2.1.2.111/driverlib/gcc\libdriver.a(uart.o)
                0x000040fc                UARTRxErrorGet
 .text.UARTRxErrorClear
                0x00004104        0x6 C:/ti/TivaWare_C_Series-2.1.2.111/driverlib/gcc\libdriver.a(uart.o)
                0x00004104                UARTRxErrorClear
 .text.UARTClockSourceSet
                0x0000410a        0x6 C:/ti/TivaWare_C_Series-2.1.2.111/driverlib/gcc\libdriver.a(uart.o)
                0x0000410a                UARTClockSourceSet
 .text.UARTClockSourceGet
                0x00004110        0x6 C:/ti/TivaWare_C_Series-2.1.2.111/driverlib/gcc\libdriver.a(uart.o)
                0x00004110                UARTClockSourceGet
 .text.UART9BitEnable
                0x00004116        0xe C:/ti/TivaWare_C_Series-2.1.2.111/driverlib/gcc\libdriver.a(uart.o)
                0x00004116                UART9BitEnable
 .text.UART9BitDisable
                0x00004124        0xe C:/ti/TivaWare_C_Series-2.1.2.111/driverlib/gcc\libdriver.a(uart.o)
                0x00004124                UART9BitDisable
 .text.UART9BitAddrSet
                0x00004132        0xa C:/ti/TivaWare_C_Series-2.1.2.111/driverlib/gcc\libdriver.a(uart.o)
                0x00004132                UART9BitAddrSet
 .text.UART9BitAddrSend
                0x0000413c       0x2c C:/ti/TivaWare_C_Series-2.1.2.111/driverlib/gcc\libdriver.a(uart.o)
                0x0000413c                UART9BitAddrSend
 .text.UARTLoopbackEnable
                0x00004168        0xa C:/ti/TivaWare_C_Series-2.1.2.111/driverlib/gcc\libdriver.a(uart.o)
                0x00004168                UARTLoopbackEnable
 .text.CPUcpsid
                0x00004172        0x8 C:/ti/TivaWare_C_Series-2.1.2.111/driverlib/gcc\libdriver.a(cpu.o)
                0x00004172                CPUcpsid
 .text.CPUprimask
                0x0000417a        0x6 C:/ti/TivaWare_C_Series-2.1.2.111/driverlib/gcc\libdriver.a(cpu.o)
                0x0000417a                CPUprimask
 .text.CPUcpsie
                0x00004180        0x8 C:/ti/TivaWare_C_Series-2.1.2.111/driverlib/gcc\libdriver.a(cpu.o)
                0x00004180                CPUcpsie
 .text.CPUwfi   0x00004188        0x4 C:/ti/TivaWare_C_Series-2.1.2.111/driverlib/gcc\libdriver.a(cpu.o)
                0x00004188                CPUwfi
 .text.CPUbasepriSet
                0x0000418c        0x6 C:/ti/TivaWare_C_Series-2.1.2.111/driverlib/gcc\libdriver.a(cpu.o)
                0x0000418c                CPUbasepriSet
 .text.CPUbasepriGet
                0x00004192        0x6 C:/ti/TivaWare_C_Series-2.1.2.111/driverlib/gcc\libdriver.a(cpu.o)
                0x00004192                CPUbasepriGet
 .text._sbrk    0x00004198       0x1c c:/ti/ccsv6/tools/compiler/gcc-arm-none-eabi-4_9-2015q3/bin/../lib/gcc/arm-none-eabi/4.9.3/../../../../arm-none-eabi/lib/armv7e-m/softfp\libnosys.a(sbrk.o)
                0x00004198                _sbrk
 .text._exit    0x000041b4        0x4 c:/ti/ccsv6/tools/compiler/gcc-arm-none-eabi-4_9-2015q3/bin/../lib/gcc/arm-none-eabi/4.9.3/../../../../arm-none-eabi/lib/armv7e-m/softfp\libnosys.a(_exit.o)
                0x000041b4                _exit
                0x000041b8                . = ALIGN (0x4)
 *(.ctors)
                0x000041b8                . = ALIGN (0x4)
 *(.dtors)
                0x000041b8                . = ALIGN (0x4)
                0x000041b8                __init_array_start = .
 *(.init_array*)
 .init_array    0x000041b8        0x4 c:/ti/ccsv6/tools/compiler/gcc-arm-none-eabi-4_9-2015q3/bin/../lib/gcc/arm-none-eabi/4.9.3/armv7e-m/softfp/crtbegin.o
 .init_array.00000
                0x000041bc        0x4 c:/ti/ccsv6/tools/compiler/gcc-arm-none-eabi-4_9-2015q3/bin/../lib/gcc/arm-none-eabi/4.9.3/../../../../arm-none-eabi/lib/armv7e-m/softfp\libc.a(lib_a-__call_atexit.o)
                0x000041c0                __init_array_end = .
 *(.init)
 .init          0x000041c0        0x4 c:/ti/ccsv6/tools/compiler/gcc-arm-none-eabi-4_9-2015q3/bin/../lib/gcc/arm-none-eabi/4.9.3/armv7e-m/softfp/crti.o
                0x000041c0                _init
 .init          0x000041c4        0x8 c:/ti/ccsv6/tools/compiler/gcc-arm-none-eabi-4_9-2015q3/bin/../lib/gcc/arm-none-eabi/4.9.3/armv7e-m/softfp/crtn.o
 *(.fini*)
 .fini          0x000041cc        0x4 c:/ti/ccsv6/tools/compiler/gcc-arm-none-eabi-4_9-2015q3/bin/../lib/gcc/arm-none-eabi/4.9.3/armv7e-m/softfp/crti.o
                0x000041cc                _fini
 .fini_array    0x000041d0        0x4 c:/ti/ccsv6/tools/compiler/gcc-arm-none-eabi-4_9-2015q3/bin/../lib/gcc/arm-none-eabi/4.9.3/armv7e-m/softfp/crtbegin.o
 .fini          0x000041d4        0x8 c:/ti/ccsv6/tools/compiler/gcc-arm-none-eabi-4_9-2015q3/bin/../lib/gcc/arm-none-eabi/4.9.3/armv7e-m/softfp/crtn.o
                0x000041dc                PROVIDE (__etext, .)
                0x000041dc                PROVIDE (_etext, .)
                0x000041dc                PROVIDE (etext, .)

.glue_7         0x000041dc        0x0
 .glue_7        0x00000000        0x0 linker stubs

.glue_7t        0x000041dc        0x0
 .glue_7t       0x00000000        0x0 linker stubs

.vfp11_veneer   0x000041dc        0x0
 .vfp11_veneer  0x00000000        0x0 linker stubs

.v4_bx          0x000041dc        0x0
 .v4_bx         0x00000000        0x0 linker stubs

.iplt           0x000041dc        0x0
 .iplt          0x00000000        0x0 c:/ti/ccsv6/tools/compiler/gcc-arm-none-eabi-4_9-2015q3/bin/../lib/gcc/arm-none-eabi/4.9.3/armv7e-m/softfp/crtbegin.o

.rodata         0x000041dc      0x648
 *(.rodata)
 .rodata        0x000041dc       0x32 ./main.o
 *(.rodata*)
 *fill*         0x0000420e        0x2 
 .rodata.period
                0x00004210        0x4 ./pulse_train.o
                0x00004210                period
 .rodata.duty   0x00004214        0x4 ./three_axes.o
                0x00004214                duty
 .rodata.full_Period
                0x00004218        0x4 ./three_axes.o
                0x00004218                full_Period
 .rodata.str1.4
                0x0000421c        0x4 c:/ti/ccsv6/tools/compiler/gcc-arm-none-eabi-4_9-2015q3/bin/../lib/gcc/arm-none-eabi/4.9.3/../../../../arm-none-eabi/lib/armv7e-m/softfp\libc.a(lib_a-impure.o)
                                  0x2 (size before relaxing)
 .rodata._global_impure_ptr
                0x00004220        0x4 c:/ti/ccsv6/tools/compiler/gcc-arm-none-eabi-4_9-2015q3/bin/../lib/gcc/arm-none-eabi/4.9.3/../../../../arm-none-eabi/lib/armv7e-m/softfp\libc.a(lib_a-impure.o)
                0x00004220                _global_impure_ptr
 .rodata.g_ppui32GPIOIntMapSnowflake
                0x00004224       0xc0 C:/ti/TivaWare_C_Series-2.1.2.111/driverlib/gcc\libdriver.a(gpio.o)
 .rodata.g_pui32GPIOBaseAddrs
                0x000042e4       0x90 C:/ti/TivaWare_C_Series-2.1.2.111/driverlib/gcc\libdriver.a(gpio.o)
 .rodata.g_ppui32GPIOIntMapBlizzard
                0x00004374       0xc0 C:/ti/TivaWare_C_Series-2.1.2.111/driverlib/gcc\libdriver.a(gpio.o)
 .rodata.g_pui32Priority
                0x00004434       0x20 C:/ti/TivaWare_C_Series-2.1.2.111/driverlib/gcc\libdriver.a(interrupt.o)
 .rodata.g_pui32Dii16Regs
                0x00004454       0x14 C:/ti/TivaWare_C_Series-2.1.2.111/driverlib/gcc\libdriver.a(interrupt.o)
 .rodata.g_pui32PendRegs
                0x00004468       0x14 C:/ti/TivaWare_C_Series-2.1.2.111/driverlib/gcc\libdriver.a(interrupt.o)
 .rodata.g_pui32Regs
                0x0000447c       0x9c C:/ti/TivaWare_C_Series-2.1.2.111/driverlib/gcc\libdriver.a(interrupt.o)
 .rodata.g_pui32EnRegs
                0x00004518       0x14 C:/ti/TivaWare_C_Series-2.1.2.111/driverlib/gcc\libdriver.a(interrupt.o)
 .rodata.g_pui32UnpendRegs
                0x0000452c       0x14 C:/ti/TivaWare_C_Series-2.1.2.111/driverlib/gcc\libdriver.a(interrupt.o)
 .rodata.g_pppui32XTALtoVCO
                0x00004540      0x120 C:/ti/TivaWare_C_Series-2.1.2.111/driverlib/gcc\libdriver.a(sysctl.o)
 .rodata.g_pui32VCOFrequencies
                0x00004660        0x8 C:/ti/TivaWare_C_Series-2.1.2.111/driverlib/gcc\libdriver.a(sysctl.o)
 .rodata.g_sXTALtoMEMTIM
                0x00004668       0x30 C:/ti/TivaWare_C_Series-2.1.2.111/driverlib/gcc\libdriver.a(sysctl.o)
 .rodata.g_pui32Xtals
                0x00004698       0x6c C:/ti/TivaWare_C_Series-2.1.2.111/driverlib/gcc\libdriver.a(sysctl.o)
 .rodata.g_ppui32TimerIntMapSnowflake
                0x00004704       0x40 C:/ti/TivaWare_C_Series-2.1.2.111/driverlib/gcc\libdriver.a(timer.o)
 .rodata.g_ppui32TimerIntMap
                0x00004744       0x60 C:/ti/TivaWare_C_Series-2.1.2.111/driverlib/gcc\libdriver.a(timer.o)
 .rodata.g_ppui32UARTIntMap
                0x000047a4       0x40 C:/ti/TivaWare_C_Series-2.1.2.111/driverlib/gcc\libdriver.a(uart.o)
 .rodata.g_ppui32UARTIntMapSnowflake
                0x000047e4       0x40 C:/ti/TivaWare_C_Series-2.1.2.111/driverlib/gcc\libdriver.a(uart.o)

.eh_frame       0x00004824        0x4
 .eh_frame      0x00004824        0x0 c:/ti/ccsv6/tools/compiler/gcc-arm-none-eabi-4_9-2015q3/bin/../lib/gcc/arm-none-eabi/4.9.3/armv7e-m/softfp/crtbegin.o
 .eh_frame      0x00004824        0x4 c:/ti/ccsv6/tools/compiler/gcc-arm-none-eabi-4_9-2015q3/bin/../lib/gcc/arm-none-eabi/4.9.3/armv7e-m/softfp/crtend.o

.data           0x20000000      0x844 load address 0x00004828
                0x00004828                __data_load__ = LOADADDR (.data)
                0x20000000                __data_start__ = .
 *(.data)
 .data          0x20000000        0x0 c:/ti/ccsv6/tools/compiler/gcc-arm-none-eabi-4_9-2015q3/bin/../lib/gcc/arm-none-eabi/4.9.3/armv7e-m/softfp/crti.o
 .data          0x20000000        0x4 c:/ti/ccsv6/tools/compiler/gcc-arm-none-eabi-4_9-2015q3/bin/../lib/gcc/arm-none-eabi/4.9.3/armv7e-m/softfp/crtbegin.o
                0x20000000                __dso_handle
 .data          0x20000004        0x0 c:/ti/ccsv6/tools/compiler/gcc-arm-none-eabi-4_9-2015q3/bin/../lib/gcc/arm-none-eabi/4.9.3/../../../../arm-none-eabi/lib/armv7e-m/softfp/crt0.o
 .data          0x20000004        0x0 ./keys_driver.o
 .data          0x20000004        0x0 ./main.o
 .data          0x20000004        0x0 ./pulse_train.o
 .data          0x20000004        0x0 ./rtos.o
 .data          0x20000004        0x0 ./rtos_pipe.o
 .data          0x20000004        0x0 ./rtos_sched.o
 .data          0x20000004        0x0 ./rtos_task.o
 .data          0x20000004        0x0 ./system_TM4C123.o
 .data          0x20000004        0x0 ./three_axes.o
 .data          0x20000004        0x0 ./tm4c123gh6pm_startup_ccs_gcc.o
 .data          0x20000004        0x0 ./uart_driver.o
 .data          0x20000004        0x0 ./x_axis.o
 .data          0x20000004        0x0 ./y_axis.o
 .data          0x20000004        0x0 ./z_axis.o
 .data          0x20000004        0x0 c:/ti/ccsv6/tools/compiler/gcc-arm-none-eabi-4_9-2015q3/bin/../lib/gcc/arm-none-eabi/4.9.3/../../../../arm-none-eabi/lib/armv7e-m/softfp\libc.a(lib_a-exit.o)
 .data          0x20000004        0x0 c:/ti/ccsv6/tools/compiler/gcc-arm-none-eabi-4_9-2015q3/bin/../lib/gcc/arm-none-eabi/4.9.3/../../../../arm-none-eabi/lib/armv7e-m/softfp\libc.a(lib_a-impure.o)
 .data          0x20000004        0x0 c:/ti/ccsv6/tools/compiler/gcc-arm-none-eabi-4_9-2015q3/bin/../lib/gcc/arm-none-eabi/4.9.3/../../../../arm-none-eabi/lib/armv7e-m/softfp\libc.a(lib_a-init.o)
 .data          0x20000004        0x0 c:/ti/ccsv6/tools/compiler/gcc-arm-none-eabi-4_9-2015q3/bin/../lib/gcc/arm-none-eabi/4.9.3/../../../../arm-none-eabi/lib/armv7e-m/softfp\libc.a(lib_a-malloc.o)
 .data          0x20000004        0x0 c:/ti/ccsv6/tools/compiler/gcc-arm-none-eabi-4_9-2015q3/bin/../lib/gcc/arm-none-eabi/4.9.3/../../../../arm-none-eabi/lib/armv7e-m/softfp\libc.a(lib_a-mallocr.o)
 .data          0x20000004        0x0 c:/ti/ccsv6/tools/compiler/gcc-arm-none-eabi-4_9-2015q3/bin/../lib/gcc/arm-none-eabi/4.9.3/../../../../arm-none-eabi/lib/armv7e-m/softfp\libc.a(lib_a-memset.o)
 .data          0x20000004        0x0 c:/ti/ccsv6/tools/compiler/gcc-arm-none-eabi-4_9-2015q3/bin/../lib/gcc/arm-none-eabi/4.9.3/../../../../arm-none-eabi/lib/armv7e-m/softfp\libc.a(lib_a-mlock.o)
 .data          0x20000004        0x0 c:/ti/ccsv6/tools/compiler/gcc-arm-none-eabi-4_9-2015q3/bin/../lib/gcc/arm-none-eabi/4.9.3/../../../../arm-none-eabi/lib/armv7e-m/softfp\libc.a(lib_a-sbrkr.o)
 .data          0x20000004        0x0 c:/ti/ccsv6/tools/compiler/gcc-arm-none-eabi-4_9-2015q3/bin/../lib/gcc/arm-none-eabi/4.9.3/../../../../arm-none-eabi/lib/armv7e-m/softfp\libc.a(lib_a-__call_atexit.o)
 .data          0x20000004        0x0 c:/ti/ccsv6/tools/compiler/gcc-arm-none-eabi-4_9-2015q3/bin/../lib/gcc/arm-none-eabi/4.9.3/../../../../arm-none-eabi/lib/armv7e-m/softfp\libc.a(lib_a-atexit.o)
 .data          0x20000004        0x0 c:/ti/ccsv6/tools/compiler/gcc-arm-none-eabi-4_9-2015q3/bin/../lib/gcc/arm-none-eabi/4.9.3/../../../../arm-none-eabi/lib/armv7e-m/softfp\libc.a(lib_a-fini.o)
 .data          0x20000004        0x0 c:/ti/ccsv6/tools/compiler/gcc-arm-none-eabi-4_9-2015q3/bin/../lib/gcc/arm-none-eabi/4.9.3/../../../../arm-none-eabi/lib/armv7e-m/softfp\libc.a(lib_a-freer.o)
 .data          0x20000004        0x0 c:/ti/ccsv6/tools/compiler/gcc-arm-none-eabi-4_9-2015q3/bin/../lib/gcc/arm-none-eabi/4.9.3/../../../../arm-none-eabi/lib/armv7e-m/softfp\libc.a(lib_a-reent.o)
 .data          0x20000004        0x0 c:/ti/ccsv6/tools/compiler/gcc-arm-none-eabi-4_9-2015q3/bin/../lib/gcc/arm-none-eabi/4.9.3/../../../../arm-none-eabi/lib/armv7e-m/softfp\libc.a(lib_a-__atexit.o)
 .data          0x20000004        0x0 C:/ti/TivaWare_C_Series-2.1.2.111/driverlib/gcc\libdriver.a(gpio.o)
 .data          0x20000004        0x0 C:/ti/TivaWare_C_Series-2.1.2.111/driverlib/gcc\libdriver.a(interrupt.o)
 .data          0x20000004        0x0 C:/ti/TivaWare_C_Series-2.1.2.111/driverlib/gcc\libdriver.a(pwm.o)
 .data          0x20000004        0x0 C:/ti/TivaWare_C_Series-2.1.2.111/driverlib/gcc\libdriver.a(sysctl.o)
 .data          0x20000004        0x0 C:/ti/TivaWare_C_Series-2.1.2.111/driverlib/gcc\libdriver.a(timer.o)
 .data          0x20000004        0x0 C:/ti/TivaWare_C_Series-2.1.2.111/driverlib/gcc\libdriver.a(uart.o)
 .data          0x20000004        0x0 C:/ti/TivaWare_C_Series-2.1.2.111/driverlib/gcc\libdriver.a(cpu.o)
 .data          0x20000004        0x0 c:/ti/ccsv6/tools/compiler/gcc-arm-none-eabi-4_9-2015q3/bin/../lib/gcc/arm-none-eabi/4.9.3/../../../../arm-none-eabi/lib/armv7e-m/softfp\libnosys.a(sbrk.o)
 .data          0x20000004        0x0 c:/ti/ccsv6/tools/compiler/gcc-arm-none-eabi-4_9-2015q3/bin/../lib/gcc/arm-none-eabi/4.9.3/../../../../arm-none-eabi/lib/armv7e-m/softfp\libnosys.a(_exit.o)
 .data          0x20000004        0x0 c:/ti/ccsv6/tools/compiler/gcc-arm-none-eabi-4_9-2015q3/bin/../lib/gcc/arm-none-eabi/4.9.3/armv7e-m/softfp/crtend.o
 .data          0x20000004        0x0 c:/ti/ccsv6/tools/compiler/gcc-arm-none-eabi-4_9-2015q3/bin/../lib/gcc/arm-none-eabi/4.9.3/armv7e-m/softfp/crtn.o
 *(.data*)
 .data.SystemCoreClock
                0x20000004        0x4 ./system_TM4C123.o
                0x20000004                SystemCoreClock
 .data.impure_data
                0x20000008      0x428 c:/ti/ccsv6/tools/compiler/gcc-arm-none-eabi-4_9-2015q3/bin/../lib/gcc/arm-none-eabi/4.9.3/../../../../arm-none-eabi/lib/armv7e-m/softfp\libc.a(lib_a-impure.o)
 .data._impure_ptr
                0x20000430        0x4 c:/ti/ccsv6/tools/compiler/gcc-arm-none-eabi-4_9-2015q3/bin/../lib/gcc/arm-none-eabi/4.9.3/../../../../arm-none-eabi/lib/armv7e-m/softfp\libc.a(lib_a-impure.o)
                0x20000430                _impure_ptr
 .data.__malloc_av_
                0x20000434      0x408 c:/ti/ccsv6/tools/compiler/gcc-arm-none-eabi-4_9-2015q3/bin/../lib/gcc/arm-none-eabi/4.9.3/../../../../arm-none-eabi/lib/armv7e-m/softfp\libc.a(lib_a-mallocr.o)
                0x20000434                __malloc_av_
 .data.__malloc_trim_threshold
                0x2000083c        0x4 c:/ti/ccsv6/tools/compiler/gcc-arm-none-eabi-4_9-2015q3/bin/../lib/gcc/arm-none-eabi/4.9.3/../../../../arm-none-eabi/lib/armv7e-m/softfp\libc.a(lib_a-mallocr.o)
                0x2000083c                __malloc_trim_threshold
 .data.__malloc_sbrk_base
                0x20000840        0x4 c:/ti/ccsv6/tools/compiler/gcc-arm-none-eabi-4_9-2015q3/bin/../lib/gcc/arm-none-eabi/4.9.3/../../../../arm-none-eabi/lib/armv7e-m/softfp\libc.a(lib_a-mallocr.o)
                0x20000840                __malloc_sbrk_base
                0x20000844                . = ALIGN (0x4)
                0x20000844                __data_end__ = .

.jcr            0x20000844        0x4 load address 0x0000506c
 .jcr           0x20000844        0x0 c:/ti/ccsv6/tools/compiler/gcc-arm-none-eabi-4_9-2015q3/bin/../lib/gcc/arm-none-eabi/4.9.3/armv7e-m/softfp/crtbegin.o
 .jcr           0x20000844        0x4 c:/ti/ccsv6/tools/compiler/gcc-arm-none-eabi-4_9-2015q3/bin/../lib/gcc/arm-none-eabi/4.9.3/armv7e-m/softfp/crtend.o

.igot.plt       0x20000848        0x0 load address 0x00005070
 .igot.plt      0x00000000        0x0 c:/ti/ccsv6/tools/compiler/gcc-arm-none-eabi-4_9-2015q3/bin/../lib/gcc/arm-none-eabi/4.9.3/armv7e-m/softfp/crtbegin.o

vtable          0x20000c00      0x400 load address 0x00005070
                0x20000c00                PROVIDE (__start_vtable, .)
 vtable         0x20000c00      0x400 C:/ti/TivaWare_C_Series-2.1.2.111/driverlib/gcc\libdriver.a(interrupt.o)
                0x20001000                PROVIDE (__stop_vtable, .)

.ARM.exidx      0x00005470        0x8
                0x00005470                __exidx_start = .
 *(.ARM.exidx* .gnu.linkonce.armexidx.*)
 .ARM.exidx     0x00005470        0x8 c:/ti/ccsv6/tools/compiler/gcc-arm-none-eabi-4_9-2015q3/bin/../lib/gcc/arm-none-eabi/4.9.3/../../../../arm-none-eabi/lib/armv7e-m/softfp/crt0.o
                0x00005478                __exidx_end = .

.ARM.extab      0x00005478        0x0
 *(.ARM.extab* .gnu.linkonce.armextab.*)
 .ARM.extab     0x00005478        0x0 c:/ti/ccsv6/tools/compiler/gcc-arm-none-eabi-4_9-2015q3/bin/../lib/gcc/arm-none-eabi/4.9.3/../../../../arm-none-eabi/lib/armv7e-m/softfp/crt0.o

.rel.dyn        0x00005478        0x0
 .rel.iplt      0x00000000        0x0 c:/ti/ccsv6/tools/compiler/gcc-arm-none-eabi-4_9-2015q3/bin/../lib/gcc/arm-none-eabi/4.9.3/armv7e-m/softfp/crtbegin.o

.bss            0x20001000      0x294
                0x20001000                __bss_start__ = .
 *(.shbss)
 *(.bss)
 .bss           0x20001000        0x0 c:/ti/ccsv6/tools/compiler/gcc-arm-none-eabi-4_9-2015q3/bin/../lib/gcc/arm-none-eabi/4.9.3/armv7e-m/softfp/crti.o
 .bss           0x20001000       0x1c c:/ti/ccsv6/tools/compiler/gcc-arm-none-eabi-4_9-2015q3/bin/../lib/gcc/arm-none-eabi/4.9.3/armv7e-m/softfp/crtbegin.o
 .bss           0x2000101c        0x0 c:/ti/ccsv6/tools/compiler/gcc-arm-none-eabi-4_9-2015q3/bin/../lib/gcc/arm-none-eabi/4.9.3/../../../../arm-none-eabi/lib/armv7e-m/softfp/crt0.o
 .bss           0x2000101c        0x0 ./keys_driver.o
 .bss           0x2000101c        0x0 ./main.o
 .bss           0x2000101c        0x0 ./pulse_train.o
 .bss           0x2000101c        0x0 ./rtos.o
 .bss           0x2000101c        0x0 ./rtos_pipe.o
 .bss           0x2000101c        0x0 ./rtos_sched.o
 .bss           0x2000101c        0x0 ./rtos_task.o
 .bss           0x2000101c        0x0 ./system_TM4C123.o
 .bss           0x2000101c        0x0 ./three_axes.o
 .bss           0x2000101c        0x0 ./tm4c123gh6pm_startup_ccs_gcc.o
 .bss           0x2000101c        0x0 ./uart_driver.o
 .bss           0x2000101c        0x0 ./x_axis.o
 .bss           0x2000101c        0x0 ./y_axis.o
 .bss           0x2000101c        0x0 ./z_axis.o
 .bss           0x2000101c        0x0 c:/ti/ccsv6/tools/compiler/gcc-arm-none-eabi-4_9-2015q3/bin/../lib/gcc/arm-none-eabi/4.9.3/../../../../arm-none-eabi/lib/armv7e-m/softfp\libc.a(lib_a-exit.o)
 .bss           0x2000101c        0x0 c:/ti/ccsv6/tools/compiler/gcc-arm-none-eabi-4_9-2015q3/bin/../lib/gcc/arm-none-eabi/4.9.3/../../../../arm-none-eabi/lib/armv7e-m/softfp\libc.a(lib_a-impure.o)
 .bss           0x2000101c        0x0 c:/ti/ccsv6/tools/compiler/gcc-arm-none-eabi-4_9-2015q3/bin/../lib/gcc/arm-none-eabi/4.9.3/../../../../arm-none-eabi/lib/armv7e-m/softfp\libc.a(lib_a-init.o)
 .bss           0x2000101c        0x0 c:/ti/ccsv6/tools/compiler/gcc-arm-none-eabi-4_9-2015q3/bin/../lib/gcc/arm-none-eabi/4.9.3/../../../../arm-none-eabi/lib/armv7e-m/softfp\libc.a(lib_a-malloc.o)
 .bss           0x2000101c        0x0 c:/ti/ccsv6/tools/compiler/gcc-arm-none-eabi-4_9-2015q3/bin/../lib/gcc/arm-none-eabi/4.9.3/../../../../arm-none-eabi/lib/armv7e-m/softfp\libc.a(lib_a-mallocr.o)
 .bss           0x2000101c        0x0 c:/ti/ccsv6/tools/compiler/gcc-arm-none-eabi-4_9-2015q3/bin/../lib/gcc/arm-none-eabi/4.9.3/../../../../arm-none-eabi/lib/armv7e-m/softfp\libc.a(lib_a-memset.o)
 .bss           0x2000101c        0x0 c:/ti/ccsv6/tools/compiler/gcc-arm-none-eabi-4_9-2015q3/bin/../lib/gcc/arm-none-eabi/4.9.3/../../../../arm-none-eabi/lib/armv7e-m/softfp\libc.a(lib_a-mlock.o)
 .bss           0x2000101c        0x0 c:/ti/ccsv6/tools/compiler/gcc-arm-none-eabi-4_9-2015q3/bin/../lib/gcc/arm-none-eabi/4.9.3/../../../../arm-none-eabi/lib/armv7e-m/softfp\libc.a(lib_a-sbrkr.o)
 .bss           0x2000101c        0x0 c:/ti/ccsv6/tools/compiler/gcc-arm-none-eabi-4_9-2015q3/bin/../lib/gcc/arm-none-eabi/4.9.3/../../../../arm-none-eabi/lib/armv7e-m/softfp\libc.a(lib_a-__call_atexit.o)
 .bss           0x2000101c        0x0 c:/ti/ccsv6/tools/compiler/gcc-arm-none-eabi-4_9-2015q3/bin/../lib/gcc/arm-none-eabi/4.9.3/../../../../arm-none-eabi/lib/armv7e-m/softfp\libc.a(lib_a-atexit.o)
 .bss           0x2000101c        0x0 c:/ti/ccsv6/tools/compiler/gcc-arm-none-eabi-4_9-2015q3/bin/../lib/gcc/arm-none-eabi/4.9.3/../../../../arm-none-eabi/lib/armv7e-m/softfp\libc.a(lib_a-fini.o)
 .bss           0x2000101c        0x0 c:/ti/ccsv6/tools/compiler/gcc-arm-none-eabi-4_9-2015q3/bin/../lib/gcc/arm-none-eabi/4.9.3/../../../../arm-none-eabi/lib/armv7e-m/softfp\libc.a(lib_a-freer.o)
 .bss           0x2000101c        0x0 c:/ti/ccsv6/tools/compiler/gcc-arm-none-eabi-4_9-2015q3/bin/../lib/gcc/arm-none-eabi/4.9.3/../../../../arm-none-eabi/lib/armv7e-m/softfp\libc.a(lib_a-reent.o)
 .bss           0x2000101c        0x0 c:/ti/ccsv6/tools/compiler/gcc-arm-none-eabi-4_9-2015q3/bin/../lib/gcc/arm-none-eabi/4.9.3/../../../../arm-none-eabi/lib/armv7e-m/softfp\libc.a(lib_a-__atexit.o)
 .bss           0x2000101c        0x0 C:/ti/TivaWare_C_Series-2.1.2.111/driverlib/gcc\libdriver.a(gpio.o)
 .bss           0x2000101c        0x0 C:/ti/TivaWare_C_Series-2.1.2.111/driverlib/gcc\libdriver.a(interrupt.o)
 .bss           0x2000101c        0x0 C:/ti/TivaWare_C_Series-2.1.2.111/driverlib/gcc\libdriver.a(pwm.o)
 .bss           0x2000101c        0x0 C:/ti/TivaWare_C_Series-2.1.2.111/driverlib/gcc\libdriver.a(sysctl.o)
 .bss           0x2000101c        0x0 C:/ti/TivaWare_C_Series-2.1.2.111/driverlib/gcc\libdriver.a(timer.o)
 .bss           0x2000101c        0x0 C:/ti/TivaWare_C_Series-2.1.2.111/driverlib/gcc\libdriver.a(uart.o)
 .bss           0x2000101c        0x0 C:/ti/TivaWare_C_Series-2.1.2.111/driverlib/gcc\libdriver.a(cpu.o)
 .bss           0x2000101c        0x0 c:/ti/ccsv6/tools/compiler/gcc-arm-none-eabi-4_9-2015q3/bin/../lib/gcc/arm-none-eabi/4.9.3/../../../../arm-none-eabi/lib/armv7e-m/softfp\libnosys.a(sbrk.o)
 .bss           0x2000101c        0x0 c:/ti/ccsv6/tools/compiler/gcc-arm-none-eabi-4_9-2015q3/bin/../lib/gcc/arm-none-eabi/4.9.3/../../../../arm-none-eabi/lib/armv7e-m/softfp\libnosys.a(_exit.o)
 .bss           0x2000101c        0x0 c:/ti/ccsv6/tools/compiler/gcc-arm-none-eabi-4_9-2015q3/bin/../lib/gcc/arm-none-eabi/4.9.3/armv7e-m/softfp/crtend.o
 .bss           0x2000101c        0x0 c:/ti/ccsv6/tools/compiler/gcc-arm-none-eabi-4_9-2015q3/bin/../lib/gcc/arm-none-eabi/4.9.3/armv7e-m/softfp/crtn.o
 *(.bss.*)
 .bss.keys_last_state
                0x2000101c        0x4 ./keys_driver.o
                0x2000101c                keys_last_state
 .bss.list.4445
                0x20001020        0x4 ./rtos_sched.o
 .bss.pui32Stack
                0x20001024      0x200 ./tm4c123gh6pm_startup_ccs_gcc.o
 .bss.__malloc_max_total_mem
                0x20001224        0x4 c:/ti/ccsv6/tools/compiler/gcc-arm-none-eabi-4_9-2015q3/bin/../lib/gcc/arm-none-eabi/4.9.3/../../../../arm-none-eabi/lib/armv7e-m/softfp\libc.a(lib_a-mallocr.o)
                0x20001224                __malloc_max_total_mem
 .bss.__malloc_max_sbrked_mem
                0x20001228        0x4 c:/ti/ccsv6/tools/compiler/gcc-arm-none-eabi-4_9-2015q3/bin/../lib/gcc/arm-none-eabi/4.9.3/../../../../arm-none-eabi/lib/armv7e-m/softfp\libc.a(lib_a-mallocr.o)
                0x20001228                __malloc_max_sbrked_mem
 .bss.__malloc_top_pad
                0x2000122c        0x4 c:/ti/ccsv6/tools/compiler/gcc-arm-none-eabi-4_9-2015q3/bin/../lib/gcc/arm-none-eabi/4.9.3/../../../../arm-none-eabi/lib/armv7e-m/softfp\libc.a(lib_a-mallocr.o)
                0x2000122c                __malloc_top_pad
 .bss.__malloc_current_mallinfo
                0x20001230       0x28 c:/ti/ccsv6/tools/compiler/gcc-arm-none-eabi-4_9-2015q3/bin/../lib/gcc/arm-none-eabi/4.9.3/../../../../arm-none-eabi/lib/armv7e-m/softfp\libc.a(lib_a-mallocr.o)
                0x20001230                __malloc_current_mallinfo
 .bss.heap_end.4079
                0x20001258        0x4 c:/ti/ccsv6/tools/compiler/gcc-arm-none-eabi-4_9-2015q3/bin/../lib/gcc/arm-none-eabi/4.9.3/../../../../arm-none-eabi/lib/armv7e-m/softfp\libnosys.a(sbrk.o)
 *(COMMON)
 COMMON         0x2000125c        0x4 ./keys_driver.o
                0x2000125c                keys_Fifo
 COMMON         0x20001260        0x4 ./main.o
                0x20001260                green_pulse
 COMMON         0x20001264        0x5 ./pulse_train.o
                0x20001264                pulse_Fifo
                0x20001268                latch
 *fill*         0x20001269        0x3 
 COMMON         0x2000126c        0x8 ./rtos.o
                0x2000126c                rtos_recursive_counter
                0x20001270                slice_quantum
 COMMON         0x20001274        0x8 ./rtos_task.o
                0x20001274                rtos_running_task
                0x20001278                rtos_ready_tasks
 COMMON         0x2000127c        0xc ./three_axes.o
                0x2000127c                z_axis
                0x20001280                x_axis
                0x20001284                y_axis
 COMMON         0x20001288        0x8 ./uart_driver.o
                0x20001288                uart_rx_Fifo
                0x2000128c                uart_tx_Fifo
 COMMON         0x20001290        0x4 c:/ti/ccsv6/tools/compiler/gcc-arm-none-eabi-4_9-2015q3/bin/../lib/gcc/arm-none-eabi/4.9.3/../../../../arm-none-eabi/lib/armv7e-m/softfp\libc.a(lib_a-reent.o)
                0x20001290                errno
                0x20001294                . = ALIGN (0x4)
                0x20001294                __bss_end__ = .

.heap           0x20001294        0x0
                0x20001294                __heap_start__ = .
                0x20001294                end = __heap_start__
                0x20001294                _end = end
                0x20001294                __end = end
 *(.heap)
                0x20001294                __heap_end__ = .
                0x20001294                __HeapLimit = __heap_end__

.stack          0x20001298        0x0
                0x20001298                _stack = .
                0x20001298                __stack = .
 *(.stack)
START GROUP
LOAD c:/ti/ccsv6/tools/compiler/gcc-arm-none-eabi-4_9-2015q3/bin/../lib/gcc/arm-none-eabi/4.9.3/../../../../arm-none-eabi/lib/armv7e-m/softfp\libc.a
LOAD C:/ti/TivaWare_C_Series-2.1.2.111/driverlib/gcc\libdriver.a
LOAD c:/ti/ccsv6/tools/compiler/gcc-arm-none-eabi-4_9-2015q3/bin/../lib/gcc/arm-none-eabi/4.9.3/armv7e-m/softfp\libgcc.a
LOAD c:/ti/ccsv6/tools/compiler/gcc-arm-none-eabi-4_9-2015q3/bin/../lib/gcc/arm-none-eabi/4.9.3/../../../../arm-none-eabi/lib/armv7e-m/softfp\libnosys.a
END GROUP
START GROUP
LOAD c:/ti/ccsv6/tools/compiler/gcc-arm-none-eabi-4_9-2015q3/bin/../lib/gcc/arm-none-eabi/4.9.3/armv7e-m/softfp\libgcc.a
LOAD c:/ti/ccsv6/tools/compiler/gcc-arm-none-eabi-4_9-2015q3/bin/../lib/gcc/arm-none-eabi/4.9.3/../../../../arm-none-eabi/lib/armv7e-m/softfp\libg.a
LOAD c:/ti/ccsv6/tools/compiler/gcc-arm-none-eabi-4_9-2015q3/bin/../lib/gcc/arm-none-eabi/4.9.3/../../../../arm-none-eabi/lib/armv7e-m/softfp\libc.a
END GROUP
LOAD c:/ti/ccsv6/tools/compiler/gcc-arm-none-eabi-4_9-2015q3/bin/../lib/gcc/arm-none-eabi/4.9.3/armv7e-m/softfp/crtend.o
LOAD c:/ti/ccsv6/tools/compiler/gcc-arm-none-eabi-4_9-2015q3/bin/../lib/gcc/arm-none-eabi/4.9.3/armv7e-m/softfp/crtn.o
OUTPUT(x_axis.out elf32-littlearm)

.ARM.attributes
                0x00000000       0x30
 .ARM.attributes
                0x00000000       0x22 c:/ti/ccsv6/tools/compiler/gcc-arm-none-eabi-4_9-2015q3/bin/../lib/gcc/arm-none-eabi/4.9.3/armv7e-m/softfp/crti.o
 .ARM.attributes
                0x00000022       0x32 c:/ti/ccsv6/tools/compiler/gcc-arm-none-eabi-4_9-2015q3/bin/../lib/gcc/arm-none-eabi/4.9.3/armv7e-m/softfp/crtbegin.o
 .ARM.attributes
                0x00000054       0x20 c:/ti/ccsv6/tools/compiler/gcc-arm-none-eabi-4_9-2015q3/bin/../lib/gcc/arm-none-eabi/4.9.3/../../../../arm-none-eabi/lib/armv7e-m/softfp/crt0.o
 .ARM.attributes
                0x00000074       0x37 ./keys_driver.o
 .ARM.attributes
                0x000000ab       0x37 ./main.o
 .ARM.attributes
                0x000000e2       0x37 ./pulse_train.o
 .ARM.attributes
                0x00000119       0x37 ./rtos.o
 .ARM.attributes
                0x00000150       0x37 ./rtos_pipe.o
 .ARM.attributes
                0x00000187       0x37 ./rtos_sched.o
 .ARM.attributes
                0x000001be       0x37 ./rtos_task.o
 .ARM.attributes
                0x000001f5       0x37 ./system_TM4C123.o
 .ARM.attributes
                0x0000022c       0x37 ./three_axes.o
 .ARM.attributes
                0x00000263       0x37 ./tm4c123gh6pm_startup_ccs_gcc.o
 .ARM.attributes
                0x0000029a       0x37 ./uart_driver.o
 .ARM.attributes
                0x000002d1       0x37 ./x_axis.o
 .ARM.attributes
                0x00000308       0x37 ./y_axis.o
 .ARM.attributes
                0x0000033f       0x37 ./z_axis.o
 .ARM.attributes
                0x00000376       0x32 c:/ti/ccsv6/tools/compiler/gcc-arm-none-eabi-4_9-2015q3/bin/../lib/gcc/arm-none-eabi/4.9.3/../../../../arm-none-eabi/lib/armv7e-m/softfp\libc.a(lib_a-exit.o)
 .ARM.attributes
                0x000003a8       0x32 c:/ti/ccsv6/tools/compiler/gcc-arm-none-eabi-4_9-2015q3/bin/../lib/gcc/arm-none-eabi/4.9.3/../../../../arm-none-eabi/lib/armv7e-m/softfp\libc.a(lib_a-impure.o)
 .ARM.attributes
                0x000003da       0x32 c:/ti/ccsv6/tools/compiler/gcc-arm-none-eabi-4_9-2015q3/bin/../lib/gcc/arm-none-eabi/4.9.3/../../../../arm-none-eabi/lib/armv7e-m/softfp\libc.a(lib_a-init.o)
 .ARM.attributes
                0x0000040c       0x32 c:/ti/ccsv6/tools/compiler/gcc-arm-none-eabi-4_9-2015q3/bin/../lib/gcc/arm-none-eabi/4.9.3/../../../../arm-none-eabi/lib/armv7e-m/softfp\libc.a(lib_a-malloc.o)
 .ARM.attributes
                0x0000043e       0x32 c:/ti/ccsv6/tools/compiler/gcc-arm-none-eabi-4_9-2015q3/bin/../lib/gcc/arm-none-eabi/4.9.3/../../../../arm-none-eabi/lib/armv7e-m/softfp\libc.a(lib_a-mallocr.o)
 .ARM.attributes
                0x00000470       0x32 c:/ti/ccsv6/tools/compiler/gcc-arm-none-eabi-4_9-2015q3/bin/../lib/gcc/arm-none-eabi/4.9.3/../../../../arm-none-eabi/lib/armv7e-m/softfp\libc.a(lib_a-memset.o)
 .ARM.attributes
                0x000004a2       0x32 c:/ti/ccsv6/tools/compiler/gcc-arm-none-eabi-4_9-2015q3/bin/../lib/gcc/arm-none-eabi/4.9.3/../../../../arm-none-eabi/lib/armv7e-m/softfp\libc.a(lib_a-mlock.o)
 .ARM.attributes
                0x000004d4       0x32 c:/ti/ccsv6/tools/compiler/gcc-arm-none-eabi-4_9-2015q3/bin/../lib/gcc/arm-none-eabi/4.9.3/../../../../arm-none-eabi/lib/armv7e-m/softfp\libc.a(lib_a-sbrkr.o)
 .ARM.attributes